Archive member included to satisfy reference by file (symbol)

d:/devkitPro/libnds/lib\libdswifi9.a(wifi_arm9.o)
                              httpget.o (Wifi_GetIP)
d:/devkitPro/libnds/lib\libdswifi9.a(sgIP_sockets.o)
                              httpget.o (socket)
d:/devkitPro/libnds/lib\libdswifi9.a(sgIP_memblock.o)
                              d:/devkitPro/libnds/lib\libdswifi9.a(wifi_arm9.o) (sgIP_memblock_allocHW)
d:/devkitPro/libnds/lib\libdswifi9.a(sgIP_TCP.o)
                              d:/devkitPro/libnds/lib\libdswifi9.a(sgIP_sockets.o) (sgIP_TCP_AllocRecord)
d:/devkitPro/libnds/lib\libdswifi9.a(sgIP_Hub.o)
                              d:/devkitPro/libnds/lib\libdswifi9.a(wifi_arm9.o) (sgIP_Hub_AddHardwareInterface)
d:/devkitPro/libnds/lib\libdswifi9.a(sgIP_DNS.o)
                              d:/devkitPro/libnds/lib\libdswifi9.a(wifi_arm9.o) (sgIP_DNS_GetUnusedRecord)
d:/devkitPro/libnds/lib\libdswifi9.a(spinlock.o)
                              d:/devkitPro/libnds/lib\libdswifi9.a(wifi_arm9.o) (SLasm_Acquire)
d:/devkitPro/libnds/lib\libdswifi9.a(sgIP_DHCP.o)
                              d:/devkitPro/libnds/lib\libdswifi9.a(wifi_arm9.o) (sgIP_DHCP_Start)
d:/devkitPro/libnds/lib\libdswifi9.a(sgIP_UDP.o)
                              d:/devkitPro/libnds/lib\libdswifi9.a(sgIP_sockets.o) (sgIP_UDP_AllocRecord)
d:/devkitPro/libnds/lib\libdswifi9.a(sgIP.o)
                              d:/devkitPro/libnds/lib\libdswifi9.a(wifi_arm9.o) (sgIP_Init)
d:/devkitPro/libnds/lib\libdswifi9.a(sgIP_ARP.o)
                              d:/devkitPro/libnds/lib\libdswifi9.a(sgIP.o) (sgIP_ARP_Init)
d:/devkitPro/libnds/lib\libdswifi9.a(sgIP_IP.o)
                              d:/devkitPro/libnds/lib\libdswifi9.a(sgIP.o) (sgIP_IP_ReceivePacket)
d:/devkitPro/libnds/lib\libdswifi9.a(sgIP_ICMP.o)
                              d:/devkitPro/libnds/lib\libdswifi9.a(sgIP_IP.o) (sgIP_ICMP_ReceivePacket)
d:/devkitPro/libnds/lib\libnds9.a(console.o)
                              httpget.o (consoleDemoInit)
d:/devkitPro/libnds/lib\libnds9.a(background.o)
                              d:/devkitPro/libnds/lib\libnds9.a(console.o) (bgState)
d:/devkitPro/libnds/lib\libnds9.a(initSystem.o)
                              d:/devkitpro/devkitarm/bin/../lib/gcc/arm-none-eabi/4.9.2/../../../../arm-none-eabi/lib/thumb/ds_arm9_crt0.o (initSystem)
d:/devkitPro/libnds/lib\libnds9.a(fifosystem.o)
                              d:/devkitPro/libnds/lib\libdswifi9.a(wifi_arm9.o) (fifoSetValue32Handler)
d:/devkitPro/libnds/lib\libnds9.a(libnds_exit.arm.o)
                              d:/devkitpro/devkitarm/bin/../lib/gcc/arm-none-eabi/4.9.2/../../../../arm-none-eabi/lib/thumb/ds_arm9_crt0.o (__libnds_exit)
d:/devkitPro/libnds/lib\libnds9.a(interrupts.o)
                              d:/devkitPro/libnds/lib\libdswifi9.a(wifi_arm9.o) (irqSet)
d:/devkitPro/libnds/lib\libnds9.a(dcache.o)
                              d:/devkitPro/libnds/lib\libdswifi9.a(wifi_arm9.o) (DC_FlushAll)
d:/devkitPro/libnds/lib\libnds9.a(mpu_setup.o)
                              d:/devkitpro/devkitarm/bin/../lib/gcc/arm-none-eabi/4.9.2/../../../../arm-none-eabi/lib/thumb/ds_arm9_crt0.o (__libnds_mpu_setup)
d:/devkitPro/libnds/lib\libnds9.a(swiSoftReset.o)
                              d:/devkitPro/libnds/lib\libnds9.a(fifosystem.o) (swiSoftReset)
d:/devkitPro/libnds/lib\libnds9.a(debugprint.o)
                              d:/devkitPro/libnds/lib\libnds9.a(console.o) (nocashWrite)
d:/devkitPro/libnds/lib\libnds9.a(biosCalls.o)
                              d:/devkitPro/libnds/lib\libnds9.a(fifosystem.o) (swiIntrWait)
d:/devkitPro/libnds/lib\libnds9.a(interruptDispatcher.o)
                              d:/devkitPro/libnds/lib\libnds9.a(interrupts.o) (IntrMain)
d:/devkitPro/libnds/lib\libnds9.a(default_font.bin.o)
                              d:/devkitPro/libnds/lib\libnds9.a(console.o) (default_font_bin)
d:/devkitPro/libnds/lib\libnds9.a(trig.o)
                              d:/devkitPro/libnds/lib\libnds9.a(background.o) (sinLerp)
d:/devkitPro/libnds/lib\libnds9.a(system.o)
                              d:/devkitPro/libnds/lib\libnds9.a(initSystem.o) (systemValueHandler)
d:/devkitPro/libnds/lib\libnds9.a(video.o)
                              d:/devkitPro/libnds/lib\libnds9.a(initSystem.o) (vramDefault)
d:/devkitPro/libnds/lib\libnds9.a(timeSupport.o)
                              d:/devkitPro/libnds/lib\libnds9.a(initSystem.o) (__libnds_gtod)
d:/devkitpro/devkitarm/bin/../lib/gcc/arm-none-eabi/4.9.2/thumb\libgcc.a(_thumb1_case_uqi.o)
                              d:/devkitPro/libnds/lib\libdswifi9.a(wifi_arm9.o) (__gnu_thumb1_case_uqi)
d:/devkitpro/devkitarm/bin/../lib/gcc/arm-none-eabi/4.9.2/thumb\libgcc.a(_thumb1_case_uhi.o)
                              d:/devkitPro/libnds/lib\libdswifi9.a(wifi_arm9.o) (__gnu_thumb1_case_uhi)
d:/devkitpro/devkitarm/bin/../lib/gcc/arm-none-eabi/4.9.2/thumb\libgcc.a(_udivsi3.o)
[...]
Memory Configuration

Name             Origin             Length             Attributes
rom              0x08000000         0x02000000
ewram            0x02000000         0x003ff000
dtcm             0x0b000000         0x00004000
vectors          0x01000000         0x00000100
itcm             0x01000100         0x00007f00
*default*        0x00000000         0xffffffff

Linker script and memory map

                0x01000000                __vectors_start = ORIGIN (vectors)
                0x01000100                __itcm_start = ORIGIN (itcm)
                0x023ff000                __ewram_end = (ORIGIN (ewram) + 0x3ff000)
                0x023ff000                __eheap_end = (ORIGIN (ewram) + 0x3ff000)
                0x0b000000                __dtcm_start = ORIGIN (dtcm)
                0x0b004000                __dtcm_top = (ORIGIN (dtcm) + 0x4000)
                0x0b003ff8                __irq_flags = (__dtcm_top - 0x8)
                0x0b003ffc                __irq_vector = (__dtcm_top - 0x4)
                0x0b003f00                __sp_svc = (__dtcm_top - 0x100)
                0x0b003e00                __sp_irq = (__sp_svc - 0x100)
                0x0b003d00                __sp_usr = (__sp_irq - 0x100)

.init           0x02000000      0x23c
                0x02000000                __text_start = .
 *(.init)
 .init          0x02000000      0x230 d:/devkitpro/devkitarm/bin/../lib/gcc/arm-none-eabi/4.9.2/../../../../arm-none-eabi/lib/thumb/ds_arm9_crt0.o
                0x02000000                _start
 .init          0x02000230        0x4 d:/devkitpro/devkitarm/bin/../lib/gcc/arm-none-eabi/4.9.2/thumb/crti.o
                0x02000230                _init
 .init          0x02000234        0x8 d:/devkitpro/devkitarm/bin/../lib/gcc/arm-none-eabi/4.9.2/thumb/crtn.o
                0x0200023c                . = ALIGN (0x4)

.plt
 *(.plt)

.text           0x02000240    0x14460
 *(EXCLUDE_FILE(*.itcm*) .text)
 .text          0x02000240       0xd4 d:/devkitpro/devkitarm/bin/../lib/gcc/arm-none-eabi/4.9.2/thumb/crtbegin.o
 .text          0x02000314       0x90 httpget.o
                0x02000314                print_ip
                0x02000344                getHttp
 .text          0x020003a4     0x1064 d:/devkitPro/libnds/lib\libdswifi9.a(wifi_arm9.o)
                0x020003a4                Wifi_Interface_Init
                0x020003f0                arm9_synctoarm7
                0x020003fc                sgIP_IntrWaitEvent
                0x020003fe                wHeapAllocInit
                0x02000428                wHeapAlloc
                0x020004c8                wHeapFree
                0x020004e4                sgIP_malloc
                0x020004ec                sgIP_free
                0x020004f4                ethhdr_print
                0x020004f6                erasemem
                0x0200050a                Wifi_CopyMacAddr
                0x02000518                Wifi_CmpMacAddr
                0x0200053a                Wifi_TxBufferWordsAvailable
                0x02000560                Wifi_TxBufferWrite
                0x020005ac                Wifi_TransmitFunction
                0x020007b8                Wifi_RxRawReadPacket
                0x02000820                Wifi_RxReadOffset
                0x0200084c                Wifi_RawTxFrame
                0x0200090c                Wifi_RawSetPacketHandler
                0x02000918                Wifi_SetSyncHandler
                0x02000924                Wifi_DisableWifi
                0x0200093c                Wifi_EnableWifi
                0x02000950                Wifi_SetPromiscuousMode
                0x0200096c                Wifi_ScanMode
                0x02000984                Wifi_SetChannel
                0x020009a8                Wifi_GetNumAP
                0x020009d0                Wifi_GetAPData
                0x02000a64                Wifi_FindMatchingAP
                0x02000b22                Wifi_AutoConnect
                0x02000b48                Wifi_DisconnectAP
                0x02000b6c                Wifi_ConnectAP
                0x02000c70                Wifi_Init
                0x02000cec                Wifi_CheckInit
                0x02000d0c                Wifi_Update
                0x02000f44                Wifi_Timer
                0x02000f54                Timer_50ms
                0x02000f5e                Wifi_GetIP
                0x02000f70                Wifi_GetIPInfo
                0x02000fa8                Wifi_SetIP
                0x02000fcc                Wifi_AssocStatus
                0x020012d0                Wifi_SetDHCP
                0x020012d2                Wifi_GetData
                0x02001330                Wifi_GetStats
                0x02001350                Wifi_Sync
                0x0200136c                wifiValue32Handler
                0x02001378                Wifi_InitDefault
 .text          0x02001408      0xba4 d:/devkitPro/libnds/lib\libdswifi9.a(sgIP_sockets.o)
                0x02001408                sgIP_sockets_Init
                0x02001428                spawn_socket
                0x0200147c                kill_socket
                0x020014b0                socket
                0x02001540                forceclosesocket
                0x0200159c                sgIP_sockets_Timer1000ms
                0x020015ec                bind
                0x0200164c                connect
                0x02001700                send
                0x02001798                recv
                0x02001830                sendto
                0x020018a8                recvfrom
                0x02001958                listen
                0x020019b8                accept
                0x02001a98                shutdown
                0x02001af4                closesocket
                0x02001b8c                ioctl
                0x02001c40                setsockopt
                0x02001c44                getsockopt
                0x02001c48                getpeername
                0x02001cd4                getsockname
                0x02001d68                gethostbyname
                0x02001d70                select
 .text          0x02001fac      0x208 d:/devkitPro/libnds/lib\libdswifi9.a(sgIP_memblock.o)
                0x02001fac                sgIP_memblock_Init
                0x02001fae                sgIP_memblock_allocHW
                0x02001fd2                sgIP_memblock_alloc
                0x02001fde                sgIP_memblock_free
                0x02002008                sgIP_memblock_exposeheader
                0x0200202e                sgIP_memblock_trimsize
                0x0200205e                sgIP_memblock_IPChecksum
                0x020020f8                sgIP_memblock_CopyToLinear
                0x02002154                sgIP_memblock_CopyFromLinear
                0x020021b0                sgIP_memblock_CopyBlock
 .text          0x020021b4      0xf08 d:/devkitPro/libnds/lib\libdswifi9.a(sgIP_TCP.o)
                0x020021b4                sgIP_TCP_Init
                0x020021e8                sgIP_TCP_support_seqhash
                0x02002238                sgIP_TCP_GetUnusedOutgoingPort
                0x02002298                sgIP_TCP_CalcChecksum
                0x020022f0                sgIP_TCP_GenHeader
                0x02002398                sgIP_TCP_FixChecksum
                0x020023f4                sgIP_TCP_SendPacket
                0x020024b4                sgIP_TCP_SendSynReply
                0x02002554                sgIP_TCP_Timer
                0x02002708                sgIP_TCP_AllocRecord
                0x02002750                sgIP_TCP_ReceivePacket
                0x02002c78                sgIP_TCP_FreeRecord
                0x02002d40                sgIP_TCP_Bind
                0x02002d68                sgIP_TCP_Listen
                0x02002dbc                sgIP_TCP_Accept
                0x02002e3c                sgIP_TCP_Close
                0x02002e6c                sgIP_TCP_Connect
                0x02002ee8                sgIP_TCP_Send
                0x02002fd8                sgIP_TCP_Recv
 .text          0x020030bc      0x1e0 d:/devkitPro/libnds/lib\libdswifi9.a(sgIP_Hub.o)
                0x020030bc                sgIP_Hub_Init
                0x020030d0                sgIP_Hub_AddProtocolInterface
                0x02003110                sgIP_Hub_AddHardwareInterface
                0x0200314c                sgIP_Hub_RemoveProtocolInterface
                0x02003168                sgIP_Hub_RemoveHardwareInterface
                0x02003184                sgIP_Hub_ReceiveHardwarePacket
                0x020031dc                sgIP_Hub_SendProtocolPacket
                0x02003220                sgIP_Hub_SendRawPacket
                0x02003244                sgIP_Hub_IPMaxMessageSize
                0x0200324c                sgIP_Hub_GetCompatibleIP
                0x02003260                sgIP_Hub_GetDefaultInterface
                0x02003274                htons
                0x02003280                htonl
 .text          0x0200329c      0x8fc d:/devkitPro/libnds/lib\libdswifi9.a(sgIP_DNS.o)
                0x0200330c                sgIP_DNS_Init
                0x0200334c                sgIP_DNS_Timer1000ms
                0x0200339c                sgIP_DNS_isipaddress
                0x02003538                sgIP_DNS_FindDNSRecord
                0x02003610                sgIP_DNS_GetUnusedRecord
                0x020036a8                sgIP_DNS_GenerateHostent
                0x02003758                sgIP_DNS_CopyAliasAt
                0x020037b0                sgIP_DNS_gethostbyname
                0x02003b5c                inet_addr
                0x02003b72                inet_aton
                0x02003b88                inet_ntoa
 .text          0x02003b98       0x5c d:/devkitPro/libnds/lib\libdswifi9.a(spinlock.o)
                0x02003b98                SLasm_Acquire
                0x02003bcc                SLasm_Release
 .text          0x02003bf4      0x7f4 d:/devkitPro/libnds/lib\libdswifi9.a(sgIP_DHCP.o)
                0x02003bf4                sgIP_DHCP_Init
                0x02003c34                sgIP_DHCP_SetHostName
                0x02003c50                sgIP_DHCP_IsDhcpIp
                0x02003c60                sgIP_DHCP_SendDgram
                0x02003cd0                sgIP_DHCP_BeginDgram
                0x02003eac                sgIP_DHCP_Terminate
                0x02003ee4                sgIP_DHCP_Start
                0x02003fa4                sgIP_DHCP_Release
                0x02003fd8                sgIP_DHCP_Update
                0x02004350                gethostname
                0x02004384                sethostname
 .text          0x020043e8      0x3c4 d:/devkitPro/libnds/lib\libdswifi9.a(sgIP_UDP.o)
                0x020043e8                sgIP_UDP_Init
                0x02004404                sgIP_UDP_GetUnusedOutgoingPort
                0x02004458                sgIP_UDP_CalcChecksum
                0x020044c0                sgIP_UDP_ReceivePacket
                0x0200455c                sgIP_UDP_SendPacket
                0x02004624                sgIP_UDP_AllocRecord
                0x0200465c                sgIP_UDP_FreeRecord
                0x020046a8                sgIP_UDP_Bind
                0x020046e0                sgIP_UDP_RecvFrom
                0x0200479c                sgIP_UDP_SendTo
 .text          0x020047ac       0xa8 d:/devkitPro/libnds/lib\libdswifi9.a(sgIP.o)
                0x020047ac                sgIP_Init
                0x020047e8                sgIP_Timer
 .text          0x02004854      0x564 d:/devkitPro/libnds/lib\libdswifi9.a(sgIP_ARP.o)
                0x02004854                sgIP_FindArpSlot
                0x02004888                sgIP_GetArpSlot
                0x020048d4                sgIP_is_broadcast_address
                0x020048e2                sgIP_ARP_Check_isok
                0x020048e6                sgIP_ARP_Init
                0x02004908                sgIP_ARP_FlushInterface
                0x02004934                sgIP_ARP_ProcessIPFrame
                0x02004938                sgIP_ARP_SendARPResponse
                0x02004a04                sgIP_ARP_SendGratARP
                0x02004ad4                sgIP_ARP_SendARPRequest
                0x02004b9c                sgIP_ARP_Timer100ms
                0x02004bf4                sgIP_ARP_SendProtocolFrame
                0x02004ce4                sgIP_ARP_ProcessARPFrame
 .text          0x02004db8      0x128 d:/devkitPro/libnds/lib\libdswifi9.a(sgIP_IP.o)
                0x02004db8                sgIP_IP_ReceivePacket
                0x02004e50                sgIP_IP_MaxContentsSize
                0x02004e5a                sgIP_IP_RequiredHeaderSize
                0x02004e5e                sgIP_IP_SendViaIP
                0x02004ed0                sgIP_IP_GetLocalBindAddr
 .text          0x02004ee0       0x64 d:/devkitPro/libnds/lib\libdswifi9.a(sgIP_ICMP.o)
                0x02004ee0                sgIP_ICMP_Init
                0x02004ee2                sgIP_ICMP_ReceivePacket
 .text          0x02004f44      0xa30 d:/devkitPro/libnds/lib\libnds9.a(console.o)
                0x02004ff4                nocash_write
                0x02005004                consoleGetDefault
                0x02005010                consoleSelect
                0x02005020                consoleDebugInit
                0x02005070                consolePrintChar
                0x02005250                consoleLoadFont
                0x020054cc                consoleSetFont
                0x020054ec                consoleInit
                0x02005654                consoleDemoInit
                0x02005698                con_write
                0x02005944                consoleClear
                0x02005954                consoleSetWindow
 .text          0x02005974      0x350 d:/devkitPro/libnds/lib\libnds9.a(background.o)
                0x020059b0                bgIsText
                0x020059bc                checkIfText
                0x020059e4                bgUpdate
                0x02005ad4                bgInit_call
                0x02005bc4                bgInitSub_call
 .text          0x02005cc4      0x148 d:/devkitPro/libnds/lib\libnds9.a(initSystem.o)
                0x02005cc4                initSystem
 .text          0x02005e0c      0xce8 d:/devkitPro/libnds/lib\libnds9.a(fifosystem.o)
                0x02006060                fifoSetValue32Handler
                0x020060d4                fifoSendAddress
                0x0200610c                fifoSendValue32
                0x0200615c                fifoSendDatamsg
                0x020061ec                fifoGetAddress
                0x02006258                fifoSetAddressHandler
                0x020062cc                fifoGetValue32
                0x020062e0                fifoGetDatamsg
                0x020067f4                fifoSetDatamsgHandler
                0x0200688c                fifoCheckAddress
                0x020068b0                fifoCheckDatamsg
                0x020068d4                fifoCheckDatamsgLength
                0x02006904                fifoCheckValue32
                0x02006928                fifoInit
 *fill*         0x02006af4        0x4 ff
 .text          0x02006af8       0x60 d:/devkitPro/libnds/lib\libnds9.a(libnds_exit.arm.o)
                0x02006af8                systemErrorExit
                0x02006afc                __libnds_exit
 .text          0x02006b58      0x1e8 d:/devkitPro/libnds/lib\libnds9.a(interrupts.o)
                0x02006b58                irqDummy
                0x02006b5c                irqSet
                0x02006bc8                irqInit
                0x02006c14                irqInitHandler
                0x02006c40                irqEnable
                0x02006ca4                irqDisable
                0x02006d08                irqClear
 .text          0x02006d40       0x88 d:/devkitPro/libnds/lib\libnds9.a(dcache.o)
                0x02006d40                DC_FlushAll
                0x02006d6c                DC_FlushRange
                0x02006d90                DC_InvalidateAll
                0x02006d9c                DC_InvalidateRange
 .text          0x02006dc8      0x1b4 d:/devkitPro/libnds/lib\libnds9.a(mpu_setup.o)
                0x02006dc8                __libnds_mpu_setup
                0x02006f08                memCached
                0x02006f20                memUncached
 *fill*         0x02006f7c        0x4 ff
 .text          0x02006f80       0x30 d:/devkitPro/libnds/lib\libnds9.a(swiSoftReset.o)
                0x02006f80                swiSoftReset
 .text          0x02006fb0       0xa4 d:/devkitPro/libnds/lib\libnds9.a(debugprint.o)
                0x02006fb0                nocashWrite
                0x02006fb2                nocashMessage
 *fill*         0x02007054        0xc ff
 .text          0x02007060       0x70 d:/devkitPro/libnds/lib\libnds9.a(biosCalls.o)
                0x02007060                swiDelay
                0x02007064                swiIntrWait
                0x02007068                swiWaitForVBlank
                0x0200706c                swiSleep
                0x02007070                swiChangeSoundBias
                0x02007074                swiDivide
                0x02007078                swiRemainder
                0x0200707e                swiDivMod
                0x0200708a                swiCopy
                0x0200708e                swiFastCopy
                0x02007092                swiSqrt
                0x02007096                swiCRC16
                0x0200709a                swiIsDebugger
                0x0200709e                swiUnpackBits
                0x020070a2                swiDecompressLZSSWram
                0x020070a6                swiDecompressLZSSVramNTR
                0x020070aa                swiDecompressLZSSVramTWL
                0x020070ae                swiDecompressHuffman
                0x020070b2                swiDecompressRLEWram
                0x020070b6                swiDecompressRLEVram
                0x020070ba                swiWaitForIRQ
                0x020070be                swiDecodeDelta8
                0x020070c2                swiDecodeDelta16
                0x020070c6                swiSetHaltCR
 .text          0x020070d0      0x2a0 d:/devkitPro/libnds/lib\libnds9.a(trig.o)
                0x020070d0                asinComp
                0x020070f4                sinLutLookup
                0x0200712c                sinLerp
                0x020071c8                cosLerp
                0x020071dc                tanLutLookup
                0x02007214                tanLerp
                0x020072bc                asinLerp
                0x02007338                acosLerp
                0x0200734c                atanComp
 .text          0x02007370      0x140 d:/devkitPro/libnds/lib\libnds9.a(system.o)
                0x02007370                setSDcallback
                0x0200737c                systemValueHandler
                0x020073c4                systemMsgHandler
                0x02007414                systemSleep
                0x0200742c                powerOn
                0x02007458                powerOff
                0x02007480                ledBlink
                0x02007490                getBatteryLevel
 .text          0x020074b0      0x1bc d:/devkitPro/libnds/lib\libnds9.a(video.o)
                0x020074b0                vramSetMainBanks
                0x020074f4                vramSetPrimaryBanks
                0x020074fc                vramSetBanks_EFG
                0x02007534                vramRestorePrimaryBanks
                0x02007540                vramRestoreMainBanks
                0x0200754c                vramRestoreBanks_EFG
                0x02007558                setBrightness
                0x02007598                vramDefault
 .text          0x0200766c       0x24 d:/devkitPro/libnds/lib\libnds9.a(timeSupport.o)
                0x0200766c                __libnds_gtod
 .text          0x02007690       0x14 d:/devkitpro/devkitarm/bin/../lib/gcc/arm-none-eabi/4.9.2/thumb\libgcc.a(_thumb1_case_uqi.o)
                0x02007690                __gnu_thumb1_case_uqi
 .text          0x020076a4       0x14 d:/devkitpro/devkitarm/bin/../lib/gcc/arm-none-eabi/4.9.2/thumb\libgcc.a(_thumb1_case_uhi.o)
                0x020076a4                __gnu_thumb1_case_uhi
 .text          0x020076b8      0x11c d:/devkitpro/devkitarm/bin/../lib/gcc/arm-none-eabi/4.9.2/thumb\libgcc.a(_udivsi3.o)
                0x020076b8                __aeabi_uidiv
                0x020076b8                __udivsi3
                0x020077b4                __aeabi_uidivmod
 .text          0x020077d4      0x150 d:/devkitpro/devkitarm/bin/../lib/gcc/arm-none-eabi/4.9.2/thumb\libgcc.a(_divsi3.o)
                0x020077d4                __divsi3
                0x020077d4                __aeabi_idiv
                0x02007904                __aeabi_idivmod
 .text          0x02007924        0x4 d:/devkitpro/devkitarm/bin/../lib/gcc/arm-none-eabi/4.9.2/thumb\libgcc.a(_dvmd_tls.o)
                0x02007924                __aeabi_idiv0
                0x02007924                __aeabi_ldiv0
 .text          0x02007928      0x224 d:/devkitpro/devkitarm/bin/../lib/gcc/arm-none-eabi/4.9.2/../../../../arm-none-eabi/lib/thumb\libg.a(lib_a-strcmp.o)
                0x02007928                strcmp
 .text          0x02007b4c       0x54 d:/devkitpro/devkitarm/bin/../lib/gcc/arm-none-eabi/4.9.2/../../../../arm-none-eabi/lib/thumb\libsysbase.a(close.o)
                0x02007b4c                _close_r
 .text          0x02007ba0       0x44 d:/devkitpro/devkitarm/bin/../lib/gcc/arm-none-eabi/4.9.2/../../../../arm-none-eabi/lib/thumb\libsysbase.a(fstat.o)
                0x02007ba0                _fstat_r
 .text          0x02007be4        0x4 d:/devkitpro/devkitarm/bin/../lib/gcc/arm-none-eabi/4.9.2/../../../../arm-none-eabi/lib/thumb\libsysbase.a(isatty.o)
                0x02007be4                _isatty_r
 .text          0x02007be8       0x48 d:/devkitpro/devkitarm/bin/../lib/gcc/arm-none-eabi/4.9.2/../../../../arm-none-eabi/lib/thumb\libsysbase.a(lseek.o)
                0x02007be8                _lseek_r
 .text          0x02007c30       0x48 d:/devkitpro/devkitarm/bin/../lib/gcc/arm-none-eabi/4.9.2/../../../../arm-none-eabi/lib/thumb\libsysbase.a(read.o)
                0x02007c30                _read_r
 .text          0x02007c78       0x54 d:/devkitpro/devkitarm/bin/../lib/gcc/arm-none-eabi/4.9.2/../../../../arm-none-eabi/lib/thumb\libsysbase.a(sbrk.o)
                0x02007c78                _sbrk_r
 .text          0x02007ccc       0x48 d:/devkitpro/devkitarm/bin/../lib/gcc/arm-none-eabi/4.9.2/../../../../arm-none-eabi/lib/thumb\libsysbase.a(write.o)
                0x02007ccc                _write_r
 .text          0x02007d14       0x50 d:/devkitpro/devkitarm/bin/../lib/gcc/arm-none-eabi/4.9.2/../../../../arm-none-eabi/lib/thumb\libsysbase.a(build_argv.o)
                0x02007d14                build_argv
 .text          0x02007d64        0x8 d:/devkitpro/devkitarm/bin/../lib/gcc/arm-none-eabi/4.9.2/../../../../arm-none-eabi/lib/thumb\libsysbase.a(flock.o)
                0x02007d64                __flockfile
                0x02007d68                __funlockfile
 .text          0x02007d6c      0x1a4 d:/devkitpro/devkitarm/bin/../lib/gcc/arm-none-eabi/4.9.2/../../../../arm-none-eabi/lib/thumb\libsysbase.a(handle_manager.o)
                0x02007d6c                __free_handle
                0x02007da0                __release_handle
                0x02007dc8                __alloc_handle
                0x02007e0c                __get_handle
                0x02007e28                dup
                0x02007e80                dup2
 .text          0x02007f10       0x28 d:/devkitpro/devkitarm/bin/../lib/gcc/arm-none-eabi/4.9.2/../../../../arm-none-eabi/lib/thumb\libsysbase.a(getreent.o)
                0x02007f10                __getreent
 .text          0x02007f38      0x41c d:/devkitpro/devkitarm/bin/../lib/gcc/arm-none-eabi/4.9.2/thumb\libgcc.a(_arm_addsubdf3.o)
                0x02007f38                __aeabi_drsub
                0x02007f40                __aeabi_dsub
                0x02007f40                __subdf3
                0x02007f44                __aeabi_dadd
                0x02007f44                __adddf3
                0x02008254                __floatunsidf
                0x02008254                __aeabi_ui2d
                0x02008278                __floatsidf
                0x02008278                __aeabi_i2d
                0x020082a0                __aeabi_f2d
                0x020082a0                __extendsfdf2
                0x020082e0                __floatundidf
                0x020082e0                __aeabi_ul2d
                0x020082f4                __floatdidf
                0x020082f4                __aeabi_l2d
 .text          0x02008354      0x49c d:/devkitpro/devkitarm/bin/../lib/gcc/arm-none-eabi/4.9.2/thumb\libgcc.a(_arm_muldivdf3.o)
                0x02008354                __aeabi_dmul
                0x02008354                __muldf3
                0x020085e4                __divdf3
                0x020085e4                __aeabi_ddiv
 .text          0x020087f0      0x144 d:/devkitpro/devkitarm/bin/../lib/gcc/arm-none-eabi/4.9.2/thumb\libgcc.a(_arm_cmpdf2.o)
                0x020087f0                __gtdf2
                0x020087f0                __gedf2
                0x020087f8                __ltdf2
                0x020087f8                __ledf2
                0x02008800                __nedf2
                0x02008800                __eqdf2
                0x02008800                __cmpdf2
                0x02008888                __aeabi_cdrcmple
                0x020088a4                __aeabi_cdcmpeq
                0x020088a4                __aeabi_cdcmple
                0x020088bc                __aeabi_dcmpeq
                0x020088d4                __aeabi_dcmplt
                0x020088ec                __aeabi_dcmple
                0x02008904                __aeabi_dcmpge
                0x0200891c                __aeabi_dcmpgt
 .text          0x02008934       0x5c d:/devkitpro/devkitarm/bin/../lib/gcc/arm-none-eabi/4.9.2/thumb\libgcc.a(_arm_fixdfsi.o)
                0x02008934                __aeabi_d2iz
                0x02008934                __fixdfsi
 .text          0x02008990       0x3c d:/devkitpro/devkitarm/bin/../lib/gcc/arm-none-eabi/4.9.2/thumb\libgcc.a(_aeabi_uldivmod.o)
                0x02008990                __aeabi_uldivmod
 .text          0x020089cc       0x60 d:/devkitpro/devkitarm/bin/../lib/gcc/arm-none-eabi/4.9.2/thumb\libgcc.a(_muldi3.o)
                0x020089cc                __muldi3
                0x020089cc                __aeabi_lmul
 .text          0x02008a2c       0x74 d:/devkitpro/devkitarm/bin/../lib/gcc/arm-none-eabi/4.9.2/thumb\libgcc.a(bpabi.o)
                0x02008a2c                __gnu_ldivmod_helper
                0x02008a68                __gnu_uldivmod_helper
 .text          0x02008aa0      0x1f4 d:/devkitpro/devkitarm/bin/../lib/gcc/arm-none-eabi/4.9.2/thumb\libgcc.a(_divdi3.o)
                0x02008aa0                __divdi3
 .text          0x02008c94      0x15c d:/devkitpro/devkitarm/bin/../lib/gcc/arm-none-eabi/4.9.2/thumb\libgcc.a(_udivdi3.o)
                0x02008c94                __udivdi3
 .text          0x02008df0       0x28 d:/devkitpro/devkitarm/bin/../lib/gcc/arm-none-eabi/4.9.2/thumb\libgcc.a(_clzdi2.o)
                0x02008df0                __clzdi2
 .text          0x02008e18       0x48 d:/devkitpro/devkitarm/bin/../lib/gcc/arm-none-eabi/4.9.2/thumb\libgcc.a(_clzsi2.o)
                0x02008e18                __clzsi2
 *(.text.*)
 .text.startup  0x02008e60       0xec httpget.o
                0x02008e60                main
 .text.bsearch  0x02008f4c       0x64 d:/devkitpro/devkitarm/bin/../lib/gcc/arm-none-eabi/4.9.2/../../../../arm-none-eabi/lib/thumb\libg.a(lib_a-bsearch.o)
                0x02008f4c                bsearch
 .text.__errno  0x02008fb0        0xc d:/devkitpro/devkitarm/bin/../lib/gcc/arm-none-eabi/4.9.2/../../../../arm-none-eabi/lib/thumb\libg.a(lib_a-errno.o)
                0x02008fb0                __errno
 .text.__libc_init_array
                0x02008fbc       0x58 d:/devkitpro/devkitarm/bin/../lib/gcc/arm-none-eabi/4.9.2/../../../../arm-none-eabi/lib/thumb\libg.a(lib_a-init.o)
                0x02008fbc                __libc_init_array
 .text.iprintf  0x02009014       0x24 d:/devkitpro/devkitarm/bin/../lib/gcc/arm-none-eabi/4.9.2/../../../../arm-none-eabi/lib/thumb\libg.a(lib_a-iprintf.o)
                0x02009014                iprintf
 .text.malloc   0x02009038       0x14 d:/devkitpro/devkitarm/bin/../lib/gcc/arm-none-eabi/4.9.2/../../../../arm-none-eabi/lib/thumb\libg.a(lib_a-malloc.o)
                0x02009038                malloc
 .text.free     0x0200904c       0x14 d:/devkitpro/devkitarm/bin/../lib/gcc/arm-none-eabi/4.9.2/../../../../arm-none-eabi/lib/thumb\libg.a(lib_a-malloc.o)
                0x0200904c                free
 .text._malloc_r
                0x02009060      0x54c d:/devkitpro/devkitarm/bin/../lib/gcc/arm-none-eabi/4.9.2/../../../../arm-none-eabi/lib/thumb\libg.a(lib_a-mallocr.o)
                0x02009060                _malloc_r
 .text.memcpy   0x020095ac       0x84 d:/devkitpro/devkitarm/bin/../lib/gcc/arm-none-eabi/4.9.2/../../../../arm-none-eabi/lib/thumb\libg.a(lib_a-memcpy.o)
                0x020095ac                memcpy
 .text.memset   0x02009630       0x98 d:/devkitpro/devkitarm/bin/../lib/gcc/arm-none-eabi/4.9.2/../../../../arm-none-eabi/lib/thumb\libg.a(lib_a-memset.o)
                0x02009630                memset
 .text.__malloc_lock
                0x020096c8        0x4 d:/devkitpro/devkitarm/bin/../lib/gcc/arm-none-eabi/4.9.2/../../../../arm-none-eabi/lib/thumb\libg.a(lib_a-mlock.o)
                0x020096c8                __malloc_lock
 .text.__malloc_unlock
                0x020096cc        0x4 d:/devkitpro/devkitarm/bin/../lib/gcc/arm-none-eabi/4.9.2/../../../../arm-none-eabi/lib/thumb\libg.a(lib_a-mlock.o)
                0x020096cc                __malloc_unlock
 .text.setvbuf  0x020096d0      0x154 d:/devkitpro/devkitarm/bin/../lib/gcc/arm-none-eabi/4.9.2/../../../../arm-none-eabi/lib/thumb\libg.a(lib_a-setvbuf.o)
                0x020096d0                setvbuf
 .text.siscanf  0x02009824       0x4c d:/devkitpro/devkitarm/bin/../lib/gcc/arm-none-eabi/4.9.2/../../../../arm-none-eabi/lib/thumb\libg.a(lib_a-siscanf.o)
                0x02009824                siscanf
 .text.sprintf  0x02009870       0x48 d:/devkitpro/devkitarm/bin/../lib/gcc/arm-none-eabi/4.9.2/../../../../arm-none-eabi/lib/thumb\libg.a(lib_a-sprintf.o)
                0x02009870                sprintf
 .text.__sread  0x020098b8       0x2c d:/devkitpro/devkitarm/bin/../lib/gcc/arm-none-eabi/4.9.2/../../../../arm-none-eabi/lib/thumb\libg.a(lib_a-stdio.o)
                0x020098b8                __sread
 .text.__seofread
                0x020098e4        0x4 d:/devkitpro/devkitarm/bin/../lib/gcc/arm-none-eabi/4.9.2/../../../../arm-none-eabi/lib/thumb\libg.a(lib_a-stdio.o)
                0x020098e4                __seofread
 .text.__swrite
                0x020098e8       0x44 d:/devkitpro/devkitarm/bin/../lib/gcc/arm-none-eabi/4.9.2/../../../../arm-none-eabi/lib/thumb\libg.a(lib_a-stdio.o)
                0x020098e8                __swrite
 .text.__sseek  0x0200992c       0x30 d:/devkitpro/devkitarm/bin/../lib/gcc/arm-none-eabi/4.9.2/../../../../arm-none-eabi/lib/thumb\libg.a(lib_a-stdio.o)
                0x0200992c                __sseek
 .text.__sclose
                0x0200995c       0x10 d:/devkitpro/devkitarm/bin/../lib/gcc/arm-none-eabi/4.9.2/../../../../arm-none-eabi/lib/thumb\libg.a(lib_a-stdio.o)
                0x0200995c                __sclose
 .text.strcpy   0x0200996c       0x10 d:/devkitpro/devkitarm/bin/../lib/gcc/arm-none-eabi/4.9.2/../../../../arm-none-eabi/lib/thumb\libg.a(lib_a-strcpy.o)
                0x0200996c                strcpy
 .text.strlen   0x0200997c       0x6c d:/devkitpro/devkitarm/bin/../lib/gcc/arm-none-eabi/4.9.2/../../../../arm-none-eabi/lib/thumb\libg.a(lib_a-strlen.o)
                0x0200997c                strlen
 .text.strncpy  0x020099e8       0x7c d:/devkitpro/devkitarm/bin/../lib/gcc/arm-none-eabi/4.9.2/../../../../arm-none-eabi/lib/thumb\libg.a(lib_a-strncpy.o)
                0x020099e8                strncpy
 .text._sungetc_r
                0x02009a64       0x88 d:/devkitpro/devkitarm/bin/../lib/gcc/arm-none-eabi/4.9.2/../../../../arm-none-eabi/lib/thumb\libg.a(lib_a-svfiscanf.o)
                0x02009a64                _sungetc_r
 .text.__ssrefill_r
                0x02009aec       0x44 d:/devkitpro/devkitarm/bin/../lib/gcc/arm-none-eabi/4.9.2/../../../../arm-none-eabi/lib/thumb\libg.a(lib_a-svfiscanf.o)
                0x02009aec                __ssrefill_r
 .text._sfread_r
                0x02009b30       0x8c d:/devkitpro/devkitarm/bin/../lib/gcc/arm-none-eabi/4.9.2/../../../../arm-none-eabi/lib/thumb\libg.a(lib_a-svfiscanf.o)
                0x02009b30                _sfread_r
 .text.__ssvfiscanf_r
                0x02009bbc     0x14b0 d:/devkitpro/devkitarm/bin/../lib/gcc/arm-none-eabi/4.9.2/../../../../arm-none-eabi/lib/thumb\libg.a(lib_a-svfiscanf.o)
                0x02009bbc                __ssvfiscanf_r
 .text.get_arg  0x0200b06c      0x4a8 d:/devkitpro/devkitarm/bin/../lib/gcc/arm-none-eabi/4.9.2/../../../../arm-none-eabi/lib/thumb\libg.a(lib_a-svfprintf.o)
 *fill*         0x0200b514        0x4 ff
 .text._svfprintf_r
                0x0200b518     0x2e50 d:/devkitpro/devkitarm/bin/../lib/gcc/arm-none-eabi/4.9.2/../../../../arm-none-eabi/lib/thumb\libg.a(lib_a-svfprintf.o)
                0x0200b518                _svfprintf_r
 .text.__submore
                0x0200e368       0x88 d:/devkitpro/devkitarm/bin/../lib/gcc/arm-none-eabi/4.9.2/../../../../arm-none-eabi/lib/thumb\libg.a(lib_a-ungetc.o)
                0x0200e368                __submore
 .text.get_arg  0x0200e3f0      0x4a8 d:/devkitpro/devkitarm/bin/../lib/gcc/arm-none-eabi/4.9.2/../../../../arm-none-eabi/lib/thumb\libg.a(lib_a-vfiprintf.o)
 .text.__sprint_r.part.0
                0x0200e898       0x80 d:/devkitpro/devkitarm/bin/../lib/gcc/arm-none-eabi/4.9.2/../../../../arm-none-eabi/lib/thumb\libg.a(lib_a-vfiprintf.o)
 .text._vfiprintf_r
                0x0200e918     0x1f58 d:/devkitpro/devkitarm/bin/../lib/gcc/arm-none-eabi/4.9.2/../../../../arm-none-eabi/lib/thumb\libg.a(lib_a-vfiprintf.o)
                0x0200e918                _vfiprintf_r
 .text.__sbprintf
                0x02010870       0x78 d:/devkitpro/devkitarm/bin/../lib/gcc/arm-none-eabi/4.9.2/../../../../arm-none-eabi/lib/thumb\libg.a(lib_a-vfiprintf.o)
 .text._wcrtomb_r
                0x020108e8       0x6c d:/devkitpro/devkitarm/bin/../lib/gcc/arm-none-eabi/4.9.2/../../../../arm-none-eabi/lib/thumb\libg.a(lib_a-wcrtomb.o)
                0x020108e8                _wcrtomb_r
 .text._wcsrtombs_r
                0x02010954       0x18 d:/devkitpro/devkitarm/bin/../lib/gcc/arm-none-eabi/4.9.2/../../../../arm-none-eabi/lib/thumb\libg.a(lib_a-wcsrtombs.o)
                0x02010954                _wcsrtombs_r
 .text.__utf8_wctomb
                0x0201096c       0xc0 d:/devkitpro/devkitarm/bin/../lib/gcc/arm-none-eabi/4.9.2/../../../../arm-none-eabi/lib/thumb\libg.a(lib_a-wctomb_r.o)
                0x0201096c                __utf8_wctomb
 .text.__swsetup_r
                0x02010a2c       0xd0 d:/devkitpro/devkitarm/bin/../lib/gcc/arm-none-eabi/4.9.2/../../../../arm-none-eabi/lib/thumb\libg.a(lib_a-wsetup.o)
                0x02010a2c                __swsetup_r
 .text.quorem   0x02010afc      0x160 d:/devkitpro/devkitarm/bin/../lib/gcc/arm-none-eabi/4.9.2/../../../../arm-none-eabi/lib/thumb\libg.a(lib_a-dtoa.o)
 *fill*         0x02010c5c        0x4 ff
 .text._dtoa_r  0x02010c60     0x1098 d:/devkitpro/devkitarm/bin/../lib/gcc/arm-none-eabi/4.9.2/../../../../arm-none-eabi/lib/thumb\libg.a(lib_a-dtoa.o)
                0x02010c60                _dtoa_r
 .text.__sflush_r
                0x02011cf8      0x168 d:/devkitpro/devkitarm/bin/../lib/gcc/arm-none-eabi/4.9.2/../../../../arm-none-eabi/lib/thumb\libg.a(lib_a-fflush.o)
                0x02011cf8                __sflush_r
 .text._fflush_r
                0x02011e60       0x58 d:/devkitpro/devkitarm/bin/../lib/gcc/arm-none-eabi/4.9.2/../../../../arm-none-eabi/lib/thumb\libg.a(lib_a-fflush.o)
                0x02011e60                _fflush_r
 .text._cleanup_r
                0x02011eb8       0x14 d:/devkitpro/devkitarm/bin/../lib/gcc/arm-none-eabi/4.9.2/../../../../arm-none-eabi/lib/thumb\libg.a(lib_a-findfp.o)
                0x02011eb8                _cleanup_r
 .text.__sinit.part.1
                0x02011ecc       0xfc d:/devkitpro/devkitarm/bin/../lib/gcc/arm-none-eabi/4.9.2/../../../../arm-none-eabi/lib/thumb\libg.a(lib_a-findfp.o)
 .text.__sinit  0x02011fc8       0x14 d:/devkitpro/devkitarm/bin/../lib/gcc/arm-none-eabi/4.9.2/../../../../arm-none-eabi/lib/thumb\libg.a(lib_a-findfp.o)
                0x02011fc8                __sinit
 .text.__sfp_lock_acquire
                0x02011fdc        0x4 d:/devkitpro/devkitarm/bin/../lib/gcc/arm-none-eabi/4.9.2/../../../../arm-none-eabi/lib/thumb\libg.a(lib_a-findfp.o)
                0x02011fdc                __sfp_lock_acquire
 .text.__sfp_lock_release
                0x02011fe0        0x4 d:/devkitpro/devkitarm/bin/../lib/gcc/arm-none-eabi/4.9.2/../../../../arm-none-eabi/lib/thumb\libg.a(lib_a-findfp.o)
                0x02011fe0                __sfp_lock_release
 .text.__fputwc
                0x02011fe4       0xc0 d:/devkitpro/devkitarm/bin/../lib/gcc/arm-none-eabi/4.9.2/../../../../arm-none-eabi/lib/thumb\libg.a(lib_a-fputwc.o)
                0x02011fe4                __fputwc
 .text._fputwc_r
                0x020120a4       0x5c d:/devkitpro/devkitarm/bin/../lib/gcc/arm-none-eabi/4.9.2/../../../../arm-none-eabi/lib/thumb\libg.a(lib_a-fputwc.o)
                0x020120a4                _fputwc_r
 .text._malloc_trim_r
                0x02012100       0xa4 d:/devkitpro/devkitarm/bin/../lib/gcc/arm-none-eabi/4.9.2/../../../../arm-none-eabi/lib/thumb\libg.a(lib_a-freer.o)
                0x02012100                _malloc_trim_r
 .text._free_r  0x020121a4      0x1b0 d:/devkitpro/devkitarm/bin/../lib/gcc/arm-none-eabi/4.9.2/../../../../arm-none-eabi/lib/thumb\libg.a(lib_a-freer.o)
                0x020121a4                _free_r
 .text.__sfvwrite_r
                0x02012354      0x340 d:/devkitpro/devkitarm/bin/../lib/gcc/arm-none-eabi/4.9.2/../../../../arm-none-eabi/lib/thumb\libg.a(lib_a-fvwrite.o)
                0x02012354                __sfvwrite_r
 .text._fwalk_reent
                0x02012694       0x58 d:/devkitpro/devkitarm/bin/../lib/gcc/arm-none-eabi/4.9.2/../../../../arm-none-eabi/lib/thumb\libg.a(lib_a-fwalk.o)
                0x02012694                _fwalk_reent
 .text.iswspace
                0x020126ec       0x78 d:/devkitpro/devkitarm/bin/../lib/gcc/arm-none-eabi/4.9.2/../../../../arm-none-eabi/lib/thumb\libg.a(lib_a-iswspace.o)
                0x020126ec                iswspace
 .text.__jp2uc  0x02012764      0x184 d:/devkitpro/devkitarm/bin/../lib/gcc/arm-none-eabi/4.9.2/../../../../arm-none-eabi/lib/thumb\libg.a(lib_a-jp2uc.o)
 .text._jp2uc   0x020128e8       0x64 d:/devkitpro/devkitarm/bin/../lib/gcc/arm-none-eabi/4.9.2/../../../../arm-none-eabi/lib/thumb\libg.a(lib_a-jp2uc.o)
                0x020128e8                _jp2uc
 .text.__locale_charset
                0x0201294c        0x8 d:/devkitpro/devkitarm/bin/../lib/gcc/arm-none-eabi/4.9.2/../../../../arm-none-eabi/lib/thumb\libg.a(lib_a-locale.o)
                0x0201294c                __locale_charset
 .text.__locale_mb_cur_max
                0x02012954        0xc d:/devkitpro/devkitarm/bin/../lib/gcc/arm-none-eabi/4.9.2/../../../../arm-none-eabi/lib/thumb\libg.a(lib_a-locale.o)
                0x02012954                __locale_mb_cur_max
 .text._localeconv_r
                0x02012960        0x8 d:/devkitpro/devkitarm/bin/../lib/gcc/arm-none-eabi/4.9.2/../../../../arm-none-eabi/lib/thumb\libg.a(lib_a-locale.o)
                0x02012960                _localeconv_r
 .text.__smakebuf_r
                0x02012968      0x100 d:/devkitpro/devkitarm/bin/../lib/gcc/arm-none-eabi/4.9.2/../../../../arm-none-eabi/lib/thumb\libg.a(lib_a-makebuf.o)
                0x02012968                __smakebuf_r
 .text._mbrtowc_r
                0x02012a68       0x7c d:/devkitpro/devkitarm/bin/../lib/gcc/arm-none-eabi/4.9.2/../../../../arm-none-eabi/lib/thumb\libg.a(lib_a-mbrtowc.o)
                0x02012a68                _mbrtowc_r
 .text.__utf8_mbtowc
                0x02012ae4      0x2bc d:/devkitpro/devkitarm/bin/../lib/gcc/arm-none-eabi/4.9.2/../../../../arm-none-eabi/lib/thumb\libg.a(lib_a-mbtowc_r.o)
                0x02012ae4                __utf8_mbtowc
 .text.memchr   0x02012da0       0x8c d:/devkitpro/devkitarm/bin/../lib/gcc/arm-none-eabi/4.9.2/../../../../arm-none-eabi/lib/thumb\libg.a(lib_a-memchr.o)
                0x02012da0                memchr
 .text.memmove  0x02012e2c       0x9c d:/devkitpro/devkitarm/bin/../lib/gcc/arm-none-eabi/4.9.2/../../../../arm-none-eabi/lib/thumb\libg.a(lib_a-memmove.o)
                0x02012e2c                memmove
 .text._Balloc  0x02012ec8       0x54 d:/devkitpro/devkitarm/bin/../lib/gcc/arm-none-eabi/4.9.2/../../../../arm-none-eabi/lib/thumb\libg.a(lib_a-mprec.o)
                0x02012ec8                _Balloc
 .text._Bfree   0x02012f1c       0x14 d:/devkitpro/devkitarm/bin/../lib/gcc/arm-none-eabi/4.9.2/../../../../arm-none-eabi/lib/thumb\libg.a(lib_a-mprec.o)
                0x02012f1c                _Bfree
 .text.__multadd
                0x02012f30       0x9c d:/devkitpro/devkitarm/bin/../lib/gcc/arm-none-eabi/4.9.2/../../../../arm-none-eabi/lib/thumb\libg.a(lib_a-mprec.o)
                0x02012f30                __multadd
 .text.__hi0bits
                0x02012fcc       0x3c d:/devkitpro/devkitarm/bin/../lib/gcc/arm-none-eabi/4.9.2/../../../../arm-none-eabi/lib/thumb\libg.a(lib_a-mprec.o)
                0x02012fcc                __hi0bits
 .text.__lo0bits
                0x02013008       0x5c d:/devkitpro/devkitarm/bin/../lib/gcc/arm-none-eabi/4.9.2/../../../../arm-none-eabi/lib/thumb\libg.a(lib_a-mprec.o)
                0x02013008                __lo0bits
 .text.__i2b    0x02013064       0x18 d:/devkitpro/devkitarm/bin/../lib/gcc/arm-none-eabi/4.9.2/../../../../arm-none-eabi/lib/thumb\libg.a(lib_a-mprec.o)
                0x02013064                __i2b
 .text.__multiply
                0x0201307c      0x168 d:/devkitpro/devkitarm/bin/../lib/gcc/arm-none-eabi/4.9.2/../../../../arm-none-eabi/lib/thumb\libg.a(lib_a-mprec.o)
                0x0201307c                __multiply
 .text.__pow5mult
                0x020131e4       0xc0 d:/devkitpro/devkitarm/bin/../lib/gcc/arm-none-eabi/4.9.2/../../../../arm-none-eabi/lib/thumb\libg.a(lib_a-mprec.o)
                0x020131e4                __pow5mult
 .text.__lshift
                0x020132a4       0xd0 d:/devkitpro/devkitarm/bin/../lib/gcc/arm-none-eabi/4.9.2/../../../../arm-none-eabi/lib/thumb\libg.a(lib_a-mprec.o)
                0x020132a4                __lshift
 .text.__mcmp   0x02013374       0x3c d:/devkitpro/devkitarm/bin/../lib/gcc/arm-none-eabi/4.9.2/../../../../arm-none-eabi/lib/thumb\libg.a(lib_a-mprec.o)
                0x02013374                __mcmp
 .text.__mdiff  0x020133b0       0xec d:/devkitpro/devkitarm/bin/../lib/gcc/arm-none-eabi/4.9.2/../../../../arm-none-eabi/lib/thumb\libg.a(lib_a-mprec.o)
                0x020133b0                __mdiff
 .text.__d2b    0x0201349c       0xc0 d:/devkitpro/devkitarm/bin/../lib/gcc/arm-none-eabi/4.9.2/../../../../arm-none-eabi/lib/thumb\libg.a(lib_a-mprec.o)
                0x0201349c                __d2b
 .text._realloc_r
                0x0201355c      0x3dc d:/devkitpro/devkitarm/bin/../lib/gcc/arm-none-eabi/4.9.2/../../../../arm-none-eabi/lib/thumb\libg.a(lib_a-reallocr.o)
                0x0201355c                _realloc_r
 .text.__sccl   0x02013938       0x7c d:/devkitpro/devkitarm/bin/../lib/gcc/arm-none-eabi/4.9.2/../../../../arm-none-eabi/lib/thumb\libg.a(lib_a-sccl.o)
                0x02013938                __sccl
 .text.__fpclassifyd
                0x020139b4       0x5c d:/devkitpro/devkitarm/bin/../lib/gcc/arm-none-eabi/4.9.2/../../../../arm-none-eabi/lib/thumb\libg.a(lib_a-s_fpclassify.o)
                0x020139b4                __fpclassifyd
 .text.frexp    0x02013a10       0x80 d:/devkitpro/devkitarm/bin/../lib/gcc/arm-none-eabi/4.9.2/../../../../arm-none-eabi/lib/thumb\libg.a(lib_a-s_frexp.o)
                0x02013a10                frexp
 .text._strtoll_r
                0x02013a90      0x228 d:/devkitpro/devkitarm/bin/../lib/gcc/arm-none-eabi/4.9.2/../../../../arm-none-eabi/lib/thumb\libg.a(lib_a-strtoll_r.o)
                0x02013a90                _strtoll_r
 .text._strtol_r
                0x02013cb8      0x15c d:/devkitpro/devkitarm/bin/../lib/gcc/arm-none-eabi/4.9.2/../../../../arm-none-eabi/lib/thumb\libg.a(lib_a-strtol.o)
                0x02013cb8                _strtol_r
 .text._strtoull_r
                0x02013e14      0x20c d:/devkitpro/devkitarm/bin/../lib/gcc/arm-none-eabi/4.9.2/../../../../arm-none-eabi/lib/thumb\libg.a(lib_a-strtoull_r.o)
                0x02013e14                _strtoull_r
 .text._strtoul_r
                0x02014020      0x178 d:/devkitpro/devkitarm/bin/../lib/gcc/arm-none-eabi/4.9.2/../../../../arm-none-eabi/lib/thumb\libg.a(lib_a-strtoul.o)
                0x02014020                _strtoul_r
 .text.__ssprint_r
                0x02014198      0x134 d:/devkitpro/devkitarm/bin/../lib/gcc/arm-none-eabi/4.9.2/../../../../arm-none-eabi/lib/thumb\libg.a(lib_a-svfiprintf.o)
                0x02014198                __ssprint_r
 .text.__swbuf_r
                0x020142cc       0xb8 d:/devkitpro/devkitarm/bin/../lib/gcc/arm-none-eabi/4.9.2/../../../../arm-none-eabi/lib/thumb\libg.a(lib_a-wbuf.o)
                0x020142cc                __swbuf_r
 .text._wcsnrtombs_r
                0x02014384      0x110 d:/devkitpro/devkitarm/bin/../lib/gcc/arm-none-eabi/4.9.2/../../../../arm-none-eabi/lib/thumb\libg.a(lib_a-wcsnrtombs.o)
                0x02014384                _wcsnrtombs_r
 .text._calloc_r
                0x02014494       0x64 d:/devkitpro/devkitarm/bin/../lib/gcc/arm-none-eabi/4.9.2/../../../../arm-none-eabi/lib/thumb\libg.a(lib_a-callocr.o)
                0x02014494                _calloc_r
 .text._fclose_r
                0x020144f8       0xac d:/devkitpro/devkitarm/bin/../lib/gcc/arm-none-eabi/4.9.2/../../../../arm-none-eabi/lib/thumb\libg.a(lib_a-fclose.o)
                0x020144f8                _fclose_r
 *fill*         0x020145a4        0x4 ff
 .text._fclose_r.__stub
                0x020145a8       0xe8 linker stubs
 *(.stub)
 *(.gnu.warning)
 *(.gnu.linkonce.t*)
 *(.glue_7)
 .glue_7        0x020146a0        0x0 linker stubs
 *(.glue_7t)
 .glue_7t       0x020146a0        0x0 linker stubs
                0x020146a0                . = ALIGN (0x4)

.vfp11_veneer   0x020146a0        0x0
 .vfp11_veneer  0x020146a0        0x0 linker stubs

.v4_bx          0x020146a0        0x0
 .v4_bx         0x020146a0        0x0 linker stubs

.iplt           0x020146a0        0x0
 .iplt          0x020146a0        0x0 d:/devkitpro/devkitarm/bin/../lib/gcc/arm-none-eabi/4.9.2/../../../../arm-none-eabi/lib/thumb/ds_arm9_crt0.o

.fini           0x020146a0        0xc
 *(.fini)
 .fini          0x020146a0        0x4 d:/devkitpro/devkitarm/bin/../lib/gcc/arm-none-eabi/4.9.2/thumb/crti.o
                0x020146a0                _fini
 .fini          0x020146a4        0x8 d:/devkitpro/devkitarm/bin/../lib/gcc/arm-none-eabi/4.9.2/thumb/crtn.o
                0x020146ac                __text_end = .

.rodata         0x020146b0     0x6c00
 *(.rodata)
 .rodata        0x020146b0      0x20c d:/devkitPro/libnds/lib\libnds9.a(console.o)
 .rodata        0x020148bc     0x2004 d:/devkitPro/libnds/lib\libnds9.a(default_font.bin.o)
                0x020148bc                default_font_bin
                0x020168bc                default_font_bin_size
                0x020168bc                default_font_bin_end
 .rodata        0x020168c0      0x308 d:/devkitPro/libnds/lib\libnds9.a(trig.o)
                0x020168c0                SIN_LUT
                0x020169c4                TAN_LUT
 .rodata        0x02016bc8       0x68 d:/devkitpro/devkitarm/bin/../lib/gcc/arm-none-eabi/4.9.2/../../../../arm-none-eabi/lib/thumb\libsysbase.a(iosupport.o)
                0x02016bc8                dotab_stdnull
 *all.rodata*(*)
 *(.roda)
 *(.rodata.*)
 .rodata.str1.4
                0x02016c30      0x17a httpget.o
                                0x17c (size before relaxing)
 .rodata.str1.1
                0x02016daa       0x14 d:/devkitPro/libnds/lib\libdswifi9.a(sgIP_DHCP.o)
 *fill*         0x02016dbe        0x2 ff
 .rodata.str1.4
                0x02016dc0       0x4c d:/devkitPro/libnds/lib\libnds9.a(console.o)
 .rodata.__ssvfiscanf_r
                0x02016e0c      0x324 d:/devkitpro/devkitarm/bin/../lib/gcc/arm-none-eabi/4.9.2/../../../../arm-none-eabi/lib/thumb\libg.a(lib_a-svfiscanf.o)
 .rodata.basefix.6409
                0x02017130       0x24 d:/devkitpro/devkitarm/bin/../lib/gcc/arm-none-eabi/4.9.2/../../../../arm-none-eabi/lib/thumb\libg.a(lib_a-svfiscanf.o)
 .rodata.get_arg
                0x02017154      0x1f8 d:/devkitpro/devkitarm/bin/../lib/gcc/arm-none-eabi/4.9.2/../../../../arm-none-eabi/lib/thumb\libg.a(lib_a-svfprintf.o)
 .rodata._svfprintf_r
                0x0201734c      0x16c d:/devkitpro/devkitarm/bin/../lib/gcc/arm-none-eabi/4.9.2/../../../../arm-none-eabi/lib/thumb\libg.a(lib_a-svfprintf.o)
 .rodata.zeroes.7037
                0x020174b8       0x10 d:/devkitpro/devkitarm/bin/../lib/gcc/arm-none-eabi/4.9.2/../../../../arm-none-eabi/lib/thumb\libg.a(lib_a-svfprintf.o)
 .rodata.str1.4
                0x020174c8       0x42 d:/devkitpro/devkitarm/bin/../lib/gcc/arm-none-eabi/4.9.2/../../../../arm-none-eabi/lib/thumb\libg.a(lib_a-svfprintf.o)
                                 0x44 (size before relaxing)
 *fill*         0x0201750a        0x2 ff
 .rodata.blanks.7036
                0x0201750c       0x10 d:/devkitpro/devkitarm/bin/../lib/gcc/arm-none-eabi/4.9.2/../../../../arm-none-eabi/lib/thumb\libg.a(lib_a-svfprintf.o)
 .rodata.get_arg
                0x0201751c      0x1f8 d:/devkitpro/devkitarm/bin/../lib/gcc/arm-none-eabi/4.9.2/../../../../arm-none-eabi/lib/thumb\libg.a(lib_a-vfiprintf.o)
 .rodata._vfiprintf_r
                0x02017714      0x16c d:/devkitpro/devkitarm/bin/../lib/gcc/arm-none-eabi/4.9.2/../../../../arm-none-eabi/lib/thumb\libg.a(lib_a-vfiprintf.o)
 .rodata.zeroes.7030
                0x02017880       0x10 d:/devkitpro/devkitarm/bin/../lib/gcc/arm-none-eabi/4.9.2/../../../../arm-none-eabi/lib/thumb\libg.a(lib_a-vfiprintf.o)
 .rodata.str1.4
                0x02017890       0x30 d:/devkitpro/devkitarm/bin/../lib/gcc/arm-none-eabi/4.9.2/../../../../arm-none-eabi/lib/thumb\libg.a(lib_a-vfiprintf.o)
 .rodata.blanks.7029
                0x02017890       0x10 d:/devkitpro/devkitarm/bin/../lib/gcc/arm-none-eabi/4.9.2/../../../../arm-none-eabi/lib/thumb\libg.a(lib_a-vfiprintf.o)
 .rodata._ctype_
                0x020178a0      0x104 d:/devkitpro/devkitarm/bin/../lib/gcc/arm-none-eabi/4.9.2/../../../../arm-none-eabi/lib/thumb\libg.a(lib_a-ctype_.o)
                0x020178a0                _ctype_
 .rodata.str1.4
                0x020179a4       0x10 d:/devkitpro/devkitarm/bin/../lib/gcc/arm-none-eabi/4.9.2/../../../../arm-none-eabi/lib/thumb\libg.a(lib_a-dtoa.o)
                                 0x14 (size before relaxing)
 .rodata.str1.4
                0x020179b4        0x2 d:/devkitpro/devkitarm/bin/../lib/gcc/arm-none-eabi/4.9.2/../../../../arm-none-eabi/lib/thumb\libg.a(lib_a-impure.o)
                                  0x4 (size before relaxing)
 *fill*         0x020179b6        0x2 ff
 .rodata.__jp2uc
                0x020179b8       0x20 d:/devkitpro/devkitarm/bin/../lib/gcc/arm-none-eabi/4.9.2/../../../../arm-none-eabi/lib/thumb\libg.a(lib_a-jp2uc.o)
 .rodata.a1     0x020179d8       0xbc d:/devkitpro/devkitarm/bin/../lib/gcc/arm-none-eabi/4.9.2/../../../../arm-none-eabi/lib/thumb\libg.a(lib_a-jp2uc.o)
 .rodata.a2     0x02017a94       0xbc d:/devkitpro/devkitarm/bin/../lib/gcc/arm-none-eabi/4.9.2/../../../../arm-none-eabi/lib/thumb\libg.a(lib_a-jp2uc.o)
 .rodata.a3     0x02017b50       0x5c d:/devkitpro/devkitarm/bin/../lib/gcc/arm-none-eabi/4.9.2/../../../../arm-none-eabi/lib/thumb\libg.a(lib_a-jp2uc.o)
 .rodata.a6     0x02017bac       0x70 d:/devkitpro/devkitarm/bin/../lib/gcc/arm-none-eabi/4.9.2/../../../../arm-none-eabi/lib/thumb\libg.a(lib_a-jp2uc.o)
 .rodata.a7     0x02017c1c       0xa4 d:/devkitpro/devkitarm/bin/../lib/gcc/arm-none-eabi/4.9.2/../../../../arm-none-eabi/lib/thumb\libg.a(lib_a-jp2uc.o)
 .rodata.a8     0x02017cc0       0x40 d:/devkitpro/devkitarm/bin/../lib/gcc/arm-none-eabi/4.9.2/../../../../arm-none-eabi/lib/thumb\libg.a(lib_a-jp2uc.o)
 .rodata.str1.4
                0x02017d00       0x12 d:/devkitpro/devkitarm/bin/../lib/gcc/arm-none-eabi/4.9.2/../../../../arm-none-eabi/lib/thumb\libg.a(lib_a-jp2uc.o)
                                 0x14 (size before relaxing)
 *fill*         0x02017d12        0x2 ff
 .rodata.b02cf  0x02017d14     0x172c d:/devkitpro/devkitarm/bin/../lib/gcc/arm-none-eabi/4.9.2/../../../../arm-none-eabi/lib/thumb\libg.a(lib_a-jp2uc.o)
 .rodata.d02f4  0x02019440     0x1a7c d:/devkitpro/devkitarm/bin/../lib/gcc/arm-none-eabi/4.9.2/../../../../arm-none-eabi/lib/thumb\libg.a(lib_a-jp2uc.o)
 .rodata.str1.4
                0x0201aebc      0x112 d:/devkitpro/devkitarm/bin/../lib/gcc/arm-none-eabi/4.9.2/../../../../arm-none-eabi/lib/thumb\libg.a(lib_a-locale.o)
                                0x130 (size before relaxing)
 .rodata.str1.4
                0x0201afce        0x4 d:/devkitpro/devkitarm/bin/../lib/gcc/arm-none-eabi/4.9.2/../../../../arm-none-eabi/lib/thumb\libg.a(lib_a-mbrtowc.o)
 *fill*         0x0201afce        0x2 ff
 .rodata.p05.5298
                0x0201afd0        0xc d:/devkitpro/devkitarm/bin/../lib/gcc/arm-none-eabi/4.9.2/../../../../arm-none-eabi/lib/thumb\libg.a(lib_a-mprec.o)
 *fill*         0x0201afdc        0x4 ff
 .rodata.__mprec_tens
                0x0201afe0       0xc8 d:/devkitpro/devkitarm/bin/../lib/gcc/arm-none-eabi/4.9.2/../../../../arm-none-eabi/lib/thumb\libg.a(lib_a-mprec.o)
                0x0201afe0                __mprec_tens
 .rodata.__mprec_bigtens
                0x0201b0a8       0x28 d:/devkitpro/devkitarm/bin/../lib/gcc/arm-none-eabi/4.9.2/../../../../arm-none-eabi/lib/thumb\libg.a(lib_a-mprec.o)
                0x0201b0a8                __mprec_bigtens
 .rodata.__state_table
                0x0201b0d0       0x6c d:/devkitpro/devkitarm/bin/../lib/gcc/arm-none-eabi/4.9.2/../../../../arm-none-eabi/lib/thumb\libg.a(lib_a-svfiprintf.o)
                0x0201b0d0                __state_table
 .rodata.__chclass
                0x0201b13c      0x100 d:/devkitpro/devkitarm/bin/../lib/gcc/arm-none-eabi/4.9.2/../../../../arm-none-eabi/lib/thumb\libg.a(lib_a-svfiprintf.o)
                0x0201b13c                __chclass
 .rodata.__action_table
                0x0201b23c       0x6c d:/devkitpro/devkitarm/bin/../lib/gcc/arm-none-eabi/4.9.2/../../../../arm-none-eabi/lib/thumb\libg.a(lib_a-svfiprintf.o)
                0x0201b23c                __action_table
 .rodata.str1.4
                0x0201b2a8        0x8 d:/devkitpro/devkitarm/bin/../lib/gcc/arm-none-eabi/4.9.2/../../../../arm-none-eabi/lib/thumb\libsysbase.a(iosupport.o)
 *(.gnu.linkonce.r*)
                0x0201b2b0                . = ALIGN (0x4)

.rel.dyn        0x0201b2b0        0x0
 .rel.iplt      0x0201b2b0        0x0 d:/devkitpro/devkitarm/bin/../lib/gcc/arm-none-eabi/4.9.2/../../../../arm-none-eabi/lib/thumb/ds_arm9_crt0.o

.ARM.extab
 *(.ARM.extab* .gnu.linkonce.armextab.*)
                0x0201b2b0                __exidx_start = .

ARM.exidx
 *(.ARM.exidx* .gnu.linkonce.armexidx.*)
                0x0201b2b0                __exidx_end = .
                0x0201b2b0                . = ALIGN (0x4)
                0x0201b2b0                PROVIDE (__preinit_array_start, .)

.preinit_array
 *(.preinit_array)
                0x0201b2b0                PROVIDE (__preinit_array_end, .)
                0x0201b2b0                PROVIDE (__init_array_start, .)

.init_array     0x0201b2b0        0x4
 *(SORT(.init_array.*))
 *(.init_array)
 .init_array    0x0201b2b0        0x4 d:/devkitpro/devkitarm/bin/../lib/gcc/arm-none-eabi/4.9.2/thumb/crtbegin.o
                0x0201b2b4                PROVIDE (__init_array_end, .)
                0x0201b2b4                PROVIDE (__fini_array_start, .)

.fini_array     0x0201b2b4        0x4
 *(.fini_array)
 .fini_array    0x0201b2b4        0x4 d:/devkitpro/devkitarm/bin/../lib/gcc/arm-none-eabi/4.9.2/thumb/crtbegin.o
 *(SORT(.fini_array.*))
                0x0201b2b8                PROVIDE (__fini_array_end, .)

.ctors          0x0201b2b8        0x0
 *crtbegin.o(.ctors)
 *(EXCLUDE_FILE(*crtend.o) .ctors)
 *(SORT(.ctors.*))
 *(.ctors)
                0x0201b2b8                . = ALIGN (0x4)

.dtors          0x0201b2b8        0x0
 *crtbegin.o(.dtors)
 *(EXCLUDE_FILE(*crtend.o) .dtors)
 *(SORT(.dtors.*))
 *(.dtors)
                0x0201b2b8                . = ALIGN (0x4)

.eh_frame       0x0201b2b8       0x48
 *(.eh_frame)
 .eh_frame      0x0201b2b8        0x0 d:/devkitpro/devkitarm/bin/../lib/gcc/arm-none-eabi/4.9.2/thumb/crtbegin.o
 .eh_frame      0x0201b2b8       0x44 d:/devkitpro/devkitarm/bin/../lib/gcc/arm-none-eabi/4.9.2/../../../../arm-none-eabi/lib/thumb\libg.a(lib_a-strcmp.o)
 .eh_frame      0x0201b2fc        0x4 d:/devkitpro/devkitarm/bin/../lib/gcc/arm-none-eabi/4.9.2/thumb/crtend.o
                0x0201b300                . = ALIGN (0x4)

.gcc_except_table
                0x0201b300        0x0
 *(.gcc_except_table)
                0x0201b300                . = ALIGN (0x4)

.jcr            0x0201b300        0x4
 *(.jcr)
 .jcr           0x0201b300        0x0 d:/devkitpro/devkitarm/bin/../lib/gcc/arm-none-eabi/4.9.2/thumb/crtbegin.o
 .jcr           0x0201b300        0x4 d:/devkitpro/devkitarm/bin/../lib/gcc/arm-none-eabi/4.9.2/thumb/crtend.o

.got
 *(.got.plt)
 *(.got)
 *(.rel.got)

.ewram          0x0201b304        0x0
                0x0201b304                __ewram_start = ABSOLUTE (.)
 *(.ewram)
 *ewram.*(.text)
                0x0201b304                . = ALIGN (0x4)

.data           0x0201b304     0x19e0
                0x0201b304                __data_start = ABSOLUTE (.)
 *(.data)
 .data          0x0201b304       0x64 d:/devkitPro/libnds/lib\libnds9.a(console.o)
                0x0201b304                currentConsole
                0x0201b308                defaultConsole
 .data          0x0201b368       0x60 d:/devkitPro/libnds/lib\libnds9.a(background.o)
                0x0201b368                bgScrollTable
                0x0201b388                bgTransform
                0x0201b3a8                bgControl
 .data          0x0201b3c8       0x10 d:/devkitPro/libnds/lib\libnds9.a(fifosystem.o)
                0x0201b3c8                fifo_buffer_free
                0x0201b3cc                fifo_freewords
                0x0201b3d0                fifo_send_queue
                0x0201b3d4                fifo_receive_queue
 .data          0x0201b3d8       0x44 d:/devkitpro/devkitarm/bin/../lib/gcc/arm-none-eabi/4.9.2/../../../../arm-none-eabi/lib/thumb\libsysbase.a(iosupport.o)
                0x0201b3dc                devoptab_list
 .data          0x0201b41c     0x1024 d:/devkitpro/devkitarm/bin/../lib/gcc/arm-none-eabi/4.9.2/../../../../arm-none-eabi/lib/thumb\libsysbase.a(handle_manager.o)
 *(.data.*)
 .data.__malloc_av_
                0x0201c440      0x408 d:/devkitpro/devkitarm/bin/../lib/gcc/arm-none-eabi/4.9.2/../../../../arm-none-eabi/lib/thumb\libg.a(lib_a-mallocr.o)
                0x0201c440                __malloc_av_
 .data.__malloc_trim_threshold
                0x0201c848        0x4 d:/devkitpro/devkitarm/bin/../lib/gcc/arm-none-eabi/4.9.2/../../../../arm-none-eabi/lib/thumb\libg.a(lib_a-mallocr.o)
                0x0201c848                __malloc_trim_threshold
 .data.__malloc_sbrk_base
                0x0201c84c        0x4 d:/devkitpro/devkitarm/bin/../lib/gcc/arm-none-eabi/4.9.2/../../../../arm-none-eabi/lib/thumb\libg.a(lib_a-mallocr.o)
                0x0201c84c                __malloc_sbrk_base
 .data.__wctomb
                0x0201c850        0x4 d:/devkitpro/devkitarm/bin/../lib/gcc/arm-none-eabi/4.9.2/../../../../arm-none-eabi/lib/thumb\libg.a(lib_a-wctomb_r.o)
                0x0201c850                __wctomb
 .data.__ctype_ptr__
                0x0201c854        0x4 d:/devkitpro/devkitarm/bin/../lib/gcc/arm-none-eabi/4.9.2/../../../../arm-none-eabi/lib/thumb\libg.a(lib_a-ctype_.o)
                0x0201c854                __ctype_ptr__
 .data.impure_data
                0x0201c858      0x428 d:/devkitpro/devkitarm/bin/../lib/gcc/arm-none-eabi/4.9.2/../../../../arm-none-eabi/lib/thumb\libg.a(lib_a-impure.o)
 .data._impure_ptr
                0x0201cc80        0x4 d:/devkitpro/devkitarm/bin/../lib/gcc/arm-none-eabi/4.9.2/../../../../arm-none-eabi/lib/thumb\libg.a(lib_a-impure.o)
                0x0201cc80                _impure_ptr
 .data.lconv    0x0201cc84       0x38 d:/devkitpro/devkitarm/bin/../lib/gcc/arm-none-eabi/4.9.2/../../../../arm-none-eabi/lib/thumb\libg.a(lib_a-locale.o)
 .data.lc_ctype_charset
                0x0201ccbc       0x20 d:/devkitpro/devkitarm/bin/../lib/gcc/arm-none-eabi/4.9.2/../../../../arm-none-eabi/lib/thumb\libg.a(lib_a-locale.o)
 .data.__mb_cur_max
                0x0201ccdc        0x4 d:/devkitpro/devkitarm/bin/../lib/gcc/arm-none-eabi/4.9.2/../../../../arm-none-eabi/lib/thumb\libg.a(lib_a-locale.o)
                0x0201ccdc                __mb_cur_max
 .data.__mbtowc
                0x0201cce0        0x4 d:/devkitpro/devkitarm/bin/../lib/gcc/arm-none-eabi/4.9.2/../../../../arm-none-eabi/lib/thumb\libg.a(lib_a-mbtowc_r.o)
                0x0201cce0                __mbtowc
 *(.gnu.linkonce.d*)
                0x0201cce4                . = ALIGN (0x4)
                0x0201cce4                __data_end = ABSOLUTE (.)
                0x0201cce4                __dtcm_lma = .
                0x0201cce4                __bss_vma = .

.igot.plt       0x0201cce4        0x0
 .igot.plt      0x0201cce4        0x0 d:/devkitpro/devkitarm/bin/../lib/gcc/arm-none-eabi/4.9.2/../../../../arm-none-eabi/lib/thumb/ds_arm9_crt0.o

.tm_clone_table
                0x0201cce4        0x0
 .tm_clone_table
                0x0201cce4        0x0 d:/devkitpro/devkitarm/bin/../lib/gcc/arm-none-eabi/4.9.2/thumb/crtbegin.o
 .tm_clone_table
                0x0201cce4        0x0 d:/devkitpro/devkitarm/bin/../lib/gcc/arm-none-eabi/4.9.2/thumb/crtend.o

.dtcm           0x0b000000        0x0 load address 0x0201cce4
 *(.dtcm)
 *(.dtcm.*)
                0x0b000000                . = ALIGN (0x4)
                0x0b000000                __dtcm_end = ABSOLUTE (.)
                0x0201cce4                __itcm_lma = (__dtcm_lma + SIZEOF (.dtcm))

.itcm           0x01000100      0x194 load address 0x0201cce4
 *(.itcm)
 .itcm          0x01000100       0xc8 d:/devkitPro/libnds/lib\libnds9.a(interrupts.o)
                0x01000100                irqTable
 .itcm          0x010001c8       0xcc d:/devkitPro/libnds/lib\libnds9.a(interruptDispatcher.o)
                0x010001c8                IntrMain
 *itcm.*(.text)
                0x01000294                . = ALIGN (0x4)
                0x01000294                __itcm_end = ABSOLUTE (.)
                0x0201ce78                __vectors_lma = (__itcm_lma + SIZEOF (.itcm))

.vectors        0x01000000        0x0 load address 0x0201ce78
 *(.vectors)
 *vectors.*(.text)
                0x01000000                . = ALIGN (0x4)
                0x01000000                __vectors_end = ABSOLUTE (.)

.sbss           0x0b000000        0x0
                0x0b000000                __sbss_start = ABSOLUTE (.)
                0x0b000000                __sbss_start__ = ABSOLUTE (.)
 *(.sbss)
                0x0b000000                . = ALIGN (0x4)
                0x0b000000                __sbss_end = ABSOLUTE (.)

.bss            0x0201cce4    0x11704
                0x0201cce4                __bss_start = ABSOLUTE (.)
                0x0201cce4                __bss_start__ = ABSOLUTE (.)
 *(.dynbss)
 *(.gnu.linkonce.b*)
 *(.bss*)
 .bss           0x0201cce4       0x1c d:/devkitpro/devkitarm/bin/../lib/gcc/arm-none-eabi/4.9.2/thumb/crtbegin.o
 .bss           0x0201cd00       0x10 d:/devkitPro/libnds/lib\libdswifi9.a(wifi_arm9.o)
                0x0201cd00                WifiData
                0x0201cd04                synchandler
                0x0201cd08                packethandler
                0x0201cd0c                wifi_connect_state
 .bss           0x0201cd10        0x8 d:/devkitPro/libnds/lib\libnds9.a(fifosystem.o)
                0x0201cd14                processing
 .bss           0x0201cd18        0x4 d:/devkitPro/libnds/lib\libnds9.a(system.o)
 .bss.__malloc_max_total_mem
                0x0201cd1c        0x4 d:/devkitpro/devkitarm/bin/../lib/gcc/arm-none-eabi/4.9.2/../../../../arm-none-eabi/lib/thumb\libg.a(lib_a-mallocr.o)
                0x0201cd1c                __malloc_max_total_mem
 .bss.__malloc_max_sbrked_mem
                0x0201cd20        0x4 d:/devkitpro/devkitarm/bin/../lib/gcc/arm-none-eabi/4.9.2/../../../../arm-none-eabi/lib/thumb\libg.a(lib_a-mallocr.o)
                0x0201cd20                __malloc_max_sbrked_mem
 .bss.__malloc_top_pad
                0x0201cd24        0x4 d:/devkitpro/devkitarm/bin/../lib/gcc/arm-none-eabi/4.9.2/../../../../arm-none-eabi/lib/thumb\libg.a(lib_a-mallocr.o)
                0x0201cd24                __malloc_top_pad
 .bss.__malloc_current_mallinfo
                0x0201cd28       0x28 d:/devkitpro/devkitarm/bin/../lib/gcc/arm-none-eabi/4.9.2/../../../../arm-none-eabi/lib/thumb\libg.a(lib_a-mallocr.o)
                0x0201cd28                __malloc_current_mallinfo
 .bss           0x0201cd50        0x4 d:/devkitpro/devkitarm/bin/../lib/gcc/arm-none-eabi/4.9.2/../../../../arm-none-eabi/lib/thumb\libsysbase.a(sbrk.o)
 .bss           0x0201cd54        0x8 d:/devkitpro/devkitarm/bin/../lib/gcc/arm-none-eabi/4.9.2/../../../../arm-none-eabi/lib/thumb\libsysbase.a(malloc_vars.o)
                0x0201cd54                fake_heap_start
                0x0201cd58                fake_heap_end
 .bss           0x0201cd5c       0x40 d:/devkitpro/devkitarm/bin/../lib/gcc/arm-none-eabi/4.9.2/../../../../arm-none-eabi/lib/thumb\libsysbase.a(syscall_support.o)
                0x0201cd5c                __syscalls
 *(COMMON)
 COMMON         0x0201cd9c       0x10 httpget.o
                0x0201cd9c                ip_decimal
 COMMON         0x0201cdac     0x9fac d:/devkitPro/libnds/lib\libdswifi9.a(wifi_arm9.o)
                0x0201cdac                Wifi_Data_Struct
                0x02026cf0                wifi_hw
                0x02026cf4                wHeapsize
                0x02026cf8                wHeapFirst
                0x02026cfc                wifi_connect_point
                0x02026d54                wHeapStart
 COMMON         0x02026d58      0x100 d:/devkitPro/libnds/lib\libdswifi9.a(sgIP_sockets.o)
                0x02026d58                socketlist
 COMMON         0x02026e58      0x810 d:/devkitPro/libnds/lib\libdswifi9.a(sgIP_TCP.o)
                0x02026e58                tcprecords
                0x02026e5c                lasttime
                0x02026e60                port_counter
                0x02026e64                numsynlist
                0x02026e68                synlist
 COMMON         0x02027668       0x40 d:/devkitPro/libnds/lib\libdswifi9.a(sgIP_Hub.o)
                0x02027668                ProtocolInterfaces
                0x02027670                NumHWInterfaces
                0x02027674                HWInterfaces
                0x020276a4                NumProtocolInterfaces
 COMMON         0x020276a8     0x5cb4 d:/devkitPro/libnds/lib\libdswifi9.a(sgIP_DNS.o)
                0x020276a8                dnsrecord_return
                0x02027bcc                time_count
                0x02027bd0                alias_list
                0x02027be4                querydata
                0x02027de4                responsedata
                0x02027fe4                dnsrecords
                0x0202d224                ipaddr_ip
                0x0202d228                query_time_start
                0x0202d22c                addr_list
                0x0202d240                ipaddr_alias
                0x0202d340                dns_sock
                0x0202d344                last_id
                0x0202d348                dnsrecord_hostent
 COMMON         0x0202d35c       0x84 d:/devkitPro/libnds/lib\libdswifi9.a(sgIP_DHCP.o)
                0x0202d35c                dhcp_rcvd_dns
                0x0202d368                dhcp_rcvd_snmask
                0x0202d36c                dhcp_state
                0x0202d370                dhcp_p
                0x0202d374                dhcp_optionptr
                0x0202d378                dhcp_int
                0x0202d37c                dhcp_rcvd_ip
                0x0202d380                dhcp_hostname
                0x0202d3c0                dhcp_serverip
                0x0202d3c4                dhcp_tid
                0x0202d3c8                dhcp_requestDNS
                0x0202d3cc                dhcp_socket
                0x0202d3d0                dhcp_timestart
                0x0202d3d4                dhcp_status
                0x0202d3d8                dhcp_rcvd_gateway
                0x0202d3dc                dhcp_timelastaction
 COMMON         0x0202d3e0        0x8 d:/devkitPro/libnds/lib\libdswifi9.a(sgIP_UDP.o)
                0x0202d3e0                udpport_counter
                0x0202d3e4                udprecords
 COMMON         0x0202d3e8       0x10 d:/devkitPro/libnds/lib\libdswifi9.a(sgIP.o)
                0x0202d3e8                count_100ms
                0x0202d3ec                count_1000ms
                0x0202d3f0                sgIP_timems
                0x0202d3f4                sgIP_errno
 COMMON         0x0202d3f8      0x400 d:/devkitPro/libnds/lib\libdswifi9.a(sgIP_ARP.o)
                0x0202d3f8                ArpRecords
 COMMON         0x0202d7f8        0x4 d:/devkitPro/libnds/lib\libdswifi9.a(sgIP_IP.o)
                0x0202d7f8                idnum_count
 COMMON         0x0202d7fc       0x5c d:/devkitPro/libnds/lib\libnds9.a(console.o)
                0x0202d7fc                currentCopy
 COMMON         0x0202d858      0x148 d:/devkitPro/libnds/lib\libnds9.a(background.o)
                0x0202d858                bgState
                0x0202d998                bgIsTextLut
 COMMON         0x0202d9a0        0x1 d:/devkitPro/libnds/lib\libnds9.a(initSystem.o)
                0x0202d9a0                __dsimode
 *fill*         0x0202d9a1        0x3 
 COMMON         0x0202d9a4      0xa40 d:/devkitPro/libnds/lib\libnds9.a(fifosystem.o)
                0x0202d9a4                fifo_datamsg_data
                0x0202d9e4                fifo_buffer
                0x0202e1e4                fifo_value32_func
                0x0202e224                fifo_address_func
                0x0202e264                fifo_value32_data
                0x0202e2a4                fifo_value32_queue
                0x0202e2e4                fifo_data_queue
                0x0202e324                fifo_address_data
                0x0202e364                fifo_datamsg_func
                0x0202e3a4                fifo_address_queue
 COMMON         0x0202e3e4        0x4 d:/devkitPro/libnds/lib\libnds9.a(timeSupport.o)
                0x0202e3e4                punixTime
                0x0202e3e8                . = ALIGN (0x4)
                0x0202e3e8                __bss_end__ = ABSOLUTE (.)
                0x0202e3e8                __end__ = ABSOLUTE (.)

.stab
 *(.stab)

.stabstr
 *(.stabstr)

.stab.excl
 *(.stab.excl)

.stab.exclstr
 *(.stab.exclstr)

.stab.index
 *(.stab.index)

.stab.indexstr
 *(.stab.indexstr)

.comment        0x00000000       0x44
 *(.comment)
 .comment       0x00000000       0x22 d:/devkitpro/devkitarm/bin/../lib/gcc/arm-none-eabi/4.9.2/thumb/crtbegin.o
                                 0x23 (size before relaxing)
 .comment       0x00000022       0x23 httpget.o
 .comment       0x00000022       0x23 d:/devkitPro/libnds/lib\libdswifi9.a(wifi_arm9.o)
 .comment       0x00000022       0x23 d:/devkitPro/libnds/lib\libdswifi9.a(sgIP_sockets.o)
 .comment       0x00000022       0x23 d:/devkitPro/libnds/lib\libdswifi9.a(sgIP_memblock.o)
 .comment       0x00000022       0x23 d:/devkitPro/libnds/lib\libdswifi9.a(sgIP_TCP.o)
 .comment       0x00000022       0x23 d:/devkitPro/libnds/lib\libdswifi9.a(sgIP_Hub.o)
 .comment       0x00000022       0x23 d:/devkitPro/libnds/lib\libdswifi9.a(sgIP_DNS.o)
 .comment       0x00000022       0x23 d:/devkitPro/libnds/lib\libdswifi9.a(sgIP_DHCP.o)
 .comment       0x00000022       0x23 d:/devkitPro/libnds/lib\libdswifi9.a(sgIP_UDP.o)
 .comment       0x00000022       0x23 d:/devkitPro/libnds/lib\libdswifi9.a(sgIP.o)
 .comment       0x00000022       0x23 d:/devkitPro/libnds/lib\libdswifi9.a(sgIP_ARP.o)
 .comment       0x00000022       0x23 d:/devkitPro/libnds/lib\libdswifi9.a(sgIP_IP.o)
 .comment       0x00000022       0x23 d:/devkitPro/libnds/lib\libdswifi9.a(sgIP_ICMP.o)
 .comment       0x00000022       0x22 d:/devkitPro/libnds/lib\libnds9.a(console.o)
                                 0x23 (size before relaxing)
 .comment       0x00000044       0x23 d:/devkitPro/libnds/lib\libnds9.a(background.o)
 .comment       0x00000044       0x23 d:/devkitPro/libnds/lib\libnds9.a(initSystem.o)
 .comment       0x00000044       0x23 d:/devkitPro/libnds/lib\libnds9.a(fifosystem.o)
 .comment       0x00000044       0x23 d:/devkitPro/libnds/lib\libnds9.a(libnds_exit.arm.o)
 .comment       0x00000044       0x23 d:/devkitPro/libnds/lib\libnds9.a(interrupts.o)
 .comment       0x00000044       0x23 d:/devkitPro/libnds/lib\libnds9.a(trig.o)
 .comment       0x00000044       0x23 d:/devkitPro/libnds/lib\libnds9.a(system.o)
 .comment       0x00000044       0x23 d:/devkitPro/libnds/lib\libnds9.a(video.o)
 .comment       0x00000044       0x23 d:/devkitPro/libnds/lib\libnds9.a(timeSupport.o)
 .comment       0x00000044       0x23 d:/devkitpro/devkitarm/bin/../lib/gcc/arm-none-eabi/4.9.2/../../../../arm-none-eabi/lib/thumb\libg.a(lib_a-bsearch.o)
 .comment       0x00000044       0x23 d:/devkitpro/devkitarm/bin/../lib/gcc/arm-none-eabi/4.9.2/../../../../arm-none-eabi/lib/thumb\libg.a(lib_a-errno.o)
 .comment       0x00000044       0x23 d:/devkitpro/devkitarm/bin/../lib/gcc/arm-none-eabi/4.9.2/../../../../arm-none-eabi/lib/thumb\libg.a(lib_a-init.o)
 .comment       0x00000044       0x23 d:/devkitpro/devkitarm/bin/../lib/gcc/arm-none-eabi/4.9.2/../../../../arm-none-eabi/lib/thumb\libg.a(lib_a-iprintf.o)
 .comment       0x00000044       0x23 d:/devkitpro/devkitarm/bin/../lib/gcc/arm-none-eabi/4.9.2/../../../../arm-none-eabi/lib/thumb\libg.a(lib_a-malloc.o)
 .comment       0x00000044       0x23 d:/devkitpro/devkitarm/bin/../lib/gcc/arm-none-eabi/4.9.2/../../../../arm-none-eabi/lib/thumb\libg.a(lib_a-mallocr.o)
 .comment       0x00000044       0x23 d:/devkitpro/devkitarm/bin/../lib/gcc/arm-none-eabi/4.9.2/../../../../arm-none-eabi/lib/thumb\libg.a(lib_a-memcpy.o)
 .comment       0x00000044       0x23 d:/devkitpro/devkitarm/bin/../lib/gcc/arm-none-eabi/4.9.2/../../../../arm-none-eabi/lib/thumb\libg.a(lib_a-memset.o)
 .comment       0x00000044       0x23 d:/devkitpro/devkitarm/bin/../lib/gcc/arm-none-eabi/4.9.2/../../../../arm-none-eabi/lib/thumb\libg.a(lib_a-mlock.o)
 .comment       0x00000044       0x23 d:/devkitpro/devkitarm/bin/../lib/gcc/arm-none-eabi/4.9.2/../../../../arm-none-eabi/lib/thumb\libg.a(lib_a-setvbuf.o)
 .comment       0x00000044       0x23 d:/devkitpro/devkitarm/bin/../lib/gcc/arm-none-eabi/4.9.2/../../../../arm-none-eabi/lib/thumb\libg.a(lib_a-siscanf.o)
 .comment       0x00000044       0x23 d:/devkitpro/devkitarm/bin/../lib/gcc/arm-none-eabi/4.9.2/../../../../arm-none-eabi/lib/thumb\libg.a(lib_a-sprintf.o)
 .comment       0x00000044       0x23 d:/devkitpro/devkitarm/bin/../lib/gcc/arm-none-eabi/4.9.2/../../../../arm-none-eabi/lib/thumb\libg.a(lib_a-stdio.o)
 .comment       0x00000044       0x23 d:/devkitpro/devkitarm/bin/../lib/gcc/arm-none-eabi/4.9.2/../../../../arm-none-eabi/lib/thumb\libg.a(lib_a-strcpy.o)
 .comment       0x00000044       0x23 d:/devkitpro/devkitarm/bin/../lib/gcc/arm-none-eabi/4.9.2/../../../../arm-none-eabi/lib/thumb\libg.a(lib_a-strlen.o)
 .comment       0x00000044       0x23 d:/devkitpro/devkitarm/bin/../lib/gcc/arm-none-eabi/4.9.2/../../../../arm-none-eabi/lib/thumb\libg.a(lib_a-strncpy.o)
 .comment       0x00000044       0x23 d:/devkitpro/devkitarm/bin/../lib/gcc/arm-none-eabi/4.9.2/../../../../arm-none-eabi/lib/thumb\libg.a(lib_a-svfiscanf.o)
 .comment       0x00000044       0x23 d:/devkitpro/devkitarm/bin/../lib/gcc/arm-none-eabi/4.9.2/../../../../arm-none-eabi/lib/thumb\libg.a(lib_a-svfprintf.o)
 .comment       0x00000044       0x23 d:/devkitpro/devkitarm/bin/../lib/gcc/arm-none-eabi/4.9.2/../../../../arm-none-eabi/lib/thumb\libg.a(lib_a-ungetc.o)
 .comment       0x00000044       0x23 d:/devkitpro/devkitarm/bin/../lib/gcc/arm-none-eabi/4.9.2/../../../../arm-none-eabi/lib/thumb\libg.a(lib_a-vfiprintf.o)
 .comment       0x00000044       0x23 d:/devkitpro/devkitarm/bin/../lib/gcc/arm-none-eabi/4.9.2/../../../../arm-none-eabi/lib/thumb\libg.a(lib_a-wcrtomb.o)
 .comment       0x00000044       0x23 d:/devkitpro/devkitarm/bin/../lib/gcc/arm-none-eabi/4.9.2/../../../../arm-none-eabi/lib/thumb\libg.a(lib_a-wcsrtombs.o)
 .comment       0x00000044       0x23 d:/devkitpro/devkitarm/bin/../lib/gcc/arm-none-eabi/4.9.2/../../../../arm-none-eabi/lib/thumb\libg.a(lib_a-wctomb_r.o)
 .comment       0x00000044       0x23 d:/devkitpro/devkitarm/bin/../lib/gcc/arm-none-eabi/4.9.2/../../../../arm-none-eabi/lib/thumb\libg.a(lib_a-wsetup.o)
 .comment       0x00000044       0x23 d:/devkitpro/devkitarm/bin/../lib/gcc/arm-none-eabi/4.9.2/../../../../arm-none-eabi/lib/thumb\libg.a(lib_a-ctype_.o)
 .comment       0x00000044       0x23 d:/devkitpro/devkitarm/bin/../lib/gcc/arm-none-eabi/4.9.2/../../../../arm-none-eabi/lib/thumb\libg.a(lib_a-dtoa.o)
 .comment       0x00000044       0x23 d:/devkitpro/devkitarm/bin/../lib/gcc/arm-none-eabi/4.9.2/../../../../arm-none-eabi/lib/thumb\libg.a(lib_a-fflush.o)
 .comment       0x00000044       0x23 d:/devkitpro/devkitarm/bin/../lib/gcc/arm-none-eabi/4.9.2/../../../../arm-none-eabi/lib/thumb\libg.a(lib_a-findfp.o)
 .comment       0x00000044       0x23 d:/devkitpro/devkitarm/bin/../lib/gcc/arm-none-eabi/4.9.2/../../../../arm-none-eabi/lib/thumb\libg.a(lib_a-fputwc.o)
 .comment       0x00000044       0x23 d:/devkitpro/devkitarm/bin/../lib/gcc/arm-none-eabi/4.9.2/../../../../arm-none-eabi/lib/thumb\libg.a(lib_a-freer.o)
 .comment       0x00000044       0x23 d:/devkitpro/devkitarm/bin/../lib/gcc/arm-none-eabi/4.9.2/../../../../arm-none-eabi/lib/thumb\libg.a(lib_a-fvwrite.o)
 .comment       0x00000044       0x23 d:/devkitpro/devkitarm/bin/../lib/gcc/arm-none-eabi/4.9.2/../../../../arm-none-eabi/lib/thumb\libg.a(lib_a-fwalk.o)
 .comment       0x00000044       0x23 d:/devkitpro/devkitarm/bin/../lib/gcc/arm-none-eabi/4.9.2/../../../../arm-none-eabi/lib/thumb\libg.a(lib_a-impure.o)
 .comment       0x00000044       0x23 d:/devkitpro/devkitarm/bin/../lib/gcc/arm-none-eabi/4.9.2/../../../../arm-none-eabi/lib/thumb\libg.a(lib_a-iswspace.o)
 .comment       0x00000044       0x23 d:/devkitpro/devkitarm/bin/../lib/gcc/arm-none-eabi/4.9.2/../../../../arm-none-eabi/lib/thumb\libg.a(lib_a-jp2uc.o)
 .comment       0x00000044       0x23 d:/devkitpro/devkitarm/bin/../lib/gcc/arm-none-eabi/4.9.2/../../../../arm-none-eabi/lib/thumb\libg.a(lib_a-locale.o)
 .comment       0x00000044       0x23 d:/devkitpro/devkitarm/bin/../lib/gcc/arm-none-eabi/4.9.2/../../../../arm-none-eabi/lib/thumb\libg.a(lib_a-makebuf.o)
 .comment       0x00000044       0x23 d:/devkitpro/devkitarm/bin/../lib/gcc/arm-none-eabi/4.9.2/../../../../arm-none-eabi/lib/thumb\libg.a(lib_a-mbrtowc.o)
 .comment       0x00000044       0x23 d:/devkitpro/devkitarm/bin/../lib/gcc/arm-none-eabi/4.9.2/../../../../arm-none-eabi/lib/thumb\libg.a(lib_a-mbtowc_r.o)
 .comment       0x00000044       0x23 d:/devkitpro/devkitarm/bin/../lib/gcc/arm-none-eabi/4.9.2/../../../../arm-none-eabi/lib/thumb\libg.a(lib_a-memchr.o)
 .comment       0x00000044       0x23 d:/devkitpro/devkitarm/bin/../lib/gcc/arm-none-eabi/4.9.2/../../../../arm-none-eabi/lib/thumb\libg.a(lib_a-memmove.o)
 .comment       0x00000044       0x23 d:/devkitpro/devkitarm/bin/../lib/gcc/arm-none-eabi/4.9.2/../../../../arm-none-eabi/lib/thumb\libg.a(lib_a-mprec.o)
 .comment       0x00000044       0x23 d:/devkitpro/devkitarm/bin/../lib/gcc/arm-none-eabi/4.9.2/../../../../arm-none-eabi/lib/thumb\libg.a(lib_a-reallocr.o)
 .comment       0x00000044       0x23 d:/devkitpro/devkitarm/bin/../lib/gcc/arm-none-eabi/4.9.2/../../../../arm-none-eabi/lib/thumb\libg.a(lib_a-sccl.o)
 .comment       0x00000044       0x23 d:/devkitpro/devkitarm/bin/../lib/gcc/arm-none-eabi/4.9.2/../../../../arm-none-eabi/lib/thumb\libg.a(lib_a-s_fpclassify.o)
 .comment       0x00000044       0x23 d:/devkitpro/devkitarm/bin/../lib/gcc/arm-none-eabi/4.9.2/../../../../arm-none-eabi/lib/thumb\libg.a(lib_a-s_frexp.o)
 .comment       0x00000044       0x23 d:/devkitpro/devkitarm/bin/../lib/gcc/arm-none-eabi/4.9.2/../../../../arm-none-eabi/lib/thumb\libg.a(lib_a-strtoll_r.o)
 .comment       0x00000044       0x23 d:/devkitpro/devkitarm/bin/../lib/gcc/arm-none-eabi/4.9.2/../../../../arm-none-eabi/lib/thumb\libg.a(lib_a-strtol.o)
 .comment       0x00000044       0x23 d:/devkitpro/devkitarm/bin/../lib/gcc/arm-none-eabi/4.9.2/../../../../arm-none-eabi/lib/thumb\libg.a(lib_a-strtoull_r.o)
 .comment       0x00000044       0x23 d:/devkitpro/devkitarm/bin/../lib/gcc/arm-none-eabi/4.9.2/../../../../arm-none-eabi/lib/thumb\libg.a(lib_a-strtoul.o)
 .comment       0x00000044       0x23 d:/devkitpro/devkitarm/bin/../lib/gcc/arm-none-eabi/4.9.2/../../../../arm-none-eabi/lib/thumb\libg.a(lib_a-svfiprintf.o)
 .comment       0x00000044       0x23 d:/devkitpro/devkitarm/bin/../lib/gcc/arm-none-eabi/4.9.2/../../../../arm-none-eabi/lib/thumb\libg.a(lib_a-wbuf.o)
 .comment       0x00000044       0x23 d:/devkitpro/devkitarm/bin/../lib/gcc/arm-none-eabi/4.9.2/../../../../arm-none-eabi/lib/thumb\libg.a(lib_a-wcsnrtombs.o)
 .comment       0x00000044       0x23 d:/devkitpro/devkitarm/bin/../lib/gcc/arm-none-eabi/4.9.2/../../../../arm-none-eabi/lib/thumb\libg.a(lib_a-callocr.o)
 .comment       0x00000044       0x23 d:/devkitpro/devkitarm/bin/../lib/gcc/arm-none-eabi/4.9.2/../../../../arm-none-eabi/lib/thumb\libg.a(lib_a-fclose.o)
 .comment       0x00000044       0x23 d:/devkitpro/devkitarm/bin/../lib/gcc/arm-none-eabi/4.9.2/../../../../arm-none-eabi/lib/thumb\libsysbase.a(iosupport.o)
 .comment       0x00000044       0x23 d:/devkitpro/devkitarm/bin/../lib/gcc/arm-none-eabi/4.9.2/../../../../arm-none-eabi/lib/thumb\libsysbase.a(close.o)
 .comment       0x00000044       0x23 d:/devkitpro/devkitarm/bin/../lib/gcc/arm-none-eabi/4.9.2/../../../../arm-none-eabi/lib/thumb\libsysbase.a(fstat.o)
 .comment       0x00000044       0x23 d:/devkitpro/devkitarm/bin/../lib/gcc/arm-none-eabi/4.9.2/../../../../arm-none-eabi/lib/thumb\libsysbase.a(isatty.o)
 .comment       0x00000044       0x23 d:/devkitpro/devkitarm/bin/../lib/gcc/arm-none-eabi/4.9.2/../../../../arm-none-eabi/lib/thumb\libsysbase.a(lseek.o)
 .comment       0x00000044       0x23 d:/devkitpro/devkitarm/bin/../lib/gcc/arm-none-eabi/4.9.2/../../../../arm-none-eabi/lib/thumb\libsysbase.a(read.o)
 .comment       0x00000044       0x23 d:/devkitpro/devkitarm/bin/../lib/gcc/arm-none-eabi/4.9.2/../../../../arm-none-eabi/lib/thumb\libsysbase.a(sbrk.o)
 .comment       0x00000044       0x23 d:/devkitpro/devkitarm/bin/../lib/gcc/arm-none-eabi/4.9.2/../../../../arm-none-eabi/lib/thumb\libsysbase.a(write.o)
 .comment       0x00000044       0x23 d:/devkitpro/devkitarm/bin/../lib/gcc/arm-none-eabi/4.9.2/../../../../arm-none-eabi/lib/thumb\libsysbase.a(malloc_vars.o)
 .comment       0x00000044       0x23 d:/devkitpro/devkitarm/bin/../lib/gcc/arm-none-eabi/4.9.2/../../../../arm-none-eabi/lib/thumb\libsysbase.a(build_argv.o)
 .comment       0x00000044       0x23 d:/devkitpro/devkitarm/bin/../lib/gcc/arm-none-eabi/4.9.2/../../../../arm-none-eabi/lib/thumb\libsysbase.a(flock.o)
 .comment       0x00000044       0x23 d:/devkitpro/devkitarm/bin/../lib/gcc/arm-none-eabi/4.9.2/../../../../arm-none-eabi/lib/thumb\libsysbase.a(syscall_support.o)
 .comment       0x00000044       0x23 d:/devkitpro/devkitarm/bin/../lib/gcc/arm-none-eabi/4.9.2/../../../../arm-none-eabi/lib/thumb\libsysbase.a(handle_manager.o)
 .comment       0x00000044       0x23 d:/devkitpro/devkitarm/bin/../lib/gcc/arm-none-eabi/4.9.2/../../../../arm-none-eabi/lib/thumb\libsysbase.a(getreent.o)
 .comment       0x00000044       0x23 d:/devkitpro/devkitarm/bin/../lib/gcc/arm-none-eabi/4.9.2/thumb\libgcc.a(_muldi3.o)
 .comment       0x00000044       0x23 d:/devkitpro/devkitarm/bin/../lib/gcc/arm-none-eabi/4.9.2/thumb\libgcc.a(bpabi.o)
 .comment       0x00000044       0x23 d:/devkitpro/devkitarm/bin/../lib/gcc/arm-none-eabi/4.9.2/thumb\libgcc.a(_divdi3.o)
 .comment       0x00000044       0x23 d:/devkitpro/devkitarm/bin/../lib/gcc/arm-none-eabi/4.9.2/thumb\libgcc.a(_udivdi3.o)
 .comment       0x00000044       0x23 d:/devkitpro/devkitarm/bin/../lib/gcc/arm-none-eabi/4.9.2/thumb/crtend.o

.ARM.attributes
                0x00000000       0x2d
 .ARM.attributes
                0x00000000       0x21 d:/devkitpro/devkitarm/bin/../lib/gcc/arm-none-eabi/4.9.2/../../../../arm-none-eabi/lib/thumb/ds_arm9_crt0.o
 .ARM.attributes
                0x00000021       0x16 d:/devkitpro/devkitarm/bin/../lib/gcc/arm-none-eabi/4.9.2/thumb/crti.o
 .ARM.attributes
                0x00000037       0x30 d:/devkitpro/devkitarm/bin/../lib/gcc/arm-none-eabi/4.9.2/thumb/crtbegin.o
 .ARM.attributes
                0x00000067       0x27 httpget.o
 .ARM.attributes
                0x0000008e       0x27 d:/devkitPro/libnds/lib\libdswifi9.a(wifi_arm9.o)
 .ARM.attributes
                0x000000b5       0x27 d:/devkitPro/libnds/lib\libdswifi9.a(sgIP_sockets.o)
 .ARM.attributes
                0x000000dc       0x27 d:/devkitPro/libnds/lib\libdswifi9.a(sgIP_memblock.o)
 .ARM.attributes
                0x00000103       0x27 d:/devkitPro/libnds/lib\libdswifi9.a(sgIP_TCP.o)
 .ARM.attributes
                0x0000012a       0x27 d:/devkitPro/libnds/lib\libdswifi9.a(sgIP_Hub.o)
 .ARM.attributes
                0x00000151       0x27 d:/devkitPro/libnds/lib\libdswifi9.a(sgIP_DNS.o)
 .ARM.attributes
                0x00000178       0x21 d:/devkitPro/libnds/lib\libdswifi9.a(spinlock.o)
 .ARM.attributes
                0x00000199       0x27 d:/devkitPro/libnds/lib\libdswifi9.a(sgIP_DHCP.o)
 .ARM.attributes
                0x000001c0       0x27 d:/devkitPro/libnds/lib\libdswifi9.a(sgIP_UDP.o)
 .ARM.attributes
                0x000001e7       0x27 d:/devkitPro/libnds/lib\libdswifi9.a(sgIP.o)
 .ARM.attributes
                0x0000020e       0x27 d:/devkitPro/libnds/lib\libdswifi9.a(sgIP_ARP.o)
 .ARM.attributes
                0x00000235       0x27 d:/devkitPro/libnds/lib\libdswifi9.a(sgIP_IP.o)
 .ARM.attributes
                0x0000025c       0x27 d:/devkitPro/libnds/lib\libdswifi9.a(sgIP_ICMP.o)
 .ARM.attributes
                0x00000283       0x27 d:/devkitPro/libnds/lib\libnds9.a(console.o)
 .ARM.attributes
                0x000002aa       0x27 d:/devkitPro/libnds/lib\libnds9.a(background.o)
 .ARM.attributes
                0x000002d1       0x27 d:/devkitPro/libnds/lib\libnds9.a(initSystem.o)
 .ARM.attributes
                0x000002f8       0x27 d:/devkitPro/libnds/lib\libnds9.a(fifosystem.o)
 .ARM.attributes
                0x0000031f       0x27 d:/devkitPro/libnds/lib\libnds9.a(libnds_exit.arm.o)
 .ARM.attributes
                0x00000346       0x27 d:/devkitPro/libnds/lib\libnds9.a(interrupts.o)
 .ARM.attributes
                0x0000036d       0x1b d:/devkitPro/libnds/lib\libnds9.a(dcache.o)
 .ARM.attributes
                0x00000388       0x21 d:/devkitPro/libnds/lib\libnds9.a(mpu_setup.o)
 .ARM.attributes
                0x000003a9       0x21 d:/devkitPro/libnds/lib\libnds9.a(swiSoftReset.o)
 .ARM.attributes
                0x000003ca       0x1b d:/devkitPro/libnds/lib\libnds9.a(debugprint.o)
 .ARM.attributes
                0x000003e5       0x1b d:/devkitPro/libnds/lib\libnds9.a(biosCalls.o)
 .ARM.attributes
                0x00000400       0x1b d:/devkitPro/libnds/lib\libnds9.a(interruptDispatcher.o)
 .ARM.attributes
                0x0000041b       0x14 d:/devkitPro/libnds/lib\libnds9.a(default_font.bin.o)
 .ARM.attributes
                0x0000042f       0x27 d:/devkitPro/libnds/lib\libnds9.a(trig.o)
 .ARM.attributes
                0x00000456       0x27 d:/devkitPro/libnds/lib\libnds9.a(system.o)
 .ARM.attributes
                0x0000047d       0x27 d:/devkitPro/libnds/lib\libnds9.a(video.o)
 .ARM.attributes
                0x000004a4       0x27 d:/devkitPro/libnds/lib\libnds9.a(timeSupport.o)
 .ARM.attributes
                0x000004cb       0x16 d:/devkitpro/devkitarm/bin/../lib/gcc/arm-none-eabi/4.9.2/thumb\libgcc.a(_thumb1_case_uqi.o)
 .ARM.attributes
                0x000004e1       0x16 d:/devkitpro/devkitarm/bin/../lib/gcc/arm-none-eabi/4.9.2/thumb\libgcc.a(_thumb1_case_uhi.o)
 .ARM.attributes
                0x000004f7       0x18 d:/devkitpro/devkitarm/bin/../lib/gcc/arm-none-eabi/4.9.2/thumb\libgcc.a(_udivsi3.o)
 .ARM.attributes
                0x0000050f       0x18 d:/devkitpro/devkitarm/bin/../lib/gcc/arm-none-eabi/4.9.2/thumb\libgcc.a(_divsi3.o)
 .ARM.attributes
                0x00000527       0x16 d:/devkitpro/devkitarm/bin/../lib/gcc/arm-none-eabi/4.9.2/thumb\libgcc.a(_dvmd_tls.o)
 .ARM.attributes
                0x0000053d       0x30 d:/devkitpro/devkitarm/bin/../lib/gcc/arm-none-eabi/4.9.2/../../../../arm-none-eabi/lib/thumb\libg.a(lib_a-bsearch.o)
 .ARM.attributes
                0x0000056d       0x30 d:/devkitpro/devkitarm/bin/../lib/gcc/arm-none-eabi/4.9.2/../../../../arm-none-eabi/lib/thumb\libg.a(lib_a-errno.o)
 .ARM.attributes
                0x0000059d       0x30 d:/devkitpro/devkitarm/bin/../lib/gcc/arm-none-eabi/4.9.2/../../../../arm-none-eabi/lib/thumb\libg.a(lib_a-init.o)
 .ARM.attributes
                0x000005cd       0x30 d:/devkitpro/devkitarm/bin/../lib/gcc/arm-none-eabi/4.9.2/../../../../arm-none-eabi/lib/thumb\libg.a(lib_a-iprintf.o)
 .ARM.attributes
                0x000005fd       0x30 d:/devkitpro/devkitarm/bin/../lib/gcc/arm-none-eabi/4.9.2/../../../../arm-none-eabi/lib/thumb\libg.a(lib_a-malloc.o)
 .ARM.attributes
                0x0000062d       0x30 d:/devkitpro/devkitarm/bin/../lib/gcc/arm-none-eabi/4.9.2/../../../../arm-none-eabi/lib/thumb\libg.a(lib_a-mallocr.o)
 .ARM.attributes
                0x0000065d       0x30 d:/devkitpro/devkitarm/bin/../lib/gcc/arm-none-eabi/4.9.2/../../../../arm-none-eabi/lib/thumb\libg.a(lib_a-memcpy.o)
 .ARM.attributes
                0x0000068d       0x30 d:/devkitpro/devkitarm/bin/../lib/gcc/arm-none-eabi/4.9.2/../../../../arm-none-eabi/lib/thumb\libg.a(lib_a-memset.o)
 .ARM.attributes
                0x000006bd       0x30 d:/devkitpro/devkitarm/bin/../lib/gcc/arm-none-eabi/4.9.2/../../../../arm-none-eabi/lib/thumb\libg.a(lib_a-mlock.o)
 .ARM.attributes
                0x000006ed       0x30 d:/devkitpro/devkitarm/bin/../lib/gcc/arm-none-eabi/4.9.2/../../../../arm-none-eabi/lib/thumb\libg.a(lib_a-setvbuf.o)
 .ARM.attributes
                0x0000071d       0x30 d:/devkitpro/devkitarm/bin/../lib/gcc/arm-none-eabi/4.9.2/../../../../arm-none-eabi/lib/thumb\libg.a(lib_a-siscanf.o)
 .ARM.attributes
                0x0000074d       0x30 d:/devkitpro/devkitarm/bin/../lib/gcc/arm-none-eabi/4.9.2/../../../../arm-none-eabi/lib/thumb\libg.a(lib_a-sprintf.o)
 .ARM.attributes
                0x0000077d       0x30 d:/devkitpro/devkitarm/bin/../lib/gcc/arm-none-eabi/4.9.2/../../../../arm-none-eabi/lib/thumb\libg.a(lib_a-stdio.o)
 .ARM.attributes
                0x000007ad       0x30 d:/devkitpro/devkitarm/bin/../lib/gcc/arm-none-eabi/4.9.2/../../../../arm-none-eabi/lib/thumb\libg.a(lib_a-strcpy.o)
 .ARM.attributes
                0x000007dd       0x30 d:/devkitpro/devkitarm/bin/../lib/gcc/arm-none-eabi/4.9.2/../../../../arm-none-eabi/lib/thumb\libg.a(lib_a-strlen.o)
 .ARM.attributes
                0x0000080d       0x30 d:/devkitpro/devkitarm/bin/../lib/gcc/arm-none-eabi/4.9.2/../../../../arm-none-eabi/lib/thumb\libg.a(lib_a-strncpy.o)
 .ARM.attributes
                0x0000083d       0x30 d:/devkitpro/devkitarm/bin/../lib/gcc/arm-none-eabi/4.9.2/../../../../arm-none-eabi/lib/thumb\libg.a(lib_a-svfiscanf.o)
 .ARM.attributes
                0x0000086d       0x30 d:/devkitpro/devkitarm/bin/../lib/gcc/arm-none-eabi/4.9.2/../../../../arm-none-eabi/lib/thumb\libg.a(lib_a-svfprintf.o)
 .ARM.attributes
                0x0000089d       0x30 d:/devkitpro/devkitarm/bin/../lib/gcc/arm-none-eabi/4.9.2/../../../../arm-none-eabi/lib/thumb\libg.a(lib_a-ungetc.o)
 .ARM.attributes
                0x000008cd       0x30 d:/devkitpro/devkitarm/bin/../lib/gcc/arm-none-eabi/4.9.2/../../../../arm-none-eabi/lib/thumb\libg.a(lib_a-vfiprintf.o)
 .ARM.attributes
                0x000008fd       0x30 d:/devkitpro/devkitarm/bin/../lib/gcc/arm-none-eabi/4.9.2/../../../../arm-none-eabi/lib/thumb\libg.a(lib_a-wcrtomb.o)
 .ARM.attributes
                0x0000092d       0x30 d:/devkitpro/devkitarm/bin/../lib/gcc/arm-none-eabi/4.9.2/../../../../arm-none-eabi/lib/thumb\libg.a(lib_a-wcsrtombs.o)
 .ARM.attributes