Archive member included to satisfy reference by file (symbol)

d:/devkitPror43/libnds/lib\libnds9.a(biosCalls.o)
                              dswnifi_lib.o (swiDelay)
d:/devkitpror43/devkitarm/bin/../lib/gcc/arm-none-eabi/5.3.0/../../../../arm-none-eabi/lib\libm.a(lib_a-w_pow.o)
                              bios.o (pow)
d:/devkitpror43/devkitarm/bin/../lib/gcc/arm-none-eabi/5.3.0/../../../../arm-none-eabi/lib\libm.a(lib_a-w_sqrt.o)
                              bios.o (sqrt)
d:/devkitpror43/devkitarm/bin/../lib/gcc/arm-none-eabi/5.3.0/../../../../arm-none-eabi/lib\libm.a(lib_a-e_pow.o)
                              d:/devkitpror43/devkitarm/bin/../lib/gcc/arm-none-eabi/5.3.0/../../../../arm-none-eabi/lib\libm.a(lib_a-w_pow.o) (__ieee754_pow)
d:/devkitpror43/devkitarm/bin/../lib/gcc/arm-none-eabi/5.3.0/../../../../arm-none-eabi/lib\libm.a(lib_a-e_sqrt.o)
                              d:/devkitpror43/devkitarm/bin/../lib/gcc/arm-none-eabi/5.3.0/../../../../arm-none-eabi/lib\libm.a(lib_a-w_sqrt.o) (__ieee754_sqrt)
d:/devkitpror43/devkitarm/bin/../lib/gcc/arm-none-eabi/5.3.0/../../../../arm-none-eabi/lib\libm.a(lib_a-s_fabs.o)
                              d:/devkitpror43/devkitarm/bin/../lib/gcc/arm-none-eabi/5.3.0/../../../../arm-none-eabi/lib\libm.a(lib_a-e_pow.o) (fabs)
d:/devkitpror43/devkitarm/bin/../lib/gcc/arm-none-eabi/5.3.0/../../../../arm-none-eabi/lib\libm.a(lib_a-s_finite.o)
                              d:/devkitpror43/devkitarm/bin/../lib/gcc/arm-none-eabi/5.3.0/../../../../arm-none-eabi/lib\libm.a(lib_a-w_pow.o) (finite)
d:/devkitpror43/devkitarm/bin/../lib/gcc/arm-none-eabi/5.3.0/../../../../arm-none-eabi/lib\libm.a(lib_a-s_fpclassify.o)
                              d:/devkitpror43/devkitarm/bin/../lib/gcc/arm-none-eabi/5.3.0/../../../../arm-none-eabi/lib\libm.a(lib_a-w_pow.o) (__fpclassifyd)
d:/devkitpror43/devkitarm/bin/../lib/gcc/arm-none-eabi/5.3.0/../../../../arm-none-eabi/lib\libm.a(lib_a-s_lib_ver.o)
                              d:/devkitpror43/devkitarm/bin/../lib/gcc/arm-none-eabi/5.3.0/../../../../arm-none-eabi/lib\libm.a(lib_a-w_pow.o) (__fdlib_version)
d:/devkitpror43/devkitarm/bin/../lib/gcc/arm-none-eabi/5.3.0/../../../../arm-none-eabi/lib\libm.a(lib_a-s_matherr.o)
                              d:/devkitpror43/devkitarm/bin/../lib/gcc/arm-none-eabi/5.3.0/../../../../arm-none-eabi/lib\libm.a(lib_a-w_pow.o) (matherr)
d:/devkitpror43/devkitarm/bin/../lib/gcc/arm-none-eabi/5.3.0/../../../../arm-none-eabi/lib\libm.a(lib_a-s_nan.o)
                              d:/devkitpror43/devkitarm/bin/../lib/gcc/arm-none-eabi/5.3.0/../../../../arm-none-eabi/lib\libm.a(lib_a-e_pow.o) (nan)
d:/devkitpror43/devkitarm/bin/../lib/gcc/arm-none-eabi/5.3.0/../../../../arm-none-eabi/lib\libm.a(lib_a-s_rint.o)
                              d:/devkitpror43/devkitarm/bin/../lib/gcc/arm-none-eabi/5.3.0/../../../../arm-none-eabi/lib\libm.a(lib_a-w_pow.o) (rint)
d:/devkitpror43/devkitarm/bin/../lib/gcc/arm-none-eabi/5.3.0/../../../../arm-none-eabi/lib\libm.a(lib_a-s_scalbn.o)
                              d:/devkitpror43/devkitarm/bin/../lib/gcc/arm-none-eabi/5.3.0/../../../../arm-none-eabi/lib\libm.a(lib_a-e_pow.o) (scalbn)
d:/devkitpror43/devkitarm/bin/../lib/gcc/arm-none-eabi/5.3.0/../../../../arm-none-eabi/lib\libm.a(lib_a-s_copysign.o)
                              d:/devkitpror43/devkitarm/bin/../lib/gcc/arm-none-eabi/5.3.0/../../../../arm-none-eabi/lib\libm.a(lib_a-s_scalbn.o) (copysign)
d:/devkitpror43/devkitarm/bin/../lib/gcc/arm-none-eabi/5.3.0\libgcc.a(_udivsi3.o)
                              RTC.o (__aeabi_uidiv)
d:/devkitpror43/devkitarm/bin/../lib/gcc/arm-none-eabi/5.3.0\libgcc.a(_divsi3.o)
                              bios.o (__aeabi_idiv)
d:/devkitpror43/devkitarm/bin/../lib/gcc/arm-none-eabi/5.3.0\libgcc.a(_dvmd_tls.o)
                              d:/devkitpror43/devkitarm/bin/../lib/gcc/arm-none-eabi/5.3.0\libgcc.a(_udivsi3.o) (__aeabi_idiv0)
d:/devkitpror43/devkitarm/bin/../lib/gcc/arm-none-eabi/5.3.0\libgcc.a(_arm_addsubdf3.o)
                              bios.o (__aeabi_dsub)
d:/devkitpror43/devkitarm/bin/../lib/gcc/arm-none-eabi/5.3.0\libgcc.a(_arm_muldivdf3.o)
                              bios.o (__aeabi_dmul)
d:/devkitpror43/devkitarm/bin/../lib/gcc/arm-none-eabi/5.3.0\libgcc.a(_arm_cmpdf2.o)
                              d:/devkitpror43/devkitarm/bin/../lib/gcc/arm-none-eabi/5.3.0/../../../../arm-none-eabi/lib\libm.a(lib_a-w_pow.o) (__aeabi_dcmpeq)
d:/devkitpror43/devkitarm/bin/../lib/gcc/arm-none-eabi/5.3.0\libgcc.a(_arm_fixdfsi.o)
                              bios.o (__aeabi_d2iz)
d:/devkitpror43/devkitarm/bin/../lib/gcc/arm-none-eabi/5.3.0\libgcc.a(_arm_fixunsdfsi.o)
                              bios.o (__aeabi_d2uiz)
d:/devkitpror43/devkitarm/bin/../lib/gcc/arm-none-eabi/5.3.0/../../../../arm-none-eabi/lib\libc.a(lib_a-assert.o)
                              Util.o (__assert_func)
[...]
Memory Configuration

Name             Origin             Length             Attributes
rom              0x08000000         0x02000000
gbarom           0x02180000         0x00200000
gbaew            0x02000000         0x00040000
ewram            0x02100000         0x00100000
dtcm             0x027c0000         0x00004000
vectors          0x01ff8000         0x00000200
itcm             0x01ff8200         0x00007e00
*default*        0x00000000         0xffffffff

Linker script and memory map

                0x01ff8000                __vectors_start = ORIGIN (vectors)
                0x01ff8200                __itcm_start = ORIGIN (itcm)
                0x02000000                __itcm_end = (ORIGIN (itcm) + 0x7e00)
                0x02100000                __ewram_start = ORIGIN (ewram)
                0x02200000                __ewram_end = (ORIGIN (ewram) + 0x100000)
                0x02200000                __eheap_end = (ORIGIN (ewram) + 0x100000)
                0x027c0000                __dtcm_start = ORIGIN (dtcm)
                0x027c4000                __dtcm_top = (ORIGIN (dtcm) + 0x4000)
                0x027c3ff8                __irq_flags = (__dtcm_top - 0x8)
                0x027c3ffc                __irq_vector = (__dtcm_top - 0x4)
                0x027c3df4                __sp_undef = ((__dtcm_top - 0x200) - 0xc)
                0x027c2df4                __sp_dabt = (__sp_undef - 0x1000)
                0x027c29f4                __sp_svc = (__sp_dabt - 0x400)
                0x027c25f4                __sp_swi = (__sp_svc - 0x400)
                0x027c15f4                __sp_irq = (__sp_swi - 0x1000)
                0x027c14f4                __sp_usr = (__sp_irq - 0x100)

.init           0x02100000      0x248
                0x02100000                __text_start = .
 *(.init)
 .init          0x02100000      0x230 d:/devkitpror43/devkitarm/bin/../lib/gcc/arm-none-eabi/5.3.0/../../../../arm-none-eabi/lib/ds_arm9_crt0.o
                0x02100000                _start
 .init          0x02100230        0xc d:/devkitpror43/devkitarm/bin/../lib/gcc/arm-none-eabi/5.3.0/crti.o
                0x02100230                _init
 .init          0x0210023c        0xc d:/devkitpror43/devkitarm/bin/../lib/gcc/arm-none-eabi/5.3.0/crtn.o
                0x02100248                . = ALIGN (0x4)

.plt
 *(.plt)

.text           0x02100280    0x4fce8
 *(EXCLUDE_FILE(*.itcm*) .text)
 .text          0x02100280      0x108 d:/devkitpror43/devkitarm/bin/../lib/gcc/arm-none-eabi/5.3.0/crtbegin.o
 .text          0x02100388      0x30c EEprom.o
                0x02100388                eepromInit()
                0x021003a8                eepromReset()
                0x021003dc                eepromRead(unsigned long)
                0x021004a4                eepromWrite(unsigned long, unsigned char)
 .text          0x02100694      0x380 Flash.o
                0x02100694                flashWrite(unsigned long, unsigned char)
                0x0210087c                flashInit()
                0x0210089c                flashReset()
                0x021008c0                flashSetSize(int)
                0x0210091c                flashRead(unsigned long)
                0x021009a4                flashSaveDecide(unsigned long, unsigned char)
                0x021009ec                flashDelayedWrite(unsigned long, unsigned char)
 .text          0x02100a14      0xf28 GBA.arm.o
                0x02100a14                CPUWriteBatteryFile
                0x02100b9c                CPUReadBatteryFile
                0x02100d58                CPULoadRom
                0x02100e08                CPUSwap(unsigned long*, unsigned long*)
                0x02100e1c                CPUInit
                0x02101150                CPUReset
 .text          0x0210193c      0x398 RTC.o
                0x0210193c                rtcEnable(bool)
                0x0210194c                rtcIsEnabled()
                0x0210195c                rtcRead(unsigned long)
                0x02101a14                rtcWrite(unsigned long, unsigned short)
                0x02101cb4                rtcReset()
 .text          0x02101cd4       0xec Sound.arm.o
                0x02101cd4                arm7dmareqandcheat
 .text          0x02101dc0       0x80 Sram.o
                0x02101dc0                sramWrite(unsigned long, unsigned char)
                0x02101de4                sramRead(unsigned long)
                0x02101df8                sramDelayedWrite(unsigned long, unsigned char)
 .text          0x02101e40       0x58 System.o
                0x02101e40                debuggerOutput(char*, unsigned long)
                0x02101e44                systemMessage(int, char const*, ...)
                0x02101e84                systemUpdateMotionSensor()
                0x02101e88                systemGetSensorX()
                0x02101e90                systemGetSensorY()
 .text          0x02101e98      0xc48 Util.o
                0x02101e98                utilIsSAV
                0x02101ef4                utilIsGBAImage
                0x02101fac                patchit
                0x0210253c                utilLoad
                0x021026a0                lutu16bitcnt
                0x021026e0                lutu32bitcnt
                0x02102710                clzero
                0x02102730                strtoupper
                0x02102784                strtolower
                0x021027d8                save_deciderByTitle
                0x02102814                save_decider
                0x021029b8                getVRAMHeapStart
                0x021029c4                vramHeapAlloc
                0x02102a40                vramHeapFree
                0x02102a90                reloadGBAHypervisor
 .text          0x02102ae0      0x1fc agbprint.o
                0x02102ae0                agbPrintWrite(unsigned long, unsigned short)
                0x02102b94                agbPrintReset()
                0x02102ba8                agbPrintEnable(bool)
                0x02102bb8                agbPrintIsEnabled()
                0x02102bc8                agbPrintFlush()
 .text          0x02102cdc     0x16a4 bios.o
                0x02102cdc                BIOS_ArcTan
                0x02102d74                BIOS_BitUnPack
                0x02102e8c                BIOS_GetBiosChecksum
                0x02102ea4                BIOS_BgAffineSet
                0x02103040                BIOS_CpuSet
                0x021031ac                BIOS_CpuFastSet
                0x02103290                BIOS_Diff8bitUnFilterWram
                0x02103334                BIOS_Diff8bitUnFilterVram
                0x021033fc                BIOS_Diff16bitUnFilter
                0x0210348c                BIOS_Div
                0x021034e0                BIOS_ArcTan2
                0x021035a8                BIOS_DivARM
                0x021035c0                BIOS_HuffUnComp
                0x02103898                BIOS_LZ77UnCompVram
                0x02103a7c                BIOS_LZ77UnCompWram
                0x02103bf0                BIOS_ObjAffineSet
                0x02103d00                BIOS_RegisterRamReset
                0x02103f4c                BIOS_RLUnCompVram
                0x02104098                BIOS_RLUnCompWram
                0x0210417c                BIOS_SoftReset
                0x02104274                BIOS_Sqrt
                0x0210429c                BIOS_MidiKey2Freq
                0x02104348                BIOS_SndDriverJmpTableCopy
 .text          0x02104380     0x171c cheatsys_extractor.o
                0x02104380                cheatsCheckKeys()
 .text          0x02105a9c      0x220 cpumg.o
                0x02105a9c                debugDump
                0x02105b70                failcpphandler
                0x02105bb8                gbaInit
                0x02105c9c                setGBAVectors
 .text          0x02105cbc      0x2c8 irqstuf.arm.o
                0x02105cbc                pausemenue
 .text          0x02105f84      0xaa8 mydebuger.o
                0x02105f84                wait_press_b
                0x02105fb4                userinputval(unsigned long, unsigned long)
                0x02106030                show_gba_mem()
                0x0210635c                show_nds_mem()
                0x02106600                show_mem
 .text          0x02106a2c       0x2c anothercpu.arm.o
                0x02106a2c                unknowndebugprint
 .text          0x02106a58       0x90 gba_ipc.o
                0x02106a58                gba_get_yearbytertc
                0x02106a68                gba_get_monthrtc
                0x02106a78                gba_get_dayrtc
                0x02106a88                gba_get_dayofweekrtc
                0x02106a98                gba_get_hourrtc
                0x02106aa8                gba_get_minrtc
                0x02106ab8                gba_get_secrtc
                0x02106ac8                Setarm7Sleep
                0x02106ad8                Getarm7Sleep
 .text          0x02106ae8       0x5c wifi_shared.o
                0x02106ae8                DeInitWIFI
 .text          0x02106b44     0x16d8 dswnifi_lib.o
                0x02106b44                remotePipeCleanUp
                0x02106b48                remoteTcpCleanUp
                0x02106b90                remoteTcpSend
                0x02106bb8                remoteTcpRecv
                0x02106be0                remotePipeSend
                0x02106bfc                remotePipeRecv
                0x02106c18                remotePipeInit
                0x02106c4c                remoteTcpInit
                0x02106d78                get_ewram_start
                0x02106d84                get_ewram_size
                0x02106d9c                get_itcm_start
                0x02106da8                get_itcm_size
                0x02106dc0                get_dtcm_start
                0x02106dcc                get_dtcm_size
                0x02106de4                split
                0x02106ed4                print_ip
                0x02106f20                Timer_10ms
                0x02106f34                initNiFi
                0x02106f94                doMULTIDaemonStage2
                0x021075e0                HandleSendUserspace
                0x02107604                getDSWNIFIStr
                0x02107610                connectDSWIFIAP
                0x02107648                gdbNdsStart
                0x0210767c                switch_dswnifi_mode
                0x02107774                remoteSetPort
                0x02107784                remoteSetProtocol
                0x021077f8                remoteInit
                0x02107834                remotePutPacket
                0x02107900                remoteSendSignal
                0x02107940                remoteSendStatus
                0x02107a18                remoteBinaryWrite
                0x02107ab8                remoteMemoryWrite
                0x02107b6c                remoteStepOverRange
                0x02107bb8                remoteWriteWatch
                0x02107cac                remoteReadRegisters
                0x02107d98                remoteWriteRegister
                0x02107dcc                remoteStubSignal
                0x02107dec                remoteCleanUp
                0x02107e34                debuggerReadMemory
                0x02107e54                debuggerReadHalfWord
                0x02107e78                debuggerReadByte
                0x02107e98                remoteOutput
                0x02107f34                remoteMemoryRead
                0x02107fcc                remoteStubMain
 .text          0x0210821c       0xe8 sgIP.o
                0x0210821c                sgIP_Init
                0x0210826c                sgIP_Timer
 .text          0x02108304      0x918 sgIP_ARP.o
                0x02108304                sgIP_FindArpSlot
                0x02108354                sgIP_GetArpSlot
                0x021083d4                sgIP_is_broadcast_address
                0x021083ec                sgIP_ARP_Check_isok
                0x021083f4                sgIP_ARP_Init
                0x02108420                sgIP_ARP_FlushInterface
                0x02108464                sgIP_ARP_ProcessIPFrame
                0x0210846c                sgIP_ARP_SendARPResponse
                0x021085e4                sgIP_ARP_SendGratARP
                0x02108750                sgIP_ARP_SendARPRequest
                0x021088b0                sgIP_ARP_Timer100ms
                0x02108948                sgIP_ARP_SendProtocolFrame
                0x02108ac4                sgIP_ARP_ProcessARPFrame
 .text          0x02108c1c      0xc3c sgIP_DHCP.o
                0x02108c1c                sgIP_DHCP_Init
                0x02108c7c                sgIP_DHCP_SetHostName
                0x02108ca8                sgIP_DHCP_IsDhcpIp
                0x02108cc4                sgIP_DHCP_SendDgram
                0x02108d6c                sgIP_DHCP_BeginDgram
                0x02109030                sgIP_DHCP_Terminate
                0x02109084                sgIP_DHCP_Start
                0x021091b0                sgIP_DHCP_Release
                0x021091f8                sgIP_DHCP_Update
                0x02109768                gethostname
                0x021097bc                sethostname
 .text          0x02109858      0xd1c sgIP_DNS.o
                0x0210990c                sgIP_DNS_Init
                0x0210995c                sgIP_DNS_Timer1000ms
                0x021099b4                sgIP_DNS_isipaddress
                0x02109c0c                sgIP_DNS_FindDNSRecord
                0x02109d28                sgIP_DNS_GetUnusedRecord
                0x02109df0                sgIP_DNS_GenerateHostent
                0x02109f08                sgIP_DNS_CopyAliasAt
                0x02109fa0                sgIP_DNS_gethostbyname
                0x0210a50c                inet_addr
                0x0210a530                inet_aton
                0x0210a55c                inet_ntoa
 .text          0x0210a574      0x300 sgIP_Hub.o
                0x0210a574                sgIP_Hub_Init
                0x0210a594                sgIP_Hub_AddProtocolInterface
                0x0210a604                sgIP_Hub_AddHardwareInterface
                0x0210a670                sgIP_Hub_RemoveProtocolInterface
                0x0210a69c                sgIP_Hub_RemoveHardwareInterface
                0x0210a6c8                sgIP_Hub_ReceiveHardwarePacket
                0x0210a75c                sgIP_Hub_SendProtocolPacket
                0x0210a7cc                sgIP_Hub_SendRawPacket
                0x0210a808                sgIP_Hub_IPMaxMessageSize
                0x0210a814                sgIP_Hub_GetCompatibleIP
                0x0210a82c                sgIP_Hub_GetDefaultInterface
                0x0210a844                htons
                0x0210a858                htonl
 .text          0x0210a874       0xa8 sgIP_ICMP.o
                0x0210a874                sgIP_ICMP_Init
                0x0210a878                sgIP_ICMP_ReceivePacket
 .text          0x0210a91c      0x1e4 sgIP_IP.o
                0x0210a91c                sgIP_IP_ReceivePacket
                0x0210aa14                sgIP_IP_MaxContentsSize
                0x0210aa28                sgIP_IP_RequiredHeaderSize
                0x0210aa30                sgIP_IP_SendViaIP
                0x0210aae4                sgIP_IP_GetLocalBindAddr
 .text          0x0210ab00     0x16a8 sgIP_TCP.o
                0x0210ab00                sgIP_TCP_Init
                0x0210ab4c                sgIP_TCP_support_seqhash
                0x0210abc0                sgIP_TCP_GetUnusedOutgoingPort
                0x0210ac60                sgIP_TCP_CalcChecksum
                0x0210ace8                sgIP_TCP_GenHeader
                0x0210add4                sgIP_TCP_FixChecksum
                0x0210ae68                sgIP_TCP_SendPacket
                0x0210af7c                sgIP_TCP_SendSynReply
                0x0210b064                sgIP_TCP_Timer
                0x0210b330                sgIP_TCP_AllocRecord
                0x0210b3b4                sgIP_TCP_ReceivePacket
                0x0210bb60                sgIP_TCP_FreeRecord
                0x0210bc84                sgIP_TCP_Bind
                0x0210bcd4                sgIP_TCP_Listen
                0x0210bd5c                sgIP_TCP_Accept
                0x0210be20                sgIP_TCP_Close
                0x0210be70                sgIP_TCP_Connect
                0x0210bf3c                sgIP_TCP_Send
                0x0210c07c                sgIP_TCP_Recv
 .text          0x0210c1a8      0x640 sgIP_UDP.o
                0x0210c1a8                sgIP_UDP_Init
                0x0210c1d0                sgIP_UDP_GetUnusedOutgoingPort
                0x0210c260                sgIP_UDP_CalcChecksum
                0x0210c304                sgIP_UDP_ReceivePacket
                0x0210c404                sgIP_UDP_SendPacket
                0x0210c550                sgIP_UDP_AllocRecord
                0x0210c5b4                sgIP_UDP_FreeRecord
                0x0210c63c                sgIP_UDP_Bind
                0x0210c6a0                sgIP_UDP_RecvFrom
                0x0210c7dc                sgIP_UDP_SendTo
 .text          0x0210c7e8      0x3b0 sgIP_memblock.o
                0x0210c7e8                sgIP_memblock_Init
                0x0210c7ec                sgIP_memblock_allocHW
                0x0210c830                sgIP_memblock_alloc
                0x0210c83c                sgIP_memblock_free
                0x0210c880                sgIP_memblock_exposeheader
                0x0210c8c8                sgIP_memblock_trimsize
                0x0210c920                sgIP_memblock_IPChecksum
                0x0210ca28                sgIP_memblock_CopyToLinear
                0x0210cadc                sgIP_memblock_CopyFromLinear
                0x0210cb90                sgIP_memblock_CopyBlock
 .text          0x0210cb98     0x11d0 sgIP_sockets.o
                0x0210cb98                sgIP_sockets_Init
                0x0210cbc4                spawn_socket
                0x0210cc40                kill_socket
                0x0210cc94                socket
                0x0210cd70                forceclosesocket
                0x0210cdfc                sgIP_sockets_Timer1000ms
                0x0210ce80                bind
                0x0210cf28                connect
                0x0210d054                send
                0x0210d13c                recv
                0x0210d224                sendto
                0x0210d2e0                recvfrom
                0x0210d410                listen
                0x0210d4a0                accept
                0x0210d5e0                shutdown
                0x0210d668                closesocket
                0x0210d74c                ioctl
                0x0210d860                setsockopt
                0x0210d868                getsockopt
                0x0210d870                getpeername
                0x0210d958                getsockname
                0x0210da50                gethostbyname
                0x0210da60                select
 .text          0x0210dd68     0x15c4 wifi_arm9.o
                0x0210dd68                Wifi_Interface_Init
                0x0210dddc                arm9_synctoarm7
                0x0210ddf8                sgIP_IntrWaitEvent
                0x0210ddfc                wHeapAllocInit
                0x0210de58                wHeapAlloc
                0x0210df7c                wHeapFree
                0x0210dfb0                sgIP_malloc
                0x0210dfb4                sgIP_free
                0x0210dfb8                ethhdr_print
                0x0210dfbc                erasemem
                0x0210dfd8                Wifi_CopyMacAddr
                0x0210dff4                Wifi_CmpMacAddr
                0x0210e034                Wifi_TxBufferWordsAvailable
                0x0210e064                Wifi_TxBufferWrite
                0x0210e0cc                Wifi_TransmitFunction
                0x0210e3a0                Wifi_RxRawReadPacket
                0x0210e438                Wifi_RxReadOffset
                0x0210e470                Wifi_RawTxFrame
                0x0210e58c                Wifi_RawSetPacketHandler
                0x0210e59c                Wifi_SetSyncHandler
                0x0210e5ac                Wifi_DisableWifi
                0x0210e5dc                Wifi_EnableWifi
                0x0210e60c                Wifi_SetPromiscuousMode
                0x0210e644                Wifi_ScanMode
                0x0210e674                Wifi_SetChannel
                0x0210e6bc                Wifi_GetNumAP
                0x0210e704                Wifi_GetAPData
                0x0210e7e8                Wifi_FindMatchingAP
                0x0210e938                Wifi_AutoConnect
                0x0210e970                Wifi_DisconnectAP
                0x0210e9bc                Wifi_ConnectAP
                0x0210eb34                Wifi_Init
                0x0210ebdc                Wifi_CheckInit
                0x0210ec0c                Wifi_Timer
                0x0210ec28                Timer_50ms
                0x0210ec30                Wifi_GetIP
                0x0210ec48                Wifi_GetIPInfo
                0x0210eca4                Wifi_SetIP
                0x0210ece4                Wifi_AssocStatus
                0x0210f0e8                Wifi_SetDHCP
                0x0210f0ec                Wifi_GetData
                0x0210f17c                Wifi_GetStats
                0x0210f1bc                Wifi_Sync
                0x0210f1e4                Wifi_InitDefault
                0x0210f2e8                WNifi_InitSafeDefault
 .text          0x0210f32c      0x6a4 cache.o
                0x0210f32c                _FAT_cache_constructor
                0x0210f3e8                _FAT_cache_getPage
                0x0210f544                _FAT_cache_readSectors
                0x0210f5c4                _FAT_cache_readPartialSector
                0x0210f634                _FAT_cache_readLittleEndianValue
                0x0210f6a4                _FAT_cache_writePartialSector
                0x0210f718                _FAT_cache_writeLittleEndianValue
                0x0210f794                _FAT_cache_eraseWritePartialSector
                0x0210f81c                _FAT_cache_writeSectors
                0x0210f8ac                _FAT_cache_flush
                0x0210f92c                _FAT_cache_destructor
                0x0210f97c                _FAT_cache_invalidate
 .text          0x0210f9d0     0x1940 directory.o
                0x0210fdac                _FAT_directory_entryGetCluster
                0x0210fdf0                _FAT_directory_getNextEntry
                0x02110070                _FAT_directory_getFirstEntry
                0x02110174                _FAT_directory_getRootEntry
                0x02110214                _FAT_directory_getVolumeLabel
                0x021102fc                _FAT_directory_entryFromPosition
                0x02110490                _FAT_directory_entryFromPath
                0x02110724                _FAT_directory_removeEntry
                0x02110800                _FAT_directory_addEntry
                0x02111180                _FAT_directory_chdir
                0x021111d4                _FAT_directory_entryStat
 .text          0x02111310       0x54 dldi.o
                0x02111310                dldiGetInternal
 .text          0x02111364      0xb84 fatdir.o
                0x02111364                _FAT_stat_r
                0x02111424                _FAT_link_r
                0x02111434                _FAT_unlink_r
                0x021115e8                _FAT_chdir_r
                0x0211167c                _FAT_rename_r
                0x021118b0                _FAT_mkdir_r
                0x02111bc0                _FAT_statvfs_r
                0x02111c88                _FAT_diropen_r
                0x02111d90                _FAT_dirreset_r
                0x02111dfc                _FAT_dirnext_r
                0x02111eb4                _FAT_dirclose_r
 .text          0x02111ee8     0x1b70 fatfile.o
                0x02112250                _FAT_findEntry
                0x021122a4                FAT_getAttr
                0x021122cc                FAT_setAttr
                0x02112338                _FAT_open_r
                0x0211270c                _FAT_syncToDisc
                0x02112860                _FAT_close_r
                0x0211290c                _FAT_read_r
                0x02112d58                _FAT_write_r
                0x021132c0                _FAT_seek_r
                0x02113498                _FAT_fstat_r
                0x02113564                _FAT_ftruncate_r
                0x02113740                _FAT_fsync_r
                0x021137a0                generatefilemap
                0x021139b8                getandpatchmap
 .text          0x02113a58      0x694 file_allocation_table.o
                0x02113c18                _FAT_fat_nextCluster
                0x02113db4                _FAT_fat_linkFreeCluster
                0x02113e78                _FAT_fat_linkFreeClusterCleared
                0x02113f08                _FAT_fat_clearLinks
                0x02113fb4                _FAT_fat_trimChain
                0x02114054                _FAT_fat_lastCluster
                0x021140a8                _FAT_fat_freeClusterCount
 .text          0x021140ec      0x14c filetime.o
                0x021140ec                _FAT_filetime_getTimeFromRTC
                0x0211415c                _FAT_filetime_getDateFromRTC
                0x021141d0                _FAT_filetime_to_time_t
 .text          0x02114238      0x464 libfat.o
                0x02114238                fatMount
                0x0211435c                fatMountSimple
                0x02114380                fatUnmount
                0x021143d4                fatInit
                0x02114568                fatInitDefault
                0x02114574                fatGetVolumeLabel
 .text          0x0211469c       0x10 lock.o
                0x0211469c                _FAT_lock_init
                0x021146a0                _FAT_lock_deinit
                0x021146a4                _FAT_lock
                0x021146a8                _FAT_unlock
 .text          0x021146ac      0x918 partition.o
                0x02114718                FindFirstValidPartition_buf
                0x021148f8                FindFirstValidPartition
                0x02114938                _FAT_partition_getPartitionFromPath
                0x02114950                _FAT_partition_createFSinfo
                0x02114a20                _FAT_partition_readFSinfo
                0x02114aec                _FAT_partition_constructor_buf
                0x02114e3c                _FAT_partition_constructor
                0x02114e98                _FAT_partition_writeFSinfo
                0x02114f64                _FAT_partition_destructor
 .text          0x02114fc4      0x3e0 background.o
                0x02115020                bgIsText
                0x02115030                checkIfText
                0x0211509c                bgUpdate
                0x02115198                bgInit_call
                0x02115298                bgInitSub_call
 .text          0x021153a4      0xe90 console.o
                0x021154b0                consoleGetDefault
                0x021154bc                consoleSelect
                0x021154d4                consoleDebugInit
                0x02115528                consolePrintChar
                0x021157f8                consoleLoadFont
                0x02115a38                consoleSetFont
                0x02115a70                consoleInit
                0x02115e14                consoleDemoInit
                0x02115e58                con_write
                0x021161e8                consoleClear
                0x02116200                consoleSetWindow
 .text          0x02116234      0x170 devkitpatcher.o
                0x02116234                ichflyfifoinit
                0x02116264                initSystem
                0x0211637c                triggerdmairq
 .text          0x021163a4      0x2ac interrupts.o
                0x021163a4                irqDummy
                0x021163a8                __irqSet
                0x021163e0                irqSet
                0x02116450                irqInit
                0x021164b4                irqInitHandler
                0x021164e4                irqEnable
                0x0211655c                irqDisable
                0x021165f4                irqClear
 .text          0x02116650      0x128 keys.o
                0x02116650                keysHeld
                0x02116660                keysDown
                0x02116678                scanKeys
                0x02116700                keysDownRepeat
                0x02116718                keysSetRepeat
                0x02116740                keysUp
                0x0211675c                keysCurrent
 .text          0x02116778        0x4 libnds_exit.o
                0x02116778                __libnds_exit
 .text          0x0211677c       0x3c sassert.o
                0x0211677c                __sassert
 .text          0x021167b8       0xa8 trig.o
                0x021167b8                sinLutLookup
                0x02116808                sinLerp
                0x02116850                cosLerp
 .text          0x02116860      0x1c8 video.o
                0x02116860                vramSetPrimaryBanks
                0x02116898                vramSetMainBanks
                0x0211689c                vramSetBanks_EFG
                0x021168c4                vramRestorePrimaryBanks
                0x021168d0                vramRestoreMainBanks
                0x021168dc                vramRestoreBanks_EFG
                0x021168e8                setBrightness
                0x02116938                vramDefault
 .text          0x02116a28       0x5c spinlock.o
                0x02116a28                SLasm_Acquire
                0x02116a5c                SLasm_Release
 .text          0x02116a84       0x7c dcache.o
                0x02116a84                DC_FlushAll
                0x02116ab0                DC_FlushRange
                0x02116acc                DC_InvalidateAll
                0x02116ad8                DC_InvalidateRange
                0x02116af4                DrainWriteBuffer
 .text          0x02116b00       0x28 icache.o
                0x02116b00                IC_InvalidateAll
                0x02116b0c                IC_InvalidateRange
 .text          0x02116b28      0x1b4 mpu_setup.o
                0x02116b28                __libnds_mpu_setup
                0x02116c68                memCached
                0x02116c80                memUncached
 *fill*         0x02116cdc       0x24 ff
 .text          0x02116d00     0x8000 dldi_stub.o
                0x02116d00                _io_dldi_stub
 .text          0x0211ed00       0x70 d:/devkitPror43/libnds/lib\libnds9.a(biosCalls.o)
                0x0211ed00                swiDelay
                0x0211ed04                swiWaitForVBlank
                0x0211ed08                swiSleep
                0x0211ed0c                swiChangeSoundBias
                0x0211ed10                swiDivide
                0x0211ed14                swiRemainder
                0x0211ed1a                swiDivMod
                0x0211ed26                swiCopy
                0x0211ed2a                swiFastCopy
                0x0211ed2e                swiSqrt
                0x0211ed32                swiCRC16
                0x0211ed36                swiIsDebugger
                0x0211ed3a                swiUnpackBits
                0x0211ed3e                swiDecompressLZSSWram
                0x0211ed42                swiDecompressLZSSVramNTR
                0x0211ed46                swiDecompressLZSSVramTWL
                0x0211ed4a                swiDecompressHuffman
                0x0211ed4e                swiDecompressRLEWram
                0x0211ed52                swiDecompressRLEVram
                0x0211ed56                swiWaitForIRQ
                0x0211ed5a                swiDecodeDelta8
                0x0211ed5e                swiDecodeDelta16
                0x0211ed62                swiSetHaltCR
 .text          0x0211ed70      0x114 d:/devkitpror43/devkitarm/bin/../lib/gcc/arm-none-eabi/5.3.0\libgcc.a(_udivsi3.o)
                0x0211ed70                __aeabi_uidiv
                0x0211ed70                __udivsi3
                0x0211ee64                __aeabi_uidivmod
 .text          0x0211ee84      0x148 d:/devkitpror43/devkitarm/bin/../lib/gcc/arm-none-eabi/5.3.0\libgcc.a(_divsi3.o)
                0x0211ee84                __divsi3
                0x0211ee84                __aeabi_idiv
                0x0211efac                __aeabi_idivmod
 .text          0x0211efcc        0x4 d:/devkitpror43/devkitarm/bin/../lib/gcc/arm-none-eabi/5.3.0\libgcc.a(_dvmd_tls.o)
                0x0211efcc                __aeabi_idiv0
                0x0211efcc                __aeabi_ldiv0
 .text          0x0211efd0      0x41c d:/devkitpror43/devkitarm/bin/../lib/gcc/arm-none-eabi/5.3.0\libgcc.a(_arm_addsubdf3.o)
                0x0211efd0                __aeabi_drsub
                0x0211efd8                __aeabi_dsub
                0x0211efd8                __subdf3
                0x0211efdc                __aeabi_dadd
                0x0211efdc                __adddf3
                0x0211f2ec                __floatunsidf
                0x0211f2ec                __aeabi_ui2d
                0x0211f310                __floatsidf
                0x0211f310                __aeabi_i2d
                0x0211f338                __aeabi_f2d
                0x0211f338                __extendsfdf2
                0x0211f378                __floatundidf
                0x0211f378                __aeabi_ul2d
                0x0211f38c                __floatdidf
                0x0211f38c                __aeabi_l2d
 .text          0x0211f3ec      0x49c d:/devkitpror43/devkitarm/bin/../lib/gcc/arm-none-eabi/5.3.0\libgcc.a(_arm_muldivdf3.o)
                0x0211f3ec                __aeabi_dmul
                0x0211f3ec                __muldf3
                0x0211f67c                __divdf3
                0x0211f67c                __aeabi_ddiv
 .text          0x0211f888      0x144 d:/devkitpror43/devkitarm/bin/../lib/gcc/arm-none-eabi/5.3.0\libgcc.a(_arm_cmpdf2.o)
                0x0211f888                __gtdf2
                0x0211f888                __gedf2
                0x0211f890                __ltdf2
                0x0211f890                __ledf2
                0x0211f898                __nedf2
                0x0211f898                __eqdf2
                0x0211f898                __cmpdf2
                0x0211f920                __aeabi_cdrcmple
                0x0211f93c                __aeabi_cdcmpeq
                0x0211f93c                __aeabi_cdcmple
                0x0211f954                __aeabi_dcmpeq
                0x0211f96c                __aeabi_dcmplt
                0x0211f984                __aeabi_dcmple
                0x0211f99c                __aeabi_dcmpge
                0x0211f9b4                __aeabi_dcmpgt
 .text          0x0211f9cc       0x5c d:/devkitpror43/devkitarm/bin/../lib/gcc/arm-none-eabi/5.3.0\libgcc.a(_arm_fixdfsi.o)
                0x0211f9cc                __aeabi_d2iz
                0x0211f9cc                __fixdfsi
 .text          0x0211fa28       0x54 d:/devkitpror43/devkitarm/bin/../lib/gcc/arm-none-eabi/5.3.0\libgcc.a(_arm_fixunsdfsi.o)
                0x0211fa28                __aeabi_d2uiz
                0x0211fa28                __fixunsdfsi
 .text          0x0211fa7c      0x224 d:/devkitpror43/devkitarm/bin/../lib/gcc/arm-none-eabi/5.3.0/../../../../arm-none-eabi/lib\libc.a(lib_a-strcmp.o)
                0x0211fa7c                strcmp
 .text          0x0211fca0      0x1e0 d:/devkitpror43/devkitarm/bin/../lib/gcc/arm-none-eabi/5.3.0/../../../../arm-none-eabi/lib\libsysbase.a(iosupport.o)
                0x0211fca8                setDefaultDevice
                0x0211fcc0                FindDevice
                0x0211fd88                RemoveDevice
                0x0211fdb8                AddDevice
                0x0211fe58                GetDeviceOpTab
 .text          0x0211fe80       0x88 d:/devkitpror43/devkitarm/bin/../lib/gcc/arm-none-eabi/5.3.0/../../../../arm-none-eabi/lib\libsysbase.a(close.o)
                0x0211fe80                _close_r
 .text          0x0211ff08       0x74 d:/devkitpror43/devkitarm/bin/../lib/gcc/arm-none-eabi/5.3.0/../../../../arm-none-eabi/lib\libsysbase.a(fstat.o)
                0x0211ff08                _fstat_r
 .text          0x0211ff7c       0x10 d:/devkitpror43/devkitarm/bin/../lib/gcc/arm-none-eabi/5.3.0/../../../../arm-none-eabi/lib\libsysbase.a(getpid.o)
                0x0211ff7c                _getpid_r
 .text          0x0211ff8c       0x28 d:/devkitpror43/devkitarm/bin/../lib/gcc/arm-none-eabi/5.3.0/../../../../arm-none-eabi/lib\libsysbase.a(gettod.o)
                0x0211ff8c                _gettimeofday_r
 .text          0x0211ffb4        0x8 d:/devkitpror43/devkitarm/bin/../lib/gcc/arm-none-eabi/5.3.0/../../../../arm-none-eabi/lib\libsysbase.a(isatty.o)
                0x0211ffb4                _isatty_r
 .text          0x0211ffbc       0x10 d:/devkitpror43/devkitarm/bin/../lib/gcc/arm-none-eabi/5.3.0/../../../../arm-none-eabi/lib\libsysbase.a(kill.o)
                0x0211ffbc                _kill_r
 .text          0x0211ffcc       0x7c d:/devkitpror43/devkitarm/bin/../lib/gcc/arm-none-eabi/5.3.0/../../../../arm-none-eabi/lib\libsysbase.a(lseek.o)
                0x0211ffcc                _lseek_r
 .text          0x02120048       0xd0 d:/devkitpror43/devkitarm/bin/../lib/gcc/arm-none-eabi/5.3.0/../../../../arm-none-eabi/lib\libsysbase.a(open.o)
                0x02120048                _open_r
 .text          0x02120118       0x7c d:/devkitpror43/devkitarm/bin/../lib/gcc/arm-none-eabi/5.3.0/../../../../arm-none-eabi/lib\libsysbase.a(read.o)
                0x02120118                _read_r
 .text          0x02120194       0x70 d:/devkitpror43/devkitarm/bin/../lib/gcc/arm-none-eabi/5.3.0/../../../../arm-none-eabi/lib\libsysbase.a(sbrk.o)
                0x02120194                _sbrk_r
 .text          0x02120204       0x7c d:/devkitpror43/devkitarm/bin/../lib/gcc/arm-none-eabi/5.3.0/../../../../arm-none-eabi/lib\libsysbase.a(write.o)
                0x02120204                _write_r
 .text          0x02120280       0x20 d:/devkitpror43/devkitarm/bin/../lib/gcc/arm-none-eabi/5.3.0/../../../../arm-none-eabi/lib\libsysbase.a(_exit.o)
                0x02120280                _exit
 .text          0x021202a0      0x3b0 d:/devkitpror43/devkitarm/bin/../lib/gcc/arm-none-eabi/5.3.0/../../../../arm-none-eabi/lib\libsysbase.a(chdir.o)
                0x021202a0                _concatenate_path
                0x02120464                chdir
                0x021205b0                getcwd
 .text          0x02120650       0x7c d:/devkitpror43/devkitarm/bin/../lib/gcc/arm-none-eabi/5.3.0/../../../../arm-none-eabi/lib\libsysbase.a(build_argv.o)
                0x02120650                build_argv
 .text          0x021206cc       0x28 d:/devkitpror43/devkitarm/bin/../lib/gcc/arm-none-eabi/5.3.0/../../../../arm-none-eabi/lib\libsysbase.a(flock.o)
                0x021206cc                __flockfile
                0x021206e0                __funlockfile
 .text          0x021206f4      0x100 d:/devkitpror43/devkitarm/bin/../lib/gcc/arm-none-eabi/5.3.0/../../../../arm-none-eabi/lib\libsysbase.a(syscall_support.o)
                0x021206f4                __libc_lock_init
                0x0212070c                __libc_lock_acquire
                0x02120724                __libc_lock_try_acquire
                0x02120744                __libc_lock_release
                0x0212075c                __libc_lock_close
                0x02120774                __libc_lock_init_recursive
                0x0212078c                __libc_lock_acquire_recursive
                0x021207a4                __libc_lock_try_acquire_recursive
                0x021207c4                __libc_lock_release_recursive
                0x021207dc                __libc_lock_close_recursive
 .text          0x021207f4      0x2ec d:/devkitpror43/devkitarm/bin/../lib/gcc/arm-none-eabi/5.3.0/../../../../arm-none-eabi/lib\libsysbase.a(handle_manager.o)
                0x021207f4                __free_handle
                0x02120844                __release_handle
                0x02120884                __alloc_handle
                0x02120900                __get_handle
                0x0212091c                dup
                0x021209c4                dup2
 .text          0x02120ae0      0x4cc d:/devkitpror43/devkitarm/bin/../lib/gcc/arm-none-eabi/5.3.0/../../../../arm-none-eabi/lib\libsysbase.a(dirent.o)
                0x02120b90                opendir
                0x02120c8c                closedir
                0x02120d20                readdir
                0x02120e04                readdir_r
                0x02120edc                rewinddir
                0x02120f04                seekdir
                0x02120f9c                telldir
 .text          0x02120fac       0x24 d:/devkitpror43/devkitarm/bin/../lib/gcc/arm-none-eabi/5.3.0/../../../../arm-none-eabi/lib\libsysbase.a(getreent.o)
                0x02120fac                __getreent
 .text          0x02120fd0       0xa0 d:/devkitpror43/devkitarm/bin/../lib/gcc/arm-none-eabi/5.3.0\libgcc.a(_arm_truncdfsf2.o)
                0x02120fd0                __truncdfsf2
                0x02120fd0                __aeabi_d2f
 .text          0x02121070       0x3c d:/devkitpror43/devkitarm/bin/../lib/gcc/arm-none-eabi/5.3.0\libgcc.a(_aeabi_uldivmod.o)
                0x02121070                __aeabi_uldivmod
 .text          0x021210ac      0x12c d:/devkitpror43/devkitarm/bin/../lib/gcc/arm-none-eabi/5.3.0\libgcc.a(_udivmoddi4.o)
                0x021210ac                __udivmoddi4
 .text          0x021211d8       0x28 d:/devkitpror43/devkitarm/bin/../lib/gcc/arm-none-eabi/5.3.0\libgcc.a(_clzdi2.o)
                0x021211d8                __clzdi2
 .text          0x02121200       0x48 d:/devkitpror43/devkitarm/bin/../lib/gcc/arm-none-eabi/5.3.0\libgcc.a(_clzsi2.o)
                0x02121200                __clzsi2
 *(.text.*)
 .text.startup  0x02121248       0x40 GBA.arm.o
 .text.unlikely
                0x02121288       0x3c RTC.o
 .text.startup  0x021212c4      0x134 main.o
                0x021212c4                main
 .text.hot      0x021213f8     0x9b50 anothercpu.arm.o
                0x021213f8                emuInstrARM
 .text.pow      0x0212af48      0x528 d:/devkitpror43/devkitarm/bin/../lib/gcc/arm-none-eabi/5.3.0/../../../../arm-none-eabi/lib\libm.a(lib_a-w_pow.o)
                0x0212af48                pow
 .text.sqrt     0x0212b470      0x134 d:/devkitpror43/devkitarm/bin/../lib/gcc/arm-none-eabi/5.3.0/../../../../arm-none-eabi/lib\libm.a(lib_a-w_sqrt.o)
                0x0212b470                sqrt
 *fill*         0x0212b5a4        0x4 ff
 .text.__ieee754_pow
                0x0212b5a8      0xfe8 d:/devkitpror43/devkitarm/bin/../lib/gcc/arm-none-eabi/5.3.0/../../../../arm-none-eabi/lib\libm.a(lib_a-e_pow.o)
                0x0212b5a8                __ieee754_pow
 .text.__ieee754_sqrt
                0x0212c590      0x234 d:/devkitpror43/devkitarm/bin/../lib/gcc/arm-none-eabi/5.3.0/../../../../arm-none-eabi/lib\libm.a(lib_a-e_sqrt.o)
                0x0212c590                __ieee754_sqrt
 .text.fabs     0x0212c7c4        0x8 d:/devkitpror43/devkitarm/bin/../lib/gcc/arm-none-eabi/5.3.0/../../../../arm-none-eabi/lib\libm.a(lib_a-s_fabs.o)
                0x0212c7c4                fabs
 .text.finite   0x0212c7cc       0x10 d:/devkitpror43/devkitarm/bin/../lib/gcc/arm-none-eabi/5.3.0/../../../../arm-none-eabi/lib\libm.a(lib_a-s_finite.o)
                0x0212c7cc                finite
 .text.__fpclassifyd
                0x0212c7dc       0x6c d:/devkitpror43/devkitarm/bin/../lib/gcc/arm-none-eabi/5.3.0/../../../../arm-none-eabi/lib\libm.a(lib_a-s_fpclassify.o)
                0x0212c7dc                __fpclassifyd
 .text.matherr  0x0212c848        0x8 d:/devkitpror43/devkitarm/bin/../lib/gcc/arm-none-eabi/5.3.0/../../../../arm-none-eabi/lib\libm.a(lib_a-s_matherr.o)
                0x0212c848                matherr
 .text.nan      0x0212c850       0x10 d:/devkitpror43/devkitarm/bin/../lib/gcc/arm-none-eabi/5.3.0/../../../../arm-none-eabi/lib\libm.a(lib_a-s_nan.o)
                0x0212c850                nan
 .text.rint     0x0212c860      0x194 d:/devkitpror43/devkitarm/bin/../lib/gcc/arm-none-eabi/5.3.0/../../../../arm-none-eabi/lib\libm.a(lib_a-s_rint.o)
                0x0212c860                rint
 *fill*         0x0212c9f4        0x4 ff
 .text.scalbn   0x0212c9f8      0x190 d:/devkitpror43/devkitarm/bin/../lib/gcc/arm-none-eabi/5.3.0/../../../../arm-none-eabi/lib\libm.a(lib_a-s_scalbn.o)
                0x0212c9f8                scalbn
 .text.copysign
                0x0212cb88       0x10 d:/devkitpror43/devkitarm/bin/../lib/gcc/arm-none-eabi/5.3.0/../../../../arm-none-eabi/lib\libm.a(lib_a-s_copysign.o)
                0x0212cb88                copysign
 .text.__assert_func
                0x0212cb98       0x58 d:/devkitpror43/devkitarm/bin/../lib/gcc/arm-none-eabi/5.3.0/../../../../arm-none-eabi/lib\libc.a(lib_a-assert.o)
                0x0212cb98                __assert_func
 .text.calloc   0x0212cbf0       0x24 d:/devkitpror43/devkitarm/bin/../lib/gcc/arm-none-eabi/5.3.0/../../../../arm-none-eabi/lib\libc.a(lib_a-calloc.o)
                0x0212cbf0                calloc
 .text._calloc_r
                0x0212cc14       0x98 d:/devkitpror43/devkitarm/bin/../lib/gcc/arm-none-eabi/5.3.0/../../../../arm-none-eabi/lib\libc.a(lib_a-callocr.o)
                0x0212cc14                _calloc_r
 .text.__errno  0x0212ccac       0x10 d:/devkitpror43/devkitarm/bin/../lib/gcc/arm-none-eabi/5.3.0/../../../../arm-none-eabi/lib\libc.a(lib_a-errno.o)
                0x0212ccac                __errno
 .text._fclose_r
                0x0212ccbc      0x128 d:/devkitpror43/devkitarm/bin/../lib/gcc/arm-none-eabi/5.3.0/../../../../arm-none-eabi/lib\libc.a(lib_a-fclose.o)
                0x0212ccbc                _fclose_r
 .text.fclose   0x0212cde4       0x18 d:/devkitpror43/devkitarm/bin/../lib/gcc/arm-none-eabi/5.3.0/../../../../arm-none-eabi/lib\libc.a(lib_a-fclose.o)
                0x0212cde4                fclose
 .text.__sflush_r
                0x0212cdfc      0x22c d:/devkitpror43/devkitarm/bin/../lib/gcc/arm-none-eabi/5.3.0/../../../../arm-none-eabi/lib\libc.a(lib_a-fflush.o)
                0x0212cdfc                __sflush_r
 .text._fflush_r
                0x0212d028       0x98 d:/devkitpror43/devkitarm/bin/../lib/gcc/arm-none-eabi/5.3.0/../../../../arm-none-eabi/lib\libc.a(lib_a-fflush.o)
                0x0212d028                _fflush_r
 .text.fflush   0x0212d0c0       0x3c d:/devkitpror43/devkitarm/bin/../lib/gcc/arm-none-eabi/5.3.0/../../../../arm-none-eabi/lib\libc.a(lib_a-fflush.o)
                0x0212d0c0                fflush
 .text._cleanup_r
                0x0212d0fc       0x18 d:/devkitpror43/devkitarm/bin/../lib/gcc/arm-none-eabi/5.3.0/../../../../arm-none-eabi/lib\libc.a(lib_a-findfp.o)
                0x0212d0fc                _cleanup_r
 .text.std.isra.0
                0x0212d114       0x84 d:/devkitpror43/devkitarm/bin/../lib/gcc/arm-none-eabi/5.3.0/../../../../arm-none-eabi/lib\libc.a(lib_a-findfp.o)
 .text.__sfmoreglue
                0x0212d198       0x4c d:/devkitpror43/devkitarm/bin/../lib/gcc/arm-none-eabi/5.3.0/../../../../arm-none-eabi/lib\libc.a(lib_a-findfp.o)
                0x0212d198                __sfmoreglue
 .text.__sinit  0x0212d1e4       0x94 d:/devkitpror43/devkitarm/bin/../lib/gcc/arm-none-eabi/5.3.0/../../../../arm-none-eabi/lib\libc.a(lib_a-findfp.o)
                0x0212d1e4                __sinit
 .text.__sfp    0x0212d278      0x124 d:/devkitpror43/devkitarm/bin/../lib/gcc/arm-none-eabi/5.3.0/../../../../arm-none-eabi/lib\libc.a(lib_a-findfp.o)
                0x0212d278                __sfp
 .text.__sfp_lock_acquire
                0x0212d39c       0x18 d:/devkitpror43/devkitarm/bin/../lib/gcc/arm-none-eabi/5.3.0/../../../../arm-none-eabi/lib\libc.a(lib_a-findfp.o)
                0x0212d39c                __sfp_lock_acquire
 .text.__sfp_lock_release
                0x0212d3b4       0x18 d:/devkitpror43/devkitarm/bin/../lib/gcc/arm-none-eabi/5.3.0/../../../../arm-none-eabi/lib\libc.a(lib_a-findfp.o)
                0x0212d3b4                __sfp_lock_release
 .text.fiprintf
                0x0212d3cc       0x3c d:/devkitpror43/devkitarm/bin/../lib/gcc/arm-none-eabi/5.3.0/../../../../arm-none-eabi/lib\libc.a(lib_a-fiprintf.o)
                0x0212d3cc                fiprintf
 .text._fopen_r
                0x0212d408      0x148 d:/devkitpror43/devkitarm/bin/../lib/gcc/arm-none-eabi/5.3.0/../../../../arm-none-eabi/lib\libc.a(lib_a-fopen.o)
                0x0212d408                _fopen_r
 .text.fopen    0x0212d550       0x20 d:/devkitpror43/devkitarm/bin/../lib/gcc/arm-none-eabi/5.3.0/../../../../arm-none-eabi/lib\libc.a(lib_a-fopen.o)
                0x0212d550                fopen
 .text._fputs_r
                0x0212d570       0xf0 d:/devkitpror43/devkitarm/bin/../lib/gcc/arm-none-eabi/5.3.0/../../../../arm-none-eabi/lib\libc.a(lib_a-fputs.o)
                0x0212d570                _fputs_r
 .text.fputs    0x0212d660       0x20 d:/devkitpror43/devkitarm/bin/../lib/gcc/arm-none-eabi/5.3.0/../../../../arm-none-eabi/lib\libc.a(lib_a-fputs.o)
                0x0212d660                fputs
 .text._fread_r
                0x0212d680      0x2d8 d:/devkitpror43/devkitarm/bin/../lib/gcc/arm-none-eabi/5.3.0/../../../../arm-none-eabi/lib\libc.a(lib_a-fread.o)
                0x0212d680                _fread_r
 .text.fread    0x0212d958       0x3c d:/devkitpror43/devkitarm/bin/../lib/gcc/arm-none-eabi/5.3.0/../../../../arm-none-eabi/lib\libc.a(lib_a-fread.o)
                0x0212d958                fread
 .text._malloc_trim_r
                0x0212d994      0x100 d:/devkitpror43/devkitarm/bin/../lib/gcc/arm-none-eabi/5.3.0/../../../../arm-none-eabi/lib\libc.a(lib_a-freer.o)
                0x0212d994                _malloc_trim_r
 .text._free_r  0x0212da94      0x2ec d:/devkitpror43/devkitarm/bin/../lib/gcc/arm-none-eabi/5.3.0/../../../../arm-none-eabi/lib\libc.a(lib_a-freer.o)
                0x0212da94                _free_r
 .text._fseek_r
                0x0212dd80       0x10 d:/devkitpror43/devkitarm/bin/../lib/gcc/arm-none-eabi/5.3.0/../../../../arm-none-eabi/lib\libc.a(lib_a-fseek.o)
                0x0212dd80                _fseek_r
 .text.fseek    0x0212dd90       0x2c d:/devkitpror43/devkitarm/bin/../lib/gcc/arm-none-eabi/5.3.0/../../../../arm-none-eabi/lib\libc.a(lib_a-fseek.o)
                0x0212dd90                fseek
 .text._fseeko_r
                0x0212ddbc      0x4f0 d:/devkitpror43/devkitarm/bin/../lib/gcc/arm-none-eabi/5.3.0/../../../../arm-none-eabi/lib\libc.a(lib_a-fseeko.o)
                0x0212ddbc                _fseeko_r
 .text.ftell    0x0212e2ac       0x1c d:/devkitpror43/devkitarm/bin/../lib/gcc/arm-none-eabi/5.3.0/../../../../arm-none-eabi/lib\libc.a(lib_a-ftell.o)
                0x0212e2ac                ftell
 .text._ftello_r
                0x0212e2c8      0x16c d:/devkitpror43/devkitarm/bin/../lib/gcc/arm-none-eabi/5.3.0/../../../../arm-none-eabi/lib\libc.a(lib_a-ftello.o)
                0x0212e2c8                _ftello_r
 .text.__sfvwrite_r
                0x0212e434      0x4c8 d:/devkitpror43/devkitarm/bin/../lib/gcc/arm-none-eabi/5.3.0/../../../../arm-none-eabi/lib\libc.a(lib_a-fvwrite.o)
                0x0212e434                __sfvwrite_r
 .text._fwalk   0x0212e8fc       0x84 d:/devkitpror43/devkitarm/bin/../lib/gcc/arm-none-eabi/5.3.0/../../../../arm-none-eabi/lib\libc.a(lib_a-fwalk.o)
                0x0212e8fc                _fwalk
 .text._fwalk_reent
                0x0212e980       0x8c d:/devkitpror43/devkitarm/bin/../lib/gcc/arm-none-eabi/5.3.0/../../../../arm-none-eabi/lib\libc.a(lib_a-fwalk.o)
                0x0212e980                _fwalk_reent
 .text._fwrite_r
                0x0212ea0c      0x120 d:/devkitpror43/devkitarm/bin/../lib/gcc/arm-none-eabi/5.3.0/../../../../arm-none-eabi/lib\libc.a(lib_a-fwrite.o)
                0x0212ea0c                _fwrite_r
 .text.fwrite   0x0212eb2c       0x3c d:/devkitpror43/devkitarm/bin/../lib/gcc/arm-none-eabi/5.3.0/../../../../arm-none-eabi/lib\libc.a(lib_a-fwrite.o)
                0x0212eb2c                fwrite
 .text.__libc_init_array
                0x0212eb68       0x80 d:/devkitpror43/devkitarm/bin/../lib/gcc/arm-none-eabi/5.3.0/../../../../arm-none-eabi/lib\libc.a(lib_a-init.o)
                0x0212eb68                __libc_init_array
 .text.iprintf  0x0212ebe8       0x38 d:/devkitpror43/devkitarm/bin/../lib/gcc/arm-none-eabi/5.3.0/../../../../arm-none-eabi/lib\libc.a(lib_a-iprintf.o)
                0x0212ebe8                iprintf
 .text.localtime_r
                0x0212ec20      0x388 d:/devkitpror43/devkitarm/bin/../lib/gcc/arm-none-eabi/5.3.0/../../../../arm-none-eabi/lib\libc.a(lib_a-lcltime_r.o)
                0x0212ec20                localtime_r
 .text.__locale_charset
                0x0212efa8        0xc d:/devkitpror43/devkitarm/bin/../lib/gcc/arm-none-eabi/5.3.0/../../../../arm-none-eabi/lib\libc.a(lib_a-locale.o)
                0x0212efa8                __locale_charset
 .text.__locale_mb_cur_max
                0x0212efb4       0x10 d:/devkitpror43/devkitarm/bin/../lib/gcc/arm-none-eabi/5.3.0/../../../../arm-none-eabi/lib\libc.a(lib_a-locale.o)
                0x0212efb4                __locale_mb_cur_max
 .text._localeconv_r
                0x0212efc4        0xc d:/devkitpror43/devkitarm/bin/../lib/gcc/arm-none-eabi/5.3.0/../../../../arm-none-eabi/lib\libc.a(lib_a-locale.o)
                0x0212efc4                _localeconv_r
 .text.__smakebuf_r
                0x0212efd0      0x168 d:/devkitpror43/devkitarm/bin/../lib/gcc/arm-none-eabi/5.3.0/../../../../arm-none-eabi/lib\libc.a(lib_a-makebuf.o)
                0x0212efd0                __smakebuf_r
 .text.malloc   0x0212f138       0x1c d:/devkitpror43/devkitarm/bin/../lib/gcc/arm-none-eabi/5.3.0/../../../../arm-none-eabi/lib\libc.a(lib_a-malloc.o)
                0x0212f138                malloc
 .text.free     0x0212f154       0x1c d:/devkitpror43/devkitarm/bin/../lib/gcc/arm-none-eabi/5.3.0/../../../../arm-none-eabi/lib\libc.a(lib_a-malloc.o)
                0x0212f154                free
 .text._malloc_r
                0x0212f170      0x7a8 d:/devkitpror43/devkitarm/bin/../lib/gcc/arm-none-eabi/5.3.0/../../../../arm-none-eabi/lib\libc.a(lib_a-mallocr.o)
                0x0212f170                _malloc_r
 .text._mbrtowc_r
                0x0212f918       0xa4 d:/devkitpror43/devkitarm/bin/../lib/gcc/arm-none-eabi/5.3.0/../../../../arm-none-eabi/lib\libc.a(lib_a-mbrtowc.o)
                0x0212f918                _mbrtowc_r
 .text.mbrtowc  0x0212f9bc       0xa8 d:/devkitpror43/devkitarm/bin/../lib/gcc/arm-none-eabi/5.3.0/../../../../arm-none-eabi/lib\libc.a(lib_a-mbrtowc.o)
                0x0212f9bc                mbrtowc
 .text.mbsrtowcs
                0x0212fa64       0x3c d:/devkitpror43/devkitarm/bin/../lib/gcc/arm-none-eabi/5.3.0/../../../../arm-none-eabi/lib\libc.a(lib_a-mbsrtowcs.o)
                0x0212fa64                mbsrtowcs
 .text.__utf8_mbtowc
                0x0212faa0      0x304 d:/devkitpror43/devkitarm/bin/../lib/gcc/arm-none-eabi/5.3.0/../../../../arm-none-eabi/lib\libc.a(lib_a-mbtowc_r.o)
                0x0212faa0                __utf8_mbtowc
 .text.memchr   0x0212fda4      0x10c d:/devkitpror43/devkitarm/bin/../lib/gcc/arm-none-eabi/5.3.0/../../../../arm-none-eabi/lib\libc.a(lib_a-memchr.o)
                0x0212fda4                memchr
 .text.memcmp   0x0212feb0       0xb0 d:/devkitpror43/devkitarm/bin/../lib/gcc/arm-none-eabi/5.3.0/../../../../arm-none-eabi/lib\libc.a(lib_a-memcmp.o)
                0x0212feb0                memcmp
 .text.memcpy   0x0212ff60       0xf0 d:/devkitpror43/devkitarm/bin/../lib/gcc/arm-none-eabi/5.3.0/../../../../arm-none-eabi/lib\libc.a(lib_a-memcpy.o)
                0x0212ff60                memcpy
 .text.memmove  0x02130050      0x12c d:/devkitpror43/devkitarm/bin/../lib/gcc/arm-none-eabi/5.3.0/../../../../arm-none-eabi/lib\libc.a(lib_a-memmove.o)
                0x02130050                memmove
 .text.memset   0x0213017c       0xf4 d:/devkitpror43/devkitarm/bin/../lib/gcc/arm-none-eabi/5.3.0/../../../../arm-none-eabi/lib\libc.a(lib_a-memset.o)
                0x0213017c                memset
 .text.validate_structure
                0x02130270      0x340 d:/devkitpror43/devkitarm/bin/../lib/gcc/arm-none-eabi/5.3.0/../../../../arm-none-eabi/lib\libc.a(lib_a-mktime.o)
 .text.mktime   0x021305b0      0x504 d:/devkitpror43/devkitarm/bin/../lib/gcc/arm-none-eabi/5.3.0/../../../../arm-none-eabi/lib\libc.a(lib_a-mktime.o)
                0x021305b0                mktime
 .text.__malloc_lock
                0x02130ab4       0x18 d:/devkitpror43/devkitarm/bin/../lib/gcc/arm-none-eabi/5.3.0/../../../../arm-none-eabi/lib\libc.a(lib_a-mlock.o)
                0x02130ab4                __malloc_lock
 .text.__malloc_unlock
                0x02130acc       0x18 d:/devkitpror43/devkitarm/bin/../lib/gcc/arm-none-eabi/5.3.0/../../../../arm-none-eabi/lib\libc.a(lib_a-mlock.o)
                0x02130acc                __malloc_unlock
 .text.printf   0x02130ae4       0x38 d:/devkitpror43/devkitarm/bin/../lib/gcc/arm-none-eabi/5.3.0/../../../../arm-none-eabi/lib\libc.a(lib_a-printf.o)
                0x02130ae4                printf
 .text._realloc_r
                0x02130b1c      0x580 d:/devkitpror43/devkitarm/bin/../lib/gcc/arm-none-eabi/5.3.0/../../../../arm-none-eabi/lib\libc.a(lib_a-reallocr.o)
                0x02130b1c                _realloc_r
 .text.lflush   0x0213109c       0x28 d:/devkitpror43/devkitarm/bin/../lib/gcc/arm-none-eabi/5.3.0/../../../../arm-none-eabi/lib\libc.a(lib_a-refill.o)
 .text.__srefill_r
                0x021310c4      0x1e0 d:/devkitpror43/devkitarm/bin/../lib/gcc/arm-none-eabi/5.3.0/../../../../arm-none-eabi/lib\libc.a(lib_a-refill.o)
                0x021310c4                __srefill_r
 .text.setvbuf  0x021312a4      0x200 d:/devkitpror43/devkitarm/bin/../lib/gcc/arm-none-eabi/5.3.0/../../../../arm-none-eabi/lib\libc.a(lib_a-setvbuf.o)
                0x021312a4                setvbuf
 .text.siscanf  0x021314a4       0x74 d:/devkitpror43/devkitarm/bin/../lib/gcc/arm-none-eabi/5.3.0/../../../../arm-none-eabi/lib\libc.a(lib_a-siscanf.o)
                0x021314a4                siscanf
 .text.sprintf  0x02131518       0x68 d:/devkitpror43/devkitarm/bin/../lib/gcc/arm-none-eabi/5.3.0/../../../../arm-none-eabi/lib\libc.a(lib_a-sprintf.o)
                0x02131518                sprintf
 .text.sscanf   0x02131580       0x74 d:/devkitpror43/devkitarm/bin/../lib/gcc/arm-none-eabi/5.3.0/../../../../arm-none-eabi/lib\libc.a(lib_a-sscanf.o)
                0x02131580                sscanf
 .text.__sread  0x021315f4       0x34 d:/devkitpror43/devkitarm/bin/../lib/gcc/arm-none-eabi/5.3.0/../../../../arm-none-eabi/lib\libc.a(lib_a-stdio.o)
                0x021315f4                __sread
 .text.__seofread
                0x02131628        0x8 d:/devkitpror43/devkitarm/bin/../lib/gcc/arm-none-eabi/5.3.0/../../../../arm-none-eabi/lib\libc.a(lib_a-stdio.o)
                0x02131628                __seofread
 .text.__swrite
                0x02131630       0x58 d:/devkitpror43/devkitarm/bin/../lib/gcc/arm-none-eabi/5.3.0/../../../../arm-none-eabi/lib\libc.a(lib_a-stdio.o)
                0x02131630                __swrite
 .text.__sseek  0x02131688       0x30 d:/devkitpror43/devkitarm/bin/../lib/gcc/arm-none-eabi/5.3.0/../../../../arm-none-eabi/lib\libc.a(lib_a-stdio.o)
                0x02131688                __sseek
 .text.__sclose
                0x021316b8       0x14 d:/devkitpror43/devkitarm/bin/../lib/gcc/arm-none-eabi/5.3.0/../../../../arm-none-eabi/lib\libc.a(lib_a-stdio.o)
                0x021316b8                __sclose
 .text.strcasecmp
                0x021316cc       0x74 d:/devkitpror43/devkitarm/bin/../lib/gcc/arm-none-eabi/5.3.0/../../../../arm-none-eabi/lib\libc.a(lib_a-strcasecmp.o)
                0x021316cc                strcasecmp
 .text.strcat   0x02131740       0x84 d:/devkitpror43/devkitarm/bin/../lib/gcc/arm-none-eabi/5.3.0/../../../../arm-none-eabi/lib\libc.a(lib_a-strcat.o)
                0x02131740                strcat
 .text.strchr   0x021317c4      0x160 d:/devkitpror43/devkitarm/bin/../lib/gcc/arm-none-eabi/5.3.0/../../../../arm-none-eabi/lib\libc.a(lib_a-strchr.o)
                0x021317c4                strchr
 .text.strcpy   0x02131924       0xf0 d:/devkitpror43/devkitarm/bin/../lib/gcc/arm-none-eabi/5.3.0/../../../../arm-none-eabi/lib\libc.a(lib_a-strcpy.o)
                0x02131924                strcpy
 .text.strlen   0x02131a14       0x60 d:/devkitpror43/devkitarm/bin/../lib/gcc/arm-none-eabi/5.3.0/../../../../arm-none-eabi/lib\libc.a(lib_a-strlen.o)
                0x02131a14                strlen
 .text.strncasecmp
                0x02131a74       0x94 d:/devkitpror43/devkitarm/bin/../lib/gcc/arm-none-eabi/5.3.0/../../../../arm-none-eabi/lib\libc.a(lib_a-strncasecmp.o)
                0x02131a74                strncasecmp
 .text.strncmp  0x02131b08      0x124 d:/devkitpror43/devkitarm/bin/../lib/gcc/arm-none-eabi/5.3.0/../../../../arm-none-eabi/lib\libc.a(lib_a-strncmp.o)
                0x02131b08                strncmp
 .text.strncpy  0x02131c2c       0xe4 d:/devkitpror43/devkitarm/bin/../lib/gcc/arm-none-eabi/5.3.0/../../../../arm-none-eabi/lib\libc.a(lib_a-strncpy.o)
                0x02131c2c                strncpy
 .text.strnlen  0x02131d10       0x5c d:/devkitpror43/devkitarm/bin/../lib/gcc/arm-none-eabi/5.3.0/../../../../arm-none-eabi/lib\libc.a(lib_a-strnlen.o)
                0x02131d10                strnlen
 .text.strpbrk  0x02131d6c       0x7c d:/devkitpror43/devkitarm/bin/../lib/gcc/arm-none-eabi/5.3.0/../../../../arm-none-eabi/lib\libc.a(lib_a-strpbrk.o)
                0x02131d6c                strpbrk
 .text.strrchr  0x02131de8       0x54 d:/devkitpror43/devkitarm/bin/../lib/gcc/arm-none-eabi/5.3.0/../../../../arm-none-eabi/lib\libc.a(lib_a-strrchr.o)
                0x02131de8                strrchr
 .text._strtol_r
                0x02131e3c      0x1d4 d:/devkitpror43/devkitarm/bin/../lib/gcc/arm-none-eabi/5.3.0/../../../../arm-none-eabi/lib\libc.a(lib_a-strtol.o)
                0x02131e3c                _strtol_r
 .text._sungetc_r
                0x02132010      0x100 d:/devkitpror43/devkitarm/bin/../lib/gcc/arm-none-eabi/5.3.0/../../../../arm-none-eabi/lib\libc.a(lib_a-svfiscanf.o)
                0x02132010                _sungetc_r
 .text.__ssrefill_r
                0x02132110       0x6c d:/devkitpror43/devkitarm/bin/../lib/gcc/arm-none-eabi/5.3.0/../../../../arm-none-eabi/lib\libc.a(lib_a-svfiscanf.o)
                0x02132110                __ssrefill_r
 .text._sfread_r
                0x0213217c       0xdc d:/devkitpror43/devkitarm/bin/../lib/gcc/arm-none-eabi/5.3.0/../../../../arm-none-eabi/lib\libc.a(lib_a-svfiscanf.o)
                0x0213217c                _sfread_r
 .text.__ssvfiscanf_r
                0x02132258     0x21f0 d:/devkitpror43/devkitarm/bin/../lib/gcc/arm-none-eabi/5.3.0/../../../../arm-none-eabi/lib\libc.a(lib_a-svfiscanf.o)
                0x02132258                __ssvfiscanf_r
 .text.get_arg  0x02134448     0x1630 d:/devkitpror43/devkitarm/bin/../lib/gcc/arm-none-eabi/5.3.0/../../../../arm-none-eabi/lib\libc.a(lib_a-svfprintf.o)
 .text._svfprintf_r
                0x02135a78     0x46d8 d:/devkitpror43/devkitarm/bin/../lib/gcc/arm-none-eabi/5.3.0/../../../../arm-none-eabi/lib\libc.a(lib_a-svfprintf.o)
                0x02135a78                _svfprintf_r
 .text.__ssvfscanf_r
                0x0213a150     0x2c28 d:/devkitpror43/devkitarm/bin/../lib/gcc/arm-none-eabi/5.3.0/../../../../arm-none-eabi/lib\libc.a(lib_a-svfscanf.o)
                0x0213a150                __ssvfscanf_r
 .text.close    0x0213cd78       0x1c d:/devkitpror43/devkitarm/bin/../lib/gcc/arm-none-eabi/5.3.0/../../../../arm-none-eabi/lib\libc.a(lib_a-sysclose.o)
                0x0213cd78                close
 .text.read     0x0213cd94       0x2c d:/devkitpror43/devkitarm/bin/../lib/gcc/arm-none-eabi/5.3.0/../../../../arm-none-eabi/lib\libc.a(lib_a-sysread.o)
                0x0213cd94                read
 .text.sbrk     0x0213cdc0       0x1c d:/devkitpror43/devkitarm/bin/../lib/gcc/arm-none-eabi/5.3.0/../../../../arm-none-eabi/lib\libc.a(lib_a-syssbrk.o)
                0x0213cdc0                sbrk
 .text.write    0x0213cddc       0x2c d:/devkitpror43/devkitarm/bin/../lib/gcc/arm-none-eabi/5.3.0/../../../../arm-none-eabi/lib\libc.a(lib_a-syswrite.o)
                0x0213cddc                write
 .text.time     0x0213ce08       0x44 d:/devkitpror43/devkitarm/bin/../lib/gcc/arm-none-eabi/5.3.0/../../../../arm-none-eabi/lib\libc.a(lib_a-time.o)
                0x0213ce08                time
 .text.tolower  0x0213ce4c       0x24 d:/devkitpror43/devkitarm/bin/../lib/gcc/arm-none-eabi/5.3.0/../../../../arm-none-eabi/lib\libc.a(lib_a-tolower.o)
                0x0213ce4c                tolower
 .text.toupper  0x0213ce70       0x24 d:/devkitpror43/devkitarm/bin/../lib/gcc/arm-none-eabi/5.3.0/../../../../arm-none-eabi/lib\libc.a(lib_a-toupper.o)
                0x0213ce70                toupper
 .text.towlower
                0x0213ce94      0xf14 d:/devkitpror43/devkitarm/bin/../lib/gcc/arm-none-eabi/5.3.0/../../../../arm-none-eabi/lib\libc.a(lib_a-towlower.o)
                0x0213ce94                towlower
 .text.towupper
                0x0213dda8      0xdfc d:/devkitpror43/devkitarm/bin/../lib/gcc/arm-none-eabi/5.3.0/../../../../arm-none-eabi/lib\libc.a(lib_a-towupper.o)
                0x0213dda8                towupper
 .text.__tzcalc_limits
                0x0213eba4      0x238 d:/devkitpror43/devkitarm/bin/../lib/gcc/arm-none-eabi/5.3.0/../../../../arm-none-eabi/lib\libc.a(lib_a-tzcalc_limits.o)
                0x0213eba4                __tzcalc_limits
 .text.__tz_lock
                0x0213eddc       0x18 d:/devkitpror43/devkitarm/bin/../lib/gcc/arm-none-eabi/5.3.0/../../../../arm-none-eabi/lib\libc.a(lib_a-tzlock.o)
                0x0213eddc                __tz_lock
 .text.__tz_unlock
                0x0213edf4       0x18 d:/devkitpror43/devkitarm/bin/../lib/gcc/arm-none-eabi/5.3.0/../../../../arm-none-eabi/lib\libc.a(lib_a-tzlock.o)
                0x0213edf4                __tz_unlock
 .text.__submore
                0x0213ee0c       0xb0 d:/devkitpror43/devkitarm/bin/../lib/gcc/arm-none-eabi/5.3.0/../../../../arm-none-eabi/lib\libc.a(lib_a-ungetc.o)
                0x0213ee0c                __submore
 .text.get_arg  0x0213eebc     0x1630 d:/devkitpror43/devkitarm/bin/../lib/gcc/arm-none-eabi/5.3.0/../../../../arm-none-eabi/lib\libc.a(lib_a-vfiprintf.o)
 .text.__sprint_r.part.0
                0x021404ec       0xac d:/devkitpror43/devkitarm/bin/../lib/gcc/arm-none-eabi/5.3.0/../../../../arm-none-eabi/lib\libc.a(lib_a-vfiprintf.o)
 .text.__sprint_r
                0x02140598       0x18 d:/devkitpror43/devkitarm/bin/../lib/gcc/arm-none-eabi/5.3.0/../../../../arm-none-eabi/lib\libc.a(lib_a-vfiprintf.o)
                0x02140598                __sprint_r
 .text._vfiprintf_r
                0x021405b0     0x33a4 d:/devkitpror43/devkitarm/bin/../lib/gcc/arm-none-eabi/5.3.0/../../../../arm-none-eabi/lib\libc.a(lib_a-vfiprintf.o)
                0x021405b0                _vfiprintf_r
 .text.__sbprintf
                0x02143954       0xd0 d:/devkitpror43/devkitarm/bin/../lib/gcc/arm-none-eabi/5.3.0/../../../../arm-none-eabi/lib\libc.a(lib_a-vfiprintf.o)
 .text.get_arg  0x02143a24     0x1630 d:/devkitpror43/devkitarm/bin/../lib/gcc/arm-none-eabi/5.3.0/../../../../arm-none-eabi/lib\libc.a(lib_a-vfprintf.o)
 .text._vfprintf_r
                0x02145054     0x48b8 d:/devkitpror43/devkitarm/bin/../lib/gcc/arm-none-eabi/5.3.0/../../../../arm-none-eabi/lib\libc.a(lib_a-vfprintf.o)
                0x02145054                _vfprintf_r
 .text.__sbprintf
                0x0214990c       0xd0 d:/devkitpror43/devkitarm/bin/../lib/gcc/arm-none-eabi/5.3.0/../../../../arm-none-eabi/lib\libc.a(lib_a-vfprintf.o)
 .text._vsnprintf_r
                0x021499dc       0xb8 d:/devkitpror43/devkitarm/bin/../lib/gcc/arm-none-eabi/5.3.0/../../../../arm-none-eabi/lib\libc.a(lib_a-vsnprintf.o)
                0x021499dc                _vsnprintf_r
 .text.vsnprintf
                0x02149a94       0x3c d:/devkitpror43/devkitarm/bin/../lib/gcc/arm-none-eabi/5.3.0/../../../../arm-none-eabi/lib\libc.a(lib_a-vsnprintf.o)
                0x02149a94                vsnprintf
 .text._wcrtomb_r
                0x02149ad0       0x98 d:/devkitpror43/devkitarm/bin/../lib/gcc/arm-none-eabi/5.3.0/../../../../arm-none-eabi/lib\libc.a(lib_a-wcrtomb.o)
                0x02149ad0                _wcrtomb_r
 .text.wcrtomb  0x02149b68       0xa0 d:/devkitpror43/devkitarm/bin/../lib/gcc/arm-none-eabi/5.3.0/../../../../arm-none-eabi/lib\libc.a(lib_a-wcrtomb.o)
                0x02149b68                wcrtomb
 .text._wcsrtombs_r
                0x02149c08       0x24 d:/devkitpror43/devkitarm/bin/../lib/gcc/arm-none-eabi/5.3.0/../../../../arm-none-eabi/lib\libc.a(lib_a-wcsrtombs.o)
                0x02149c08                _wcsrtombs_r
 .text.wctob    0x02149c2c       0x84 d:/devkitpror43/devkitarm/bin/../lib/gcc/arm-none-eabi/5.3.0/../../../../arm-none-eabi/lib\libc.a(lib_a-wctob.o)
                0x02149c2c                wctob
 .text.__utf8_wctomb
                0x02149cb0      0x114 d:/devkitpror43/devkitarm/bin/../lib/gcc/arm-none-eabi/5.3.0/../../../../arm-none-eabi/lib\libc.a(lib_a-wctomb_r.o)
                0x02149cb0                __utf8_wctomb
 .text.__swsetup_r
                0x02149dc4      0x150 d:/devkitpror43/devkitarm/bin/../lib/gcc/arm-none-eabi/5.3.0/../../../../arm-none-eabi/lib\libc.a(lib_a-wsetup.o)
                0x02149dc4                __swsetup_r
 .text.abort    0x02149f14       0x14 d:/devkitpror43/devkitarm/bin/../lib/gcc/arm-none-eabi/5.3.0/../../../../arm-none-eabi/lib\libc.a(lib_a-abort.o)
                0x02149f14                abort
 .text.div      0x02149f28       0x64 d:/devkitpror43/devkitarm/bin/../lib/gcc/arm-none-eabi/5.3.0/../../../../arm-none-eabi/lib\libc.a(lib_a-div.o)
                0x02149f28                div
 .text.quorem   0x02149f8c      0x1d8 d:/devkitpror43/devkitarm/bin/../lib/gcc/arm-none-eabi/5.3.0/../../../../arm-none-eabi/lib\libc.a(lib_a-dtoa.o)
 *fill*         0x0214a164        0x4 ff
 .text._dtoa_r  0x0214a168     0x16e0 d:/devkitpror43/devkitarm/bin/../lib/gcc/arm-none-eabi/5.3.0/../../../../arm-none-eabi/lib\libc.a(lib_a-dtoa.o)
                0x0214a168                _dtoa_r
 .text.__sflags
                0x0214b848       0xb8 d:/devkitpror43/devkitarm/bin/../lib/gcc/arm-none-eabi/5.3.0/../../../../arm-none-eabi/lib\libc.a(lib_a-flags.o)
                0x0214b848                __sflags
 .text.__fputwc
                0x0214b900      0x130 d:/devkitpror43/devkitarm/bin/../lib/gcc/arm-none-eabi/5.3.0/../../../../arm-none-eabi/lib\libc.a(lib_a-fputwc.o)
                0x0214b900                __fputwc
 .text._fputwc_r
                0x0214ba30       0xb0 d:/devkitpror43/devkitarm/bin/../lib/gcc/arm-none-eabi/5.3.0/../../../../arm-none-eabi/lib\libc.a(lib_a-fputwc.o)
                0x0214ba30                _fputwc_r
 .text.__gettzinfo
                0x0214bae0        0xc d:/devkitpror43/devkitarm/bin/../lib/gcc/arm-none-eabi/5.3.0/../../../../arm-none-eabi/lib\libc.a(lib_a-gettzinfo.o)
                0x0214bae0                __gettzinfo
 .text.gmtime_r
                0x0214baec      0x224 d:/devkitpror43/devkitarm/bin/../lib/gcc/arm-none-eabi/5.3.0/../../../../arm-none-eabi/lib\libc.a(lib_a-gmtime_r.o)
                0x0214baec                gmtime_r
 .text.iswspace
                0x0214bd10       0x7c d:/devkitpror43/devkitarm/bin/../lib/gcc/arm-none-eabi/5.3.0/../../../../arm-none-eabi/lib\libc.a(lib_a-iswspace.o)
                0x0214bd10                iswspace
 .text.__jp2uc  0x0214bd8c      0x204 d:/devkitpror43/devkitarm/bin/../lib/gcc/arm-none-eabi/5.3.0/../../../../arm-none-eabi/lib\libc.a(lib_a-jp2uc.o)
 .text._jp2uc   0x0214bf90       0x7c d:/devkitpror43/devkitarm/bin/../lib/gcc/arm-none-eabi/5.3.0/../../../../arm-none-eabi/lib\libc.a(lib_a-jp2uc.o)
                0x0214bf90                _jp2uc
 .text._mbsnrtowcs_r
                0x0214c00c      0x100 d:/devkitpror43/devkitarm/bin/../lib/gcc/arm-none-eabi/5.3.0/../../../../arm-none-eabi/lib\libc.a(lib_a-mbsnrtowcs.o)
                0x0214c00c                _mbsnrtowcs_r
 .text._Balloc  0x0214c10c       0x90 d:/devkitpror43/devkitarm/bin/../lib/gcc/arm-none-eabi/5.3.0/../../../../arm-none-eabi/lib\libc.a(lib_a-mprec.o)
                0x0214c10c                _Balloc
 .text._Bfree   0x0214c19c       0x1c d:/devkitpror43/devkitarm/bin/../lib/gcc/arm-none-eabi/5.3.0/../../../../arm-none-eabi/lib\libc.a(lib_a-mprec.o)
                0x0214c19c                _Bfree
 .text.__multadd
                0x0214c1b8       0xdc d:/devkitpror43/devkitarm/bin/../lib/gcc/arm-none-eabi/5.3.0/../../../../arm-none-eabi/lib\libc.a(lib_a-mprec.o)
                0x0214c1b8                __multadd
 .text.__s2b    0x0214c294       0xe8 d:/devkitpror43/devkitarm/bin/../lib/gcc/arm-none-eabi/5.3.0/../../../../arm-none-eabi/lib\libc.a(lib_a-mprec.o)
                0x0214c294                __s2b
 .text.__hi0bits
                0x0214c37c       0x5c d:/devkitpror43/devkitarm/bin/../lib/gcc/arm-none-eabi/5.3.0/../../../../arm-none-eabi/lib\libc.a(lib_a-mprec.o)
                0x0214c37c                __hi0bits
 .text.__lo0bits
                0x0214c3d8       0x94 d:/devkitpror43/devkitarm/bin/../lib/gcc/arm-none-eabi/5.3.0/../../../../arm-none-eabi/lib\libc.a(lib_a-mprec.o)
                0x0214c3d8                __lo0bits
 .text.__i2b    0x0214c46c       0x24 d:/devkitpror43/devkitarm/bin/../lib/gcc/arm-none-eabi/5.3.0/../../../../arm-none-eabi/lib\libc.a(lib_a-mprec.o)
                0x0214c46c                __i2b
 .text.__multiply
                0x0214c490      0x1f0 d:/devkitpror43/devkitarm/bin/../lib/gcc/arm-none-eabi/5.3.0/../../../../arm-none-eabi/lib\libc.a(lib_a-mprec.o)
                0x0214c490                __multiply
 .text.__pow5mult
                0x0214c680      0x104 d:/devkitpror43/devkitarm/bin/../lib/gcc/arm-none-eabi/5.3.0/../../../../arm-none-eabi/lib\libc.a(lib_a-mprec.o)
                0x0214c680                __pow5mult
 .text.__lshift
                0x0214c784       0xf4 d:/devkitpror43/devkitarm/bin/../lib/gcc/arm-none-eabi/5.3.0/../../../../arm-none-eabi/lib\libc.a(lib_a-mprec.o)
                0x0214c784                __lshift
 .text.__mcmp   0x0214c878       0x64 d:/devkitpror43/devkitarm/bin/../lib/gcc/arm-none-eabi/5.3.0/../../../../arm-none-eabi/lib\libc.a(lib_a-mprec.o)
                0x0214c878                __mcmp
 .text.__mdiff  0x0214c8dc      0x1b0 d:/devkitpror43/devkitarm/bin/../lib/gcc/arm-none-eabi/5.3.0/../../../../arm-none-eabi/lib\libc.a(lib_a-mprec.o)
                0x0214c8dc                __mdiff
 .text.__ulp    0x0214ca8c       0x68 d:/devkitpror43/devkitarm/bin/../lib/gcc/arm-none-eabi/5.3.0/../../../../arm-none-eabi/lib\libc.a(lib_a-mprec.o)
                0x0214ca8c                __ulp
 .text.__b2d    0x0214caf4       0xf8 d:/devkitpror43/devkitarm/bin/../lib/gcc/arm-none-eabi/5.3.0/../../../../arm-none-eabi/lib\libc.a(lib_a-mprec.o)
                0x0214caf4                __b2d
 .text.__d2b    0x0214cbec      0x10c d:/devkitpror43/devkitarm/bin/../lib/gcc/arm-none-eabi/5.3.0/../../../../arm-none-eabi/lib\libc.a(lib_a-mprec.o)
                0x0214cbec                __d2b
 .text.__ratio  0x0214ccf8       0x98 d:/devkitpror43/devkitarm/bin/../lib/gcc/arm-none-eabi/5.3.0/../../../../arm-none-eabi/lib\libc.a(lib_a-mprec.o)
                0x0214ccf8                __ratio
 .text.__copybits
                0x0214cd90       0x70 d:/devkitpror43/devkitarm/bin/../lib/gcc/arm-none-eabi/5.3.0/../../../../arm-none-eabi/lib\libc.a(lib_a-mprec.o)
                0x0214cd90                __copybits
 .text.__any_on
                0x0214ce00       0x80 d:/devkitpror43/devkitarm/bin/../lib/gcc/arm-none-eabi/5.3.0/../../../../arm-none-eabi/lib\libc.a(lib_a-mprec.o)
                0x0214ce00                __any_on
 .text.__sccl   0x0214ce80       0xd4 d:/devkitpror43/devkitarm/bin/../lib/gcc/arm-none-eabi/5.3.0/../../../../arm-none-eabi/lib\libc.a(lib_a-sccl.o)
                0x0214ce80                __sccl
 .text.nanf     0x0214cf54        0xc d:/devkitpror43/devkitarm/bin/../lib/gcc/arm-none-eabi/5.3.0/../../../../arm-none-eabi/lib\libc.a(lib_a-sf_nan.o)
                0x0214cf54                nanf
 .text.frexp    0x0214cf60       0xa8 d:/devkitpror43/devkitarm/bin/../lib/gcc/arm-none-eabi/5.3.0/../../../../arm-none-eabi/lib\libc.a(lib_a-s_frexp.o)
                0x0214cf60                frexp
 .text._raise_r
                0x0214d008       0x98 d:/devkitpror43/devkitarm/bin/../lib/gcc/arm-none-eabi/5.3.0/../../../../arm-none-eabi/lib\libc.a(lib_a-signal.o)
                0x0214d008                _raise_r
 .text.raise    0x0214d0a0       0x18 d:/devkitpror43/devkitarm/bin/../lib/gcc/arm-none-eabi/5.3.0/../../../../arm-none-eabi/lib\libc.a(lib_a-signal.o)
                0x0214d0a0                raise
 .text.stpncpy  0x0214d0b8      0x110 d:/devkitpror43/devkitarm/bin/../lib/gcc/arm-none-eabi/5.3.0/../../../../arm-none-eabi/lib\libc.a(lib_a-stpncpy.o)
                0x0214d0b8                stpncpy
 .text.unlikely.sulp
                0x0214d1c8       0x6c d:/devkitpror43/devkitarm/bin/../lib/gcc/arm-none-eabi/5.3.0/../../../../arm-none-eabi/lib\libc.a(lib_a-strtod.o)
 *fill*         0x0214d234        0x4 ff
 .text._strtod_r
                0x0214d238     0x16a8 d:/devkitpror43/devkitarm/bin/../lib/gcc/arm-none-eabi/5.3.0/../../../../arm-none-eabi/lib\libc.a(lib_a-strtod.o)
                0x0214d238                _strtod_r
 .text._strtoll_r
                0x0214e8e0      0x280 d:/devkitpror43/devkitarm/bin/../lib/gcc/arm-none-eabi/5.3.0/../../../../arm-none-eabi/lib\libc.a(lib_a-strtoll_r.o)
                0x0214e8e0                _strtoll_r
 .text._strtoull_r
                0x0214eb60      0x270 d:/devkitpror43/devkitarm/bin/../lib/gcc/arm-none-eabi/5.3.0/../../../../arm-none-eabi/lib\libc.a(lib_a-strtoull_r.o)
                0x0214eb60                _strtoull_r
 .text._strtoul_r
                0x0214edd0      0x1d4 d:/devkitpror43/devkitarm/bin/../lib/gcc/arm-none-eabi/5.3.0/../../../../arm-none-eabi/lib\libc.a(lib_a-strtoul.o)
                0x0214edd0                _strtoul_r
 .text.__ssprint_r
                0x0214efa4      0x1b0 d:/devkitpror43/devkitarm/bin/../lib/gcc/arm-none-eabi/5.3.0/../../../../arm-none-eabi/lib\libc.a(lib_a-svfiprintf.o)
                0x0214efa4                __ssprint_r
 .text.__swbuf_r
                0x0214f154      0x128 d:/devkitpror43/devkitarm/bin/../lib/gcc/arm-none-eabi/5.3.0/../../../../arm-none-eabi/lib\libc.a(lib_a-wbuf.o)
                0x0214f154                __swbuf_r
 .text._wcsnrtombs_r
                0x0214f27c      0x1a4 d:/devkitpror43/devkitarm/bin/../lib/gcc/arm-none-eabi/5.3.0/../../../../arm-none-eabi/lib\libc.a(lib_a-wcsnrtombs.o)
                0x0214f27c                _wcsnrtombs_r
 .text.rshift   0x0214f420       0xf4 d:/devkitpror43/devkitarm/bin/../lib/gcc/arm-none-eabi/5.3.0/../../../../arm-none-eabi/lib\libc.a(lib_a-gdtoa-gethex.o)
 .text.__gethex
                0x0214f514      0x7e0 d:/devkitpror43/devkitarm/bin/../lib/gcc/arm-none-eabi/5.3.0/../../../../arm-none-eabi/lib\libc.a(lib_a-gdtoa-gethex.o)
                0x0214f514                __gethex
 .text.__hexnan
                0x0214fcf4      0x264 d:/devkitpror43/devkitarm/bin/../lib/gcc/arm-none-eabi/5.3.0/../../../../arm-none-eabi/lib\libc.a(lib_a-gdtoa-hexnan.o)
                0x0214fcf4                __hexnan
 .text.__hexnan.__stub
                0x0214ff58        0xc linker stubs
 *(.stub)
 *(.gnu.warning)
 *(.gnu.linkonce.t*)
 *(.glue_7)
 .glue_7        0x0214ff68        0x0 linker stubs
 *(.glue_7t)
 .glue_7t       0x0214ff68        0x0 linker stubs
                0x0214ff68                . = ALIGN (0x4)

.vfp11_veneer   0x0214ff68        0x0
 .vfp11_veneer  0x0214ff68        0x0 linker stubs

.v4_bx          0x0214ff68        0x0
 .v4_bx         0x0214ff68        0x0 linker stubs

.iplt           0x0214ff68        0x0
 .iplt          0x0214ff68        0x0 d:/devkitpror43/devkitarm/bin/../lib/gcc/arm-none-eabi/5.3.0/../../../../arm-none-eabi/lib/ds_arm9_crt0.o

.fini           0x0214ff68       0x18
 *(.fini)
 .fini          0x0214ff68        0xc d:/devkitpror43/devkitarm/bin/../lib/gcc/arm-none-eabi/5.3.0/crti.o
                0x0214ff68                _fini
 .fini          0x0214ff74        0xc d:/devkitpror43/devkitarm/bin/../lib/gcc/arm-none-eabi/5.3.0/crtn.o
                0x0214ff80                __text_end = .

.rodata         0x0214ff80     0x7044
 *(.rodata)
 .rodata        0x0214ff80     0x2004 default_font.bin.o
                0x0214ff80                default_font_bin
                0x02151f80                default_font_bin_size
                0x02151f80                default_font_bin_end
 .rodata        0x02151f84       0x5c Util.o
                0x02151f84                minilut
 .rodata        0x02151fe0       0x50 directory.o
 .rodata        0x02152030       0x10 disc.o
                0x02152030                _FAT_disc_interfaces
 .rodata        0x02152040       0x68 libfat.o
 .rodata        0x021520a8        0xb partition.o
 *fill*         0x021520b3        0x1 ff
 .rodata        0x021520b4       0xd0 console.o
 .rodata        0x02152184      0x308 trig.o
                0x02152184                SIN_LUT
                0x02152288                TAN_LUT
 .rodata        0x0215248c       0x68 d:/devkitpror43/devkitarm/bin/../lib/gcc/arm-none-eabi/5.3.0/../../../../arm-none-eabi/lib\libsysbase.a(iosupport.o)
                0x0215248c                dotab_stdnull
 .rodata        0x021524f4        0xc d:/devkitpror43/devkitarm/bin/../lib/gcc/arm-none-eabi/5.3.0/../../../../arm-none-eabi/lib\libsysbase.a(chdir.o)
                0x021524f4                DIRECTORY_PARENT
                0x021524f8                DIRECTORY_THIS
                0x021524fc                DIRECTORY_SEPARATOR
 *all.rodata*(*)
 *(.roda)
 *(.rodata.*)
 .rodata.str1.1
                0x02152500       0xbf GBA.arm.o
 .rodata.str1.1
                0x021525bf       0x19 RTC.o
 .rodata.str1.1
                0x021525d8        0x7 Sound.arm.o
 .rodata.str1.1
                0x021525df      0x23e Util.o
                                0x269 (size before relaxing)
 .rodata.str1.1
                0x0215281d       0x26 agbprint.o
 .rodata.str1.1
                0x02152843       0xf5 cpumg.o
                                 0xf8 (size before relaxing)
 .rodata.str1.1
                0x02152938       0x67 irqstuf.arm.o
                                 0x75 (size before relaxing)
 .rodata.str1.1
                0x0215299f       0xbd main.o
                                 0xd1 (size before relaxing)
 .rodata.str1.1
                0x02152a5c      0x156 mydebuger.o
                                0x1ae (size before relaxing)
 .rodata.str1.1
                0x02152bb2       0x59 anothercpu.arm.o
 .rodata.str1.1
                0x02152c0b      0x140 dswnifi_lib.o
                                0x14f (size before relaxing)
 .rodata.str1.1
                0x02152d4b       0x14 sgIP_DHCP.o
 .rodata.str1.1
                0x02152d5f       0x14 directory.o
                                  0x5 (size before relaxing)
 .rodata.str1.1
                0x02152d5f        0x4 disc.o
 .rodata.str1.1
                0x02152d63        0x5 fatdir.o
 .rodata.str1.1
                0x02152d68       0x23 fatfile.o
 .rodata.str1.1
                0x02152d8b        0x8 libfat.o
                                 0x11 (size before relaxing)
 .rodata.str1.1
                0x02152d93       0x82 background.o
 .rodata.str1.1
                0x02152e15      0x2ef console.o
                                0x364 (size before relaxing)
 .rodata.str1.1
                0x02153104       0x44 sassert.o
 .rodata.str1.1
                0x02153148        0xc fifo_handler.o
                                 0x13 (size before relaxing)
 .rodata.str1.4
                0x02153154        0x4 d:/devkitpror43/devkitarm/bin/../lib/gcc/arm-none-eabi/5.3.0/../../../../arm-none-eabi/lib\libm.a(lib_a-w_pow.o)
 .rodata.str1.4
                0x02153158        0x5 d:/devkitpror43/devkitarm/bin/../lib/gcc/arm-none-eabi/5.3.0/../../../../arm-none-eabi/lib\libm.a(lib_a-w_sqrt.o)
                                  0x8 (size before relaxing)
 .rodata.str1.4
                0x0215315d        0x5 d:/devkitpror43/devkitarm/bin/../lib/gcc/arm-none-eabi/5.3.0/../../../../arm-none-eabi/lib\libm.a(lib_a-e_pow.o)
                                  0x4 (size before relaxing)
 *fill*         0x0215315d        0x3 ff
 .rodata.TWO52  0x02153160       0x10 d:/devkitpror43/devkitarm/bin/../lib/gcc/arm-none-eabi/5.3.0/../../../../arm-none-eabi/lib\libm.a(lib_a-s_rint.o)
 .rodata.str1.4
                0x02153170       0x3f d:/devkitpror43/devkitarm/bin/../lib/gcc/arm-none-eabi/5.3.0/../../../../arm-none-eabi/lib\libc.a(lib_a-assert.o)
                                 0x44 (size before relaxing)
 *fill*         0x021531af        0x1 ff
 .rodata._ctype_
                0x021531b0      0x104 d:/devkitpror43/devkitarm/bin/../lib/gcc/arm-none-eabi/5.3.0/../../../../arm-none-eabi/lib\libc.a(lib_a-ctype_.o)
                0x021531b0                _ctype_
 .rodata.str1.4
                0x021532b4        0x2 d:/devkitpror43/devkitarm/bin/../lib/gcc/arm-none-eabi/5.3.0/../../../../arm-none-eabi/lib\libc.a(lib_a-impure.o)
                                  0x4 (size before relaxing)
 *fill*         0x021532b6        0x2 ff
 .rodata._global_impure_ptr
                0x021532b8        0x4 d:/devkitpror43/devkitarm/bin/../lib/gcc/arm-none-eabi/5.3.0/../../../../arm-none-eabi/lib\libc.a(lib_a-impure.o)
                0x021532b8                _global_impure_ptr
 .rodata.str1.4
                0x021532bc      0x126 d:/devkitpror43/devkitarm/bin/../lib/gcc/arm-none-eabi/5.3.0/../../../../arm-none-eabi/lib\libc.a(lib_a-locale.o)
                                0x130 (size before relaxing)
 .rodata.str1.4
                0x021533e2        0x4 d:/devkitpror43/devkitarm/bin/../lib/gcc/arm-none-eabi/5.3.0/../../../../arm-none-eabi/lib\libc.a(lib_a-mbrtowc.o)
 *fill*         0x021533e2        0x2 ff
 .rodata._DAYS_BEFORE_MONTH
                0x021533e4       0x30 d:/devkitpror43/devkitarm/bin/../lib/gcc/arm-none-eabi/5.3.0/../../../../arm-none-eabi/lib\libc.a(lib_a-mktime.o)
 .rodata.DAYS_IN_MONTH
                0x02153414       0x30 d:/devkitpror43/devkitarm/bin/../lib/gcc/arm-none-eabi/5.3.0/../../../../arm-none-eabi/lib\libc.a(lib_a-mktime.o)
 .rodata.__month_lengths
                0x02153444       0x60 d:/devkitpror43/devkitarm/bin/../lib/gcc/arm-none-eabi/5.3.0/../../../../arm-none-eabi/lib\libc.a(lib_a-month_lengths.o)
                0x02153444                __month_lengths
 .rodata.basefix.6493
                0x021534a4       0x24 d:/devkitpror43/devkitarm/bin/../lib/gcc/arm-none-eabi/5.3.0/../../../../arm-none-eabi/lib\libc.a(lib_a-svfiscanf.o)
 .rodata.blanks.7120
                0x021534c8       0x10 d:/devkitpror43/devkitarm/bin/../lib/gcc/arm-none-eabi/5.3.0/../../../../arm-none-eabi/lib\libc.a(lib_a-svfprintf.o)
 .rodata.str1.4
                0x021534d8       0x42 d:/devkitpror43/devkitarm/bin/../lib/gcc/arm-none-eabi/5.3.0/../../../../arm-none-eabi/lib\libc.a(lib_a-svfprintf.o)
                                 0x44 (size before relaxing)
 *fill*         0x0215351a        0x2 ff
 .rodata.zeroes.7121
                0x0215351c       0x10 d:/devkitpror43/devkitarm/bin/../lib/gcc/arm-none-eabi/5.3.0/../../../../arm-none-eabi/lib\libc.a(lib_a-svfprintf.o)
 .rodata.basefix.7042
                0x0215352c       0x24 d:/devkitpror43/devkitarm/bin/../lib/gcc/arm-none-eabi/5.3.0/../../../../arm-none-eabi/lib\libc.a(lib_a-svfscanf.o)
 .rodata.str1.4
                0x02153550        0x5 d:/devkitpror43/devkitarm/bin/../lib/gcc/arm-none-eabi/5.3.0/../../../../arm-none-eabi/lib\libc.a(lib_a-svfscanf.o)
                                  0x8 (size before relaxing)
 *fill*         0x02153555        0x3 ff
 .rodata.CSWTCH.1
                0x02153558      0x108 d:/devkitpror43/devkitarm/bin/../lib/gcc/arm-none-eabi/5.3.0/../../../../arm-none-eabi/lib\libc.a(lib_a-towupper.o)
 .rodata.blanks.7113
                0x02153660       0x10 d:/devkitpror43/devkitarm/bin/../lib/gcc/arm-none-eabi/5.3.0/../../../../arm-none-eabi/lib\libc.a(lib_a-vfiprintf.o)
 .rodata.str1.4
                0x02153670       0x30 d:/devkitpror43/devkitarm/bin/../lib/gcc/arm-none-eabi/5.3.0/../../../../arm-none-eabi/lib\libc.a(lib_a-vfiprintf.o)
 .rodata.zeroes.7114
                0x02153670       0x10 d:/devkitpror43/devkitarm/bin/../lib/gcc/arm-none-eabi/5.3.0/../../../../arm-none-eabi/lib\libc.a(lib_a-vfiprintf.o)
 .rodata.zeroes.7136
                0x02153680       0x10 d:/devkitpror43/devkitarm/bin/../lib/gcc/arm-none-eabi/5.3.0/../../../../arm-none-eabi/lib\libc.a(lib_a-vfprintf.o)
 .rodata.blanks.7135
                0x02153690       0x10 d:/devkitpror43/devkitarm/bin/../lib/gcc/arm-none-eabi/5.3.0/../../../../arm-none-eabi/lib\libc.a(lib_a-vfprintf.o)
 .rodata.str1.4
                0x021536a0       0x44 d:/devkitpror43/devkitarm/bin/../lib/gcc/arm-none-eabi/5.3.0/../../../../arm-none-eabi/lib\libc.a(lib_a-vfprintf.o)
 .rodata.str1.4
                0x021536a0       0x10 d:/devkitpror43/devkitarm/bin/../lib/gcc/arm-none-eabi/5.3.0/../../../../arm-none-eabi/lib\libc.a(lib_a-dtoa.o)
                                 0x14 (size before relaxing)
 .rodata.a1     0x021536b0       0xbc d:/devkitpror43/devkitarm/bin/../lib/gcc/arm-none-eabi/5.3.0/../../../../arm-none-eabi/lib\libc.a(lib_a-jp2uc.o)
 .rodata.a2     0x0215376c       0xbc d:/devkitpror43/devkitarm/bin/../lib/gcc/arm-none-eabi/5.3.0/../../../../arm-none-eabi/lib\libc.a(lib_a-jp2uc.o)
 .rodata.a3     0x02153828       0x5c d:/devkitpror43/devkitarm/bin/../lib/gcc/arm-none-eabi/5.3.0/../../../../arm-none-eabi/lib\libc.a(lib_a-jp2uc.o)
 .rodata.a6     0x02153884       0x70 d:/devkitpror43/devkitarm/bin/../lib/gcc/arm-none-eabi/5.3.0/../../../../arm-none-eabi/lib\libc.a(lib_a-jp2uc.o)
 .rodata.a7     0x021538f4       0xa4 d:/devkitpror43/devkitarm/bin/../lib/gcc/arm-none-eabi/5.3.0/../../../../arm-none-eabi/lib\libc.a(lib_a-jp2uc.o)
 .rodata.a8     0x02153998       0x40 d:/devkitpror43/devkitarm/bin/../lib/gcc/arm-none-eabi/5.3.0/../../../../arm-none-eabi/lib\libc.a(lib_a-jp2uc.o)
 .rodata.str1.4
                0x021539d8       0x14 d:/devkitpror43/devkitarm/bin/../lib/gcc/arm-none-eabi/5.3.0/../../../../arm-none-eabi/lib\libc.a(lib_a-jp2uc.o)
 .rodata.b02cf  0x021539d8     0x172c d:/devkitpror43/devkitarm/bin/../lib/gcc/arm-none-eabi/5.3.0/../../../../arm-none-eabi/lib\libc.a(lib_a-jp2uc.o)
 .rodata.d02f4  0x02155104     0x1a7c d:/devkitpror43/devkitarm/bin/../lib/gcc/arm-none-eabi/5.3.0/../../../../arm-none-eabi/lib\libc.a(lib_a-jp2uc.o)
 .rodata.p05.5410
                0x02156b80        0xc d:/devkitpror43/devkitarm/bin/../lib/gcc/arm-none-eabi/5.3.0/../../../../arm-none-eabi/lib\libc.a(lib_a-mprec.o)
 *fill*         0x02156b8c        0x4 ff
 .rodata.__mprec_bigtens
                0x02156b90       0x28 d:/devkitpror43/devkitarm/bin/../lib/gcc/arm-none-eabi/5.3.0/../../../../arm-none-eabi/lib\libc.a(lib_a-mprec.o)
                0x02156b90                __mprec_bigtens
 .rodata.__mprec_tens
                0x02156bb8       0xc8 d:/devkitpror43/devkitarm/bin/../lib/gcc/arm-none-eabi/5.3.0/../../../../arm-none-eabi/lib\libc.a(lib_a-mprec.o)
                0x02156bb8                __mprec_tens
 .rodata.fpinan.5415
                0x02156c80       0x14 d:/devkitpror43/devkitarm/bin/../lib/gcc/arm-none-eabi/5.3.0/../../../../arm-none-eabi/lib\libc.a(lib_a-strtod.o)
 .rodata.str1.4
                0x02156c94        0xf d:/devkitpror43/devkitarm/bin/../lib/gcc/arm-none-eabi/5.3.0/../../../../arm-none-eabi/lib\libc.a(lib_a-strtod.o)
                                 0x10 (size before relaxing)
 *fill*         0x02156ca3        0x5 ff
 .rodata.tinytens
                0x02156ca8       0x28 d:/devkitpror43/devkitarm/bin/../lib/gcc/arm-none-eabi/5.3.0/../../../../arm-none-eabi/lib\libc.a(lib_a-strtod.o)
 .rodata.fpi.5379
                0x02156cd0       0x14 d:/devkitpror43/devkitarm/bin/../lib/gcc/arm-none-eabi/5.3.0/../../../../arm-none-eabi/lib\libc.a(lib_a-strtod.o)
 .rodata.__state_table
                0x02156ce4       0x6c d:/devkitpror43/devkitarm/bin/../lib/gcc/arm-none-eabi/5.3.0/../../../../arm-none-eabi/lib\libc.a(lib_a-svfiprintf.o)
                0x02156ce4                __state_table
 .rodata.__chclass
                0x02156d50      0x100 d:/devkitpror43/devkitarm/bin/../lib/gcc/arm-none-eabi/5.3.0/../../../../arm-none-eabi/lib\libc.a(lib_a-svfiprintf.o)
                0x02156d50                __chclass
 .rodata.__action_table
                0x02156e50       0x6c d:/devkitpror43/devkitarm/bin/../lib/gcc/arm-none-eabi/5.3.0/../../../../arm-none-eabi/lib\libc.a(lib_a-svfiprintf.o)